Archive member included to satisfy reference by file (symbol)

/Applications/STM32CubeIDE.app/Contents/Eclipse/plugins/com.st.stm32cube.ide.mcu.externaltools.gnu-tools-for-stm32.9-2020-q2-update.macos64_1.5.0.202011040924/tools/bin/../lib/gcc/arm-none-eabi/9.3.1/../../../../arm-none-eabi/lib/thumb/v7e-m+fp/hard/libc_nano.a(lib_a-errno.o)
                              Core/Src/syscalls.o (__errno)
/Applications/STM32CubeIDE.app/Contents/Eclipse/plugins/com.st.stm32cube.ide.mcu.externaltools.gnu-tools-for-stm32.9-2020-q2-update.macos64_1.5.0.202011040924/tools/bin/../lib/gcc/arm-none-eabi/9.3.1/../../../../arm-none-eabi/lib/thumb/v7e-m+fp/hard/libc_nano.a(lib_a-exit.o)
                              /Applications/STM32CubeIDE.app/Contents/Eclipse/plugins/com.st.stm32cube.ide.mcu.externaltools.gnu-tools-for-stm32.9-2020-q2-update.macos64_1.5.0.202011040924/tools/bin/../lib/gcc/arm-none-eabi/9.3.1/../../../../arm-none-eabi/lib/thumb/v7e-m+fp/hard/crt0.o (exit)
/Applications/STM32CubeIDE.app/Contents/Eclipse/plugins/com.st.stm32cube.ide.mcu.externaltools.gnu-tools-for-stm32.9-2020-q2-update.macos64_1.5.0.202011040924/tools/bin/../lib/gcc/arm-none-eabi/9.3.1/../../../../arm-none-eabi/lib/thumb/v7e-m+fp/hard/libc_nano.a(lib_a-impure.o)
                              /Applications/STM32CubeIDE.app/Contents/Eclipse/plugins/com.st.stm32cube.ide.mcu.externaltools.gnu-tools-for-stm32.9-2020-q2-update.macos64_1.5.0.202011040924/tools/bin/../lib/gcc/arm-none-eabi/9.3.1/../../../../arm-none-eabi/lib/thumb/v7e-m+fp/hard/libc_nano.a(lib_a-exit.o) (_global_impure_ptr)
/Applications/STM32CubeIDE.app/Contents/Eclipse/plugins/com.st.stm32cube.ide.mcu.externaltools.gnu-tools-for-stm32.9-2020-q2-update.macos64_1.5.0.202011040924/tools/bin/../lib/gcc/arm-none-eabi/9.3.1/../../../../arm-none-eabi/lib/thumb/v7e-m+fp/hard/libc_nano.a(lib_a-init.o)
                              /Applications/STM32CubeIDE.app/Contents/Eclipse/plugins/com.st.stm32cube.ide.mcu.externaltools.gnu-tools-for-stm32.9-2020-q2-update.macos64_1.5.0.202011040924/tools/bin/../lib/gcc/arm-none-eabi/9.3.1/../../../../arm-none-eabi/lib/thumb/v7e-m+fp/hard/crt0.o (__libc_init_array)
/Applications/STM32CubeIDE.app/Contents/Eclipse/plugins/com.st.stm32cube.ide.mcu.externaltools.gnu-tools-for-stm32.9-2020-q2-update.macos64_1.5.0.202011040924/tools/bin/../lib/gcc/arm-none-eabi/9.3.1/../../../../arm-none-eabi/lib/thumb/v7e-m+fp/hard/libc_nano.a(lib_a-memcmp.o)
                              ThirdParty/SEGGER/OS/SEGGER_SYSVIEW_FreeRTOS.o (memcmp)
/Applications/STM32CubeIDE.app/Contents/Eclipse/plugins/com.st.stm32cube.ide.mcu.externaltools.gnu-tools-for-stm32.9-2020-q2-update.macos64_1.5.0.202011040924/tools/bin/../lib/gcc/arm-none-eabi/9.3.1/../../../../arm-none-eabi/lib/thumb/v7e-m+fp/hard/libc_nano.a(lib_a-memcpy-stub.o)
                              ThirdParty/FreeRTOS/queue.o (memcpy)
/Applications/STM32CubeIDE.app/Contents/Eclipse/plugins/com.st.stm32cube.ide.mcu.externaltools.gnu-tools-for-stm32.9-2020-q2-update.macos64_1.5.0.202011040924/tools/bin/../lib/gcc/arm-none-eabi/9.3.1/../../../../arm-none-eabi/lib/thumb/v7e-m+fp/hard/libc_nano.a(lib_a-memset.o)
                              /Applications/STM32CubeIDE.app/Contents/Eclipse/plugins/com.st.stm32cube.ide.mcu.externaltools.gnu-tools-for-stm32.9-2020-q2-update.macos64_1.5.0.202011040924/tools/bin/../lib/gcc/arm-none-eabi/9.3.1/../../../../arm-none-eabi/lib/thumb/v7e-m+fp/hard/crt0.o (memset)
/Applications/STM32CubeIDE.app/Contents/Eclipse/plugins/com.st.stm32cube.ide.mcu.externaltools.gnu-tools-for-stm32.9-2020-q2-update.macos64_1.5.0.202011040924/tools/bin/../lib/gcc/arm-none-eabi/9.3.1/../../../../arm-none-eabi/lib/thumb/v7e-m+fp/hard/libc_nano.a(lib_a-snprintf.o)
                              Core/Src/main.o (snprintf)
/Applications/STM32CubeIDE.app/Contents/Eclipse/plugins/com.st.stm32cube.ide.mcu.externaltools.gnu-tools-for-stm32.9-2020-q2-update.macos64_1.5.0.202011040924/tools/bin/../lib/gcc/arm-none-eabi/9.3.1/../../../../arm-none-eabi/lib/thumb/v7e-m+fp/hard/libc_nano.a(lib_a-strlen.o)
                              ThirdParty/SEGGER/SEGGER/SEGGER_RTT.o (strlen)
/Applications/STM32CubeIDE.app/Contents/Eclipse/plugins/com.st.stm32cube.ide.mcu.externaltools.gnu-tools-for-stm32.9-2020-q2-update.macos64_1.5.0.202011040924/tools/bin/../lib/gcc/arm-none-eabi/9.3.1/../../../../arm-none-eabi/lib/thumb/v7e-m+fp/hard/libc_nano.a(lib_a-nano-svfprintf.o)
                              /Applications/STM32CubeIDE.app/Contents/Eclipse/plugins/com.st.stm32cube.ide.mcu.externaltools.gnu-tools-for-stm32.9-2020-q2-update.macos64_1.5.0.202011040924/tools/bin/../lib/gcc/arm-none-eabi/9.3.1/../../../../arm-none-eabi/lib/thumb/v7e-m+fp/hard/libc_nano.a(lib_a-snprintf.o) (_svfprintf_r)
[...]
Memory Configuration

Name             Origin             Length             Attributes
CCMRAM           0x0000000010000000 0x0000000000010000 xrw
RAM              0x0000000020000000 0x0000000000020000 xrw
FLASH            0x0000000008000000 0x0000000000100000 xr
*default*        0x0000000000000000 0xffffffffffffffff

Linker script and memory map

LOAD /Applications/STM32CubeIDE.app/Contents/Eclipse/plugins/com.st.stm32cube.ide.mcu.externaltools.gnu-tools-for-stm32.9-2020-q2-update.macos64_1.5.0.202011040924/tools/bin/../lib/gcc/arm-none-eabi/9.3.1/thumb/v7e-m+fp/hard/crti.o
LOAD /Applications/STM32CubeIDE.app/Contents/Eclipse/plugins/com.st.stm32cube.ide.mcu.externaltools.gnu-tools-for-stm32.9-2020-q2-update.macos64_1.5.0.202011040924/tools/bin/../lib/gcc/arm-none-eabi/9.3.1/thumb/v7e-m+fp/hard/crtbegin.o
LOAD /Applications/STM32CubeIDE.app/Contents/Eclipse/plugins/com.st.stm32cube.ide.mcu.externaltools.gnu-tools-for-stm32.9-2020-q2-update.macos64_1.5.0.202011040924/tools/bin/../lib/gcc/arm-none-eabi/9.3.1/../../../../arm-none-eabi/lib/thumb/v7e-m+fp/hard/crt0.o
LOAD Core/Src/main.o
LOAD Core/Src/stm32f4xx_hal_msp.o
LOAD Core/Src/stm32f4xx_hal_timebase_tim.o
LOAD Core/Src/stm32f4xx_it.o
LOAD Core/Src/syscalls.o
LOAD Core/Src/system_stm32f4xx.o
LOAD Core/Startup/startup_stm32f407vgtx.o
LOAD Drivers/STM32F4xx_HAL_Driver/Src/stm32f4xx_hal.o
LOAD Drivers/STM32F4xx_HAL_Driver/Src/stm32f4xx_hal_cortex.o
LOAD Drivers/STM32F4xx_HAL_Driver/Src/stm32f4xx_hal_dma.o
LOAD Drivers/STM32F4xx_HAL_Driver/Src/stm32f4xx_hal_dma_ex.o
LOAD Drivers/STM32F4xx_HAL_Driver/Src/stm32f4xx_hal_exti.o
LOAD Drivers/STM32F4xx_HAL_Driver/Src/stm32f4xx_hal_flash.o
LOAD Drivers/STM32F4xx_HAL_Driver/Src/stm32f4xx_hal_flash_ex.o
LOAD Drivers/STM32F4xx_HAL_Driver/Src/stm32f4xx_hal_flash_ramfunc.o
LOAD Drivers/STM32F4xx_HAL_Driver/Src/stm32f4xx_hal_gpio.o
LOAD Drivers/STM32F4xx_HAL_Driver/Src/stm32f4xx_hal_pwr.o
LOAD Drivers/STM32F4xx_HAL_Driver/Src/stm32f4xx_hal_pwr_ex.o
LOAD Drivers/STM32F4xx_HAL_Driver/Src/stm32f4xx_hal_rcc.o
LOAD Drivers/STM32F4xx_HAL_Driver/Src/stm32f4xx_hal_rcc_ex.o
LOAD Drivers/STM32F4xx_HAL_Driver/Src/stm32f4xx_hal_tim.o
LOAD Drivers/STM32F4xx_HAL_Driver/Src/stm32f4xx_hal_tim_ex.o
LOAD ThirdParty/FreeRTOS/croutine.o
LOAD ThirdParty/FreeRTOS/event_groups.o
LOAD ThirdParty/FreeRTOS/list.o
LOAD ThirdParty/FreeRTOS/queue.o
LOAD ThirdParty/FreeRTOS/stream_buffer.o
LOAD ThirdParty/FreeRTOS/tasks.o
LOAD ThirdParty/FreeRTOS/timers.o
LOAD ThirdParty/FreeRTOS/portable/GCC/ARM_CM4F/port.o
LOAD ThirdParty/FreeRTOS/portable/MemMang/heap_4.o
LOAD ThirdParty/SEGGER/Config/SEGGER_SYSVIEW_Config_FreeRTOS.o
LOAD ThirdParty/SEGGER/OS/SEGGER_SYSVIEW_FreeRTOS.o
LOAD ThirdParty/SEGGER/SEGGER/SEGGER_RTT.o
LOAD ThirdParty/SEGGER/SEGGER/SEGGER_RTT_ASM_ARMv7M.o
LOAD ThirdParty/SEGGER/SEGGER/SEGGER_RTT_printf.o
LOAD ThirdParty/SEGGER/SEGGER/SEGGER_SYSVIEW.o
LOAD ThirdParty/SEGGER/SEGGER/Syscalls/SEGGER_RTT_Syscalls_GCC.o
START GROUP
LOAD /Applications/STM32CubeIDE.app/Contents/Eclipse/plugins/com.st.stm32cube.ide.mcu.externaltools.gnu-tools-for-stm32.9-2020-q2-update.macos64_1.5.0.202011040924/tools/bin/../lib/gcc/arm-none-eabi/9.3.1/../../../../arm-none-eabi/lib/thumb/v7e-m+fp/hard/libc_nano.a
LOAD /Applications/STM32CubeIDE.app/Contents/Eclipse/plugins/com.st.stm32cube.ide.mcu.externaltools.gnu-tools-for-stm32.9-2020-q2-update.macos64_1.5.0.202011040924/tools/bin/../lib/gcc/arm-none-eabi/9.3.1/../../../../arm-none-eabi/lib/thumb/v7e-m+fp/hard/libm.a
END GROUP
START GROUP
LOAD /Applications/STM32CubeIDE.app/Contents/Eclipse/plugins/com.st.stm32cube.ide.mcu.externaltools.gnu-tools-for-stm32.9-2020-q2-update.macos64_1.5.0.202011040924/tools/bin/../lib/gcc/arm-none-eabi/9.3.1/thumb/v7e-m+fp/hard/libgcc.a
LOAD /Applications/STM32CubeIDE.app/Contents/Eclipse/plugins/com.st.stm32cube.ide.mcu.externaltools.gnu-tools-for-stm32.9-2020-q2-update.macos64_1.5.0.202011040924/tools/bin/../lib/gcc/arm-none-eabi/9.3.1/../../../../arm-none-eabi/lib/thumb/v7e-m+fp/hard/libc_nano.a
END GROUP
START GROUP
LOAD /Applications/STM32CubeIDE.app/Contents/Eclipse/plugins/com.st.stm32cube.ide.mcu.externaltools.gnu-tools-for-stm32.9-2020-q2-update.macos64_1.5.0.202011040924/tools/bin/../lib/gcc/arm-none-eabi/9.3.1/thumb/v7e-m+fp/hard/libgcc.a
LOAD /Applications/STM32CubeIDE.app/Contents/Eclipse/plugins/com.st.stm32cube.ide.mcu.externaltools.gnu-tools-for-stm32.9-2020-q2-update.macos64_1.5.0.202011040924/tools/bin/../lib/gcc/arm-none-eabi/9.3.1/../../../../arm-none-eabi/lib/thumb/v7e-m+fp/hard/libc_nano.a
LOAD /Applications/STM32CubeIDE.app/Contents/Eclipse/plugins/com.st.stm32cube.ide.mcu.externaltools.gnu-tools-for-stm32.9-2020-q2-update.macos64_1.5.0.202011040924/tools/bin/../lib/gcc/arm-none-eabi/9.3.1/../../../../arm-none-eabi/lib/thumb/v7e-m+fp/hard/libnosys.a
END GROUP
START GROUP
LOAD /Applications/STM32CubeIDE.app/Contents/Eclipse/plugins/com.st.stm32cube.ide.mcu.externaltools.gnu-tools-for-stm32.9-2020-q2-update.macos64_1.5.0.202011040924/tools/bin/../lib/gcc/arm-none-eabi/9.3.1/thumb/v7e-m+fp/hard/libgcc.a
LOAD /Applications/STM32CubeIDE.app/Contents/Eclipse/plugins/com.st.stm32cube.ide.mcu.externaltools.gnu-tools-for-stm32.9-2020-q2-update.macos64_1.5.0.202011040924/tools/bin/../lib/gcc/arm-none-eabi/9.3.1/../../../../arm-none-eabi/lib/thumb/v7e-m+fp/hard/libc_nano.a
LOAD /Applications/STM32CubeIDE.app/Contents/Eclipse/plugins/com.st.stm32cube.ide.mcu.externaltools.gnu-tools-for-stm32.9-2020-q2-update.macos64_1.5.0.202011040924/tools/bin/../lib/gcc/arm-none-eabi/9.3.1/../../../../arm-none-eabi/lib/thumb/v7e-m+fp/hard/libnosys.a
END GROUP
LOAD /Applications/STM32CubeIDE.app/Contents/Eclipse/plugins/com.st.stm32cube.ide.mcu.externaltools.gnu-tools-for-stm32.9-2020-q2-update.macos64_1.5.0.202011040924/tools/bin/../lib/gcc/arm-none-eabi/9.3.1/thumb/v7e-m+fp/hard/crtend.o
LOAD /Applications/STM32CubeIDE.app/Contents/Eclipse/plugins/com.st.stm32cube.ide.mcu.externaltools.gnu-tools-for-stm32.9-2020-q2-update.macos64_1.5.0.202011040924/tools/bin/../lib/gcc/arm-none-eabi/9.3.1/thumb/v7e-m+fp/hard/crtn.o
                0x0000000020020000                _estack = (ORIGIN (RAM) + LENGTH (RAM))
                0x0000000000000200                _Min_Heap_Size = 0x200
                0x0000000000000400                _Min_Stack_Size = 0x400

.isr_vector     0x0000000008000000      0x188
                0x0000000008000000                . = ALIGN (0x4)
 *(.isr_vector)
 .isr_vector    0x0000000008000000      0x188 Core/Startup/startup_stm32f407vgtx.o
                0x0000000008000000                g_pfnVectors
                0x0000000008000188                . = ALIGN (0x4)

.text           0x0000000008000190     0x7234
                0x0000000008000190                . = ALIGN (0x4)
 *(.text)
 .text          0x0000000008000190       0x40 /Applications/STM32CubeIDE.app/Contents/Eclipse/plugins/com.st.stm32cube.ide.mcu.externaltools.gnu-tools-for-stm32.9-2020-q2-update.macos64_1.5.0.202011040924/tools/bin/../lib/gcc/arm-none-eabi/9.3.1/thumb/v7e-m+fp/hard/crtbegin.o
 .text          0x00000000080001d0       0x94 ThirdParty/SEGGER/SEGGER/SEGGER_RTT_ASM_ARMv7M.o
                0x00000000080001d0                SEGGER_RTT_ASM_WriteSkipNoLock
 *fill*         0x0000000008000264        0xc 
 .text          0x0000000008000270       0xa0 /Applications/STM32CubeIDE.app/Contents/Eclipse/plugins/com.st.stm32cube.ide.mcu.externaltools.gnu-tools-for-stm32.9-2020-q2-update.macos64_1.5.0.202011040924/tools/bin/../lib/gcc/arm-none-eabi/9.3.1/../../../../arm-none-eabi/lib/thumb/v7e-m+fp/hard/libc_nano.a(lib_a-memchr.o)
                0x0000000008000270                memchr
 .text          0x0000000008000310       0x30 /Applications/STM32CubeIDE.app/Contents/Eclipse/plugins/com.st.stm32cube.ide.mcu.externaltools.gnu-tools-for-stm32.9-2020-q2-update.macos64_1.5.0.202011040924/tools/bin/../lib/gcc/arm-none-eabi/9.3.1/thumb/v7e-m+fp/hard/libgcc.a(_aeabi_uldivmod.o)
                0x0000000008000310                __aeabi_uldivmod
 .text          0x0000000008000340      0x2c4 /Applications/STM32CubeIDE.app/Contents/Eclipse/plugins/com.st.stm32cube.ide.mcu.externaltools.gnu-tools-for-stm32.9-2020-q2-update.macos64_1.5.0.202011040924/tools/bin/../lib/gcc/arm-none-eabi/9.3.1/thumb/v7e-m+fp/hard/libgcc.a(_udivmoddi4.o)
                0x0000000008000340                __udivmoddi4
 .text          0x0000000008000604        0x4 /Applications/STM32CubeIDE.app/Contents/Eclipse/plugins/com.st.stm32cube.ide.mcu.externaltools.gnu-tools-for-stm32.9-2020-q2-update.macos64_1.5.0.202011040924/tools/bin/../lib/gcc/arm-none-eabi/9.3.1/thumb/v7e-m+fp/hard/libgcc.a(_dvmd_tls.o)
                0x0000000008000604                __aeabi_ldiv0
                0x0000000008000604                __aeabi_idiv0
 *(.text*)
 .text.main     0x0000000008000608       0xb0 Core/Src/main.o
                0x0000000008000608                main
 .text.SystemClock_Config
                0x00000000080006b8       0xd4 Core/Src/main.o
                0x00000000080006b8                SystemClock_Config
 .text.MX_GPIO_Init
                0x000000000800078c      0x2c0 Core/Src/main.o
 .text.task1_handler
                0x0000000008000a4c       0x3c Core/Src/main.o
 .text.task2_handler
                0x0000000008000a88       0x3c Core/Src/main.o
 .text.HAL_TIM_PeriodElapsedCallback
                0x0000000008000ac4       0x24 Core/Src/main.o
                0x0000000008000ac4                HAL_TIM_PeriodElapsedCallback
 .text.Error_Handler
                0x0000000008000ae8        0xa Core/Src/main.o
                0x0000000008000ae8                Error_Handler
 *fill*         0x0000000008000af2        0x2 
 .text.HAL_MspInit
                0x0000000008000af4       0x50 Core/Src/stm32f4xx_hal_msp.o
                0x0000000008000af4                HAL_MspInit
 .text.HAL_InitTick
                0x0000000008000b44       0xb4 Core/Src/stm32f4xx_hal_timebase_tim.o
                0x0000000008000b44                HAL_InitTick
 .text.NMI_Handler
                0x0000000008000bf8        0x6 Core/Src/stm32f4xx_it.o
                0x0000000008000bf8                NMI_Handler
 .text.HardFault_Handler
                0x0000000008000bfe        0x6 Core/Src/stm32f4xx_it.o
                0x0000000008000bfe                HardFault_Handler
 .text.MemManage_Handler
                0x0000000008000c04        0x6 Core/Src/stm32f4xx_it.o
                0x0000000008000c04                MemManage_Handler
 .text.BusFault_Handler
                0x0000000008000c0a        0x6 Core/Src/stm32f4xx_it.o
                0x0000000008000c0a                BusFault_Handler
 .text.UsageFault_Handler
                0x0000000008000c10        0x6 Core/Src/stm32f4xx_it.o
                0x0000000008000c10                UsageFault_Handler
 .text.DebugMon_Handler
                0x0000000008000c16        0xe Core/Src/stm32f4xx_it.o
                0x0000000008000c16                DebugMon_Handler
 .text.TIM6_DAC_IRQHandler
                0x0000000008000c24       0x14 Core/Src/stm32f4xx_it.o
                0x0000000008000c24                TIM6_DAC_IRQHandler
 .text.SystemInit
                0x0000000008000c38       0x24 Core/Src/system_stm32f4xx.o
                0x0000000008000c38                SystemInit
 .text.Reset_Handler
                0x0000000008000c5c       0x50 Core/Startup/startup_stm32f407vgtx.o
                0x0000000008000c5c                Reset_Handler
 .text.Default_Handler
                0x0000000008000cac        0x2 Core/Startup/startup_stm32f407vgtx.o
                0x0000000008000cac                DMA1_Stream3_IRQHandler
                0x0000000008000cac                HASH_RNG_IRQHandler
                0x0000000008000cac                EXTI2_IRQHandler
                0x0000000008000cac                TIM8_CC_IRQHandler
                0x0000000008000cac                TIM1_CC_IRQHandler
                0x0000000008000cac                DMA2_Stream5_IRQHandler
                0x0000000008000cac                DMA1_Stream5_IRQHandler
                0x0000000008000cac                PVD_IRQHandler
                0x0000000008000cac                SDIO_IRQHandler
                0x0000000008000cac                TAMP_STAMP_IRQHandler
                0x0000000008000cac                CAN2_RX1_IRQHandler
                0x0000000008000cac                EXTI3_IRQHandler
                0x0000000008000cac                TIM8_TRG_COM_TIM14_IRQHandler
                0x0000000008000cac                TIM1_UP_TIM10_IRQHandler
                0x0000000008000cac                TIM8_UP_TIM13_IRQHandler
                0x0000000008000cac                I2C3_ER_IRQHandler
                0x0000000008000cac                EXTI0_IRQHandler
                0x0000000008000cac                I2C2_EV_IRQHandler
                0x0000000008000cac                DMA1_Stream2_IRQHandler
                0x0000000008000cac                CAN1_RX0_IRQHandler
                0x0000000008000cac                FPU_IRQHandler
                0x0000000008000cac                OTG_HS_WKUP_IRQHandler
                0x0000000008000cac                CAN2_SCE_IRQHandler
                0x0000000008000cac                DMA2_Stream2_IRQHandler
                0x0000000008000cac                SPI1_IRQHandler
                0x0000000008000cac                TIM1_BRK_TIM9_IRQHandler
                0x0000000008000cac                DCMI_IRQHandler
                0x0000000008000cac                CAN2_RX0_IRQHandler
                0x0000000008000cac                DMA2_Stream3_IRQHandler
                0x0000000008000cac                USART6_IRQHandler
                0x0000000008000cac                USART3_IRQHandler
                0x0000000008000cac                CAN1_RX1_IRQHandler
                0x0000000008000cac                UART5_IRQHandler
                0x0000000008000cac                DMA2_Stream0_IRQHandler
                0x0000000008000cac                TIM4_IRQHandler
                0x0000000008000cac                I2C1_EV_IRQHandler
                0x0000000008000cac                DMA1_Stream6_IRQHandler
                0x0000000008000cac                DMA1_Stream1_IRQHandler
                0x0000000008000cac                UART4_IRQHandler
                0x0000000008000cac                TIM3_IRQHandler
                0x0000000008000cac                RCC_IRQHandler
                0x0000000008000cac                TIM8_BRK_TIM12_IRQHandler
                0x0000000008000cac                Default_Handler
                0x0000000008000cac                EXTI15_10_IRQHandler
                0x0000000008000cac                ADC_IRQHandler
                0x0000000008000cac                DMA1_Stream7_IRQHandler
                0x0000000008000cac                TIM7_IRQHandler
                0x0000000008000cac                CAN2_TX_IRQHandler
                0x0000000008000cac                TIM5_IRQHandler
                0x0000000008000cac                DMA2_Stream7_IRQHandler
                0x0000000008000cac                I2C3_EV_IRQHandler
                0x0000000008000cac                EXTI9_5_IRQHandler
                0x0000000008000cac                RTC_WKUP_IRQHandler
                0x0000000008000cac                ETH_WKUP_IRQHandler
                0x0000000008000cac                SPI2_IRQHandler
                0x0000000008000cac                OTG_HS_EP1_IN_IRQHandler
                0x0000000008000cac                DMA1_Stream0_IRQHandler
                0x0000000008000cac                CAN1_TX_IRQHandler
                0x0000000008000cac                EXTI4_IRQHandler
                0x0000000008000cac                FSMC_IRQHandler
                0x0000000008000cac                ETH_IRQHandler
                0x0000000008000cac                OTG_HS_EP1_OUT_IRQHandler
                0x0000000008000cac                WWDG_IRQHandler
                0x0000000008000cac                TIM2_IRQHandler
                0x0000000008000cac                OTG_FS_WKUP_IRQHandler
                0x0000000008000cac                TIM1_TRG_COM_TIM11_IRQHandler
                0x0000000008000cac                OTG_HS_IRQHandler
                0x0000000008000cac                EXTI1_IRQHandler
                0x0000000008000cac                USART2_IRQHandler
                0x0000000008000cac                I2C2_ER_IRQHandler
                0x0000000008000cac                DMA2_Stream1_IRQHandler
                0x0000000008000cac                CAN1_SCE_IRQHandler
                0x0000000008000cac                FLASH_IRQHandler
                0x0000000008000cac                DMA2_Stream4_IRQHandler
                0x0000000008000cac                USART1_IRQHandler
                0x0000000008000cac                OTG_FS_IRQHandler
                0x0000000008000cac                SPI3_IRQHandler
                0x0000000008000cac                DMA1_Stream4_IRQHandler
                0x0000000008000cac                I2C1_ER_IRQHandler
                0x0000000008000cac                DMA2_Stream6_IRQHandler
                0x0000000008000cac                RTC_Alarm_IRQHandler
 *fill*         0x0000000008000cae        0x2 
 .text.HAL_Init
                0x0000000008000cb0       0x44 Drivers/STM32F4xx_HAL_Driver/Src/stm32f4xx_hal.o
                0x0000000008000cb0                HAL_Init
 .text.HAL_IncTick
                0x0000000008000cf4       0x28 Drivers/STM32F4xx_HAL_Driver/Src/stm32f4xx_hal.o
                0x0000000008000cf4                HAL_IncTick
 .text.HAL_GetTick
                0x0000000008000d1c       0x18 Drivers/STM32F4xx_HAL_Driver/Src/stm32f4xx_hal.o
                0x0000000008000d1c                HAL_GetTick
 .text.__NVIC_SetPriorityGrouping
                0x0000000008000d34       0x48 Drivers/STM32F4xx_HAL_Driver/Src/stm32f4xx_hal_cortex.o
 .text.__NVIC_GetPriorityGrouping
                0x0000000008000d7c       0x1c Drivers/STM32F4xx_HAL_Driver/Src/stm32f4xx_hal_cortex.o
 .text.__NVIC_EnableIRQ
                0x0000000008000d98       0x3c Drivers/STM32F4xx_HAL_Driver/Src/stm32f4xx_hal_cortex.o
 .text.__NVIC_SetPriority
                0x0000000008000dd4       0x54 Drivers/STM32F4xx_HAL_Driver/Src/stm32f4xx_hal_cortex.o
 .text.NVIC_EncodePriority
                0x0000000008000e28       0x66 Drivers/STM32F4xx_HAL_Driver/Src/stm32f4xx_hal_cortex.o
 .text.HAL_NVIC_SetPriorityGrouping
                0x0000000008000e8e       0x16 Drivers/STM32F4xx_HAL_Driver/Src/stm32f4xx_hal_cortex.o
                0x0000000008000e8e                HAL_NVIC_SetPriorityGrouping
 .text.HAL_NVIC_SetPriority
                0x0000000008000ea4       0x38 Drivers/STM32F4xx_HAL_Driver/Src/stm32f4xx_hal_cortex.o
                0x0000000008000ea4                HAL_NVIC_SetPriority
 .text.HAL_NVIC_EnableIRQ
                0x0000000008000edc       0x1c Drivers/STM32F4xx_HAL_Driver/Src/stm32f4xx_hal_cortex.o
                0x0000000008000edc                HAL_NVIC_EnableIRQ
 .text.HAL_GPIO_Init
                0x0000000008000ef8      0x338 Drivers/STM32F4xx_HAL_Driver/Src/stm32f4xx_hal_gpio.o
                0x0000000008000ef8                HAL_GPIO_Init
 .text.HAL_GPIO_WritePin
                0x0000000008001230       0x32 Drivers/STM32F4xx_HAL_Driver/Src/stm32f4xx_hal_gpio.o
                0x0000000008001230                HAL_GPIO_WritePin
 *fill*         0x0000000008001262        0x2 
 .text.HAL_RCC_OscConfig
                0x0000000008001264      0x4f0 Drivers/STM32F4xx_HAL_Driver/Src/stm32f4xx_hal_rcc.o
                0x0000000008001264                HAL_RCC_OscConfig
 .text.HAL_RCC_ClockConfig
                0x0000000008001754      0x1cc Drivers/STM32F4xx_HAL_Driver/Src/stm32f4xx_hal_rcc.o
                0x0000000008001754                HAL_RCC_ClockConfig
 .text.HAL_RCC_GetSysClockFreq
                0x0000000008001920      0x1c4 Drivers/STM32F4xx_HAL_Driver/Src/stm32f4xx_hal_rcc.o
                0x0000000008001920                HAL_RCC_GetSysClockFreq
 .text.HAL_RCC_GetHCLKFreq
                0x0000000008001ae4       0x18 Drivers/STM32F4xx_HAL_Driver/Src/stm32f4xx_hal_rcc.o
                0x0000000008001ae4                HAL_RCC_GetHCLKFreq
 .text.HAL_RCC_GetPCLK1Freq
                0x0000000008001afc       0x28 Drivers/STM32F4xx_HAL_Driver/Src/stm32f4xx_hal_rcc.o
                0x0000000008001afc                HAL_RCC_GetPCLK1Freq
 .text.HAL_RCC_GetClockConfig
                0x0000000008001b24       0x64 Drivers/STM32F4xx_HAL_Driver/Src/stm32f4xx_hal_rcc.o
                0x0000000008001b24                HAL_RCC_GetClockConfig
 .text.HAL_TIM_Base_Init
                0x0000000008001b88       0x9e Drivers/STM32F4xx_HAL_Driver/Src/stm32f4xx_hal_tim.o
                0x0000000008001b88                HAL_TIM_Base_Init
 .text.HAL_TIM_Base_MspInit
                0x0000000008001c26       0x14 Drivers/STM32F4xx_HAL_Driver/Src/stm32f4xx_hal_tim.o
                0x0000000008001c26                HAL_TIM_Base_MspInit
 *fill*         0x0000000008001c3a        0x2 
 .text.HAL_TIM_Base_Start_IT
                0x0000000008001c3c       0xe0 Drivers/STM32F4xx_HAL_Driver/Src/stm32f4xx_hal_tim.o
                0x0000000008001c3c                HAL_TIM_Base_Start_IT
 .text.HAL_TIM_IRQHandler
                0x0000000008001d1c      0x210 Drivers/STM32F4xx_HAL_Driver/Src/stm32f4xx_hal_tim.o
                0x0000000008001d1c                HAL_TIM_IRQHandler
 .text.HAL_TIM_OC_DelayElapsedCallback
                0x0000000008001f2c       0x14 Drivers/STM32F4xx_HAL_Driver/Src/stm32f4xx_hal_tim.o
                0x0000000008001f2c                HAL_TIM_OC_DelayElapsedCallback
 .text.HAL_TIM_IC_CaptureCallback
                0x0000000008001f40       0x14 Drivers/STM32F4xx_HAL_Driver/Src/stm32f4xx_hal_tim.o
                0x0000000008001f40                HAL_TIM_IC_CaptureCallback
 .text.HAL_TIM_PWM_PulseFinishedCallback
                0x0000000008001f54       0x14 Drivers/STM32F4xx_HAL_Driver/Src/stm32f4xx_hal_tim.o
                0x0000000008001f54                HAL_TIM_PWM_PulseFinishedCallback
 .text.HAL_TIM_TriggerCallback
                0x0000000008001f68       0x14 Drivers/STM32F4xx_HAL_Driver/Src/stm32f4xx_hal_tim.o
                0x0000000008001f68                HAL_TIM_TriggerCallback
 .text.TIM_Base_SetConfig
                0x0000000008001f7c      0x140 Drivers/STM32F4xx_HAL_Driver/Src/stm32f4xx_hal_tim.o
                0x0000000008001f7c                TIM_Base_SetConfig
 .text.HAL_TIMEx_CommutCallback
                0x00000000080020bc       0x14 Drivers/STM32F4xx_HAL_Driver/Src/stm32f4xx_hal_tim_ex.o
                0x00000000080020bc                HAL_TIMEx_CommutCallback
 .text.HAL_TIMEx_BreakCallback
                0x00000000080020d0       0x14 Drivers/STM32F4xx_HAL_Driver/Src/stm32f4xx_hal_tim_ex.o
                0x00000000080020d0                HAL_TIMEx_BreakCallback
 .text.vListInitialise
                0x00000000080020e4       0x40 ThirdParty/FreeRTOS/list.o
                0x00000000080020e4                vListInitialise
 .text.vListInitialiseItem
                0x0000000008002124       0x1a ThirdParty/FreeRTOS/list.o
                0x0000000008002124                vListInitialiseItem
 .text.vListInsertEnd
                0x000000000800213e       0x48 ThirdParty/FreeRTOS/list.o
                0x000000000800213e                vListInsertEnd
 .text.vListInsert
                0x0000000008002186       0x72 ThirdParty/FreeRTOS/list.o
                0x0000000008002186                vListInsert
 .text.uxListRemove
                0x00000000080021f8       0x54 ThirdParty/FreeRTOS/list.o
                0x00000000080021f8                uxListRemove
 .text.xQueueGenericReset
                0x000000000800224c       0xb6 ThirdParty/FreeRTOS/queue.o
                0x000000000800224c                xQueueGenericReset
 .text.xQueueGenericCreate
                0x0000000008002302       0xbe ThirdParty/FreeRTOS/queue.o
                0x0000000008002302                xQueueGenericCreate
 .text.prvInitialiseNewQueue
                0x00000000080023c0       0x52 ThirdParty/FreeRTOS/queue.o
 *fill*         0x0000000008002412        0x2 
 .text.xQueueGenericSend
                0x0000000008002414      0x21c ThirdParty/FreeRTOS/queue.o
                0x0000000008002414                xQueueGenericSend
 .text.xQueueGenericSendFromISR
                0x0000000008002630      0x17c ThirdParty/FreeRTOS/queue.o
                0x0000000008002630                xQueueGenericSendFromISR
 .text.xQueueReceive
                0x00000000080027ac      0x20c ThirdParty/FreeRTOS/queue.o
                0x00000000080027ac                xQueueReceive
 .text.prvCopyDataToQueue
                0x00000000080029b8       0xd4 ThirdParty/FreeRTOS/queue.o
 .text.prvCopyDataFromQueue
                0x0000000008002a8c       0x4c ThirdParty/FreeRTOS/queue.o
 .text.prvUnlockQueue
                0x0000000008002ad8       0xa4 ThirdParty/FreeRTOS/queue.o
 .text.prvIsQueueEmpty
                0x0000000008002b7c       0x2c ThirdParty/FreeRTOS/queue.o
 .text.prvIsQueueFull
                0x0000000008002ba8       0x30 ThirdParty/FreeRTOS/queue.o
 .text.vQueueAddToRegistry
                0x0000000008002bd8       0x64 ThirdParty/FreeRTOS/queue.o
                0x0000000008002bd8                vQueueAddToRegistry
 .text.vQueueWaitForMessageRestricted
                0x0000000008002c3c       0x68 ThirdParty/FreeRTOS/queue.o
                0x0000000008002c3c                vQueueWaitForMessageRestricted
 .text.xTaskCreate
                0x0000000008002ca4       0x82 ThirdParty/FreeRTOS/tasks.o
                0x0000000008002ca4                xTaskCreate
 .text.prvInitialiseNewTask
                0x0000000008002d26      0x12c ThirdParty/FreeRTOS/tasks.o
 *fill*         0x0000000008002e52        0x2 
 .text.prvAddNewTaskToReadyList
                0x0000000008002e54       0xfc ThirdParty/FreeRTOS/tasks.o
 .text.vTaskStartScheduler
                0x0000000008002f50       0xc4 ThirdParty/FreeRTOS/tasks.o
                0x0000000008002f50                vTaskStartScheduler
 .text.vTaskSuspendAll
                0x0000000008003014       0x1c ThirdParty/FreeRTOS/tasks.o
                0x0000000008003014                vTaskSuspendAll
 .text.xTaskResumeAll
                0x0000000008003030      0x124 ThirdParty/FreeRTOS/tasks.o
                0x0000000008003030                xTaskResumeAll
 .text.xTaskGetTickCount
                0x0000000008003154       0x20 ThirdParty/FreeRTOS/tasks.o
                0x0000000008003154                xTaskGetTickCount
 .text.xTaskGetTickCountFromISR
                0x0000000008003174       0x24 ThirdParty/FreeRTOS/tasks.o
                0x0000000008003174                xTaskGetTickCountFromISR
 .text.xTaskIncrementTick
                0x0000000008003198      0x134 ThirdParty/FreeRTOS/tasks.o
                0x0000000008003198                xTaskIncrementTick
 .text.vTaskSwitchContext
                0x00000000080032cc       0xd4 ThirdParty/FreeRTOS/tasks.o
                0x00000000080032cc                vTaskSwitchContext
 .text.vTaskPlaceOnEventList
                0x00000000080033a0       0x48 ThirdParty/FreeRTOS/tasks.o
                0x00000000080033a0                vTaskPlaceOnEventList
 .text.vTaskPlaceOnEventListRestricted
                0x00000000080033e8       0x5c ThirdParty/FreeRTOS/tasks.o
                0x00000000080033e8                vTaskPlaceOnEventListRestricted
 .text.xTaskRemoveFromEventList
                0x0000000008003444       0xcc ThirdParty/FreeRTOS/tasks.o
                0x0000000008003444                xTaskRemoveFromEventList
 .text.vTaskInternalSetTimeOutState
                0x0000000008003510       0x2c ThirdParty/FreeRTOS/tasks.o
                0x0000000008003510                vTaskInternalSetTimeOutState
 .text.xTaskCheckForTimeOut
                0x000000000800353c       0xcc ThirdParty/FreeRTOS/tasks.o
                0x000000000800353c                xTaskCheckForTimeOut
 .text.vTaskMissedYield
                0x0000000008003608       0x18 ThirdParty/FreeRTOS/tasks.o
                0x0000000008003608                vTaskMissedYield
 .text.prvIdleTask
                0x0000000008003620       0x24 ThirdParty/FreeRTOS/tasks.o
 .text.prvInitialiseTaskLists
                0x0000000008003644       0x80 ThirdParty/FreeRTOS/tasks.o
 .text.prvCheckTasksWaitingTermination
                0x00000000080036c4       0x5c ThirdParty/FreeRTOS/tasks.o
 .text.prvDeleteTCB
                0x0000000008003720       0x20 ThirdParty/FreeRTOS/tasks.o
 .text.prvResetNextTaskUnblockTime
                0x0000000008003740       0x38 ThirdParty/FreeRTOS/tasks.o
 .text.xTaskGetSchedulerState
                0x0000000008003778       0x3c ThirdParty/FreeRTOS/tasks.o
                0x0000000008003778                xTaskGetSchedulerState
 .text.xTaskPriorityDisinherit
                0x00000000080037b4      0x100 ThirdParty/FreeRTOS/tasks.o
                0x00000000080037b4                xTaskPriorityDisinherit
 .text.prvAddCurrentTaskToDelayedList
                0x00000000080038b4       0xf0 ThirdParty/FreeRTOS/tasks.o
 .text.xTimerCreateTimerTask
                0x00000000080039a4       0x64 ThirdParty/FreeRTOS/timers.o
                0x00000000080039a4                xTimerCreateTimerTask
 .text.xTimerGenericCommand
                0x0000000008003a08       0x9c ThirdParty/FreeRTOS/timers.o
                0x0000000008003a08                xTimerGenericCommand
 .text.prvProcessExpiredTimer
                0x0000000008003aa4       0x98 ThirdParty/FreeRTOS/timers.o
 .text.prvTimerTask
                0x0000000008003b3c       0x24 ThirdParty/FreeRTOS/timers.o
 .text.prvProcessTimerOrBlockTask
                0x0000000008003b60       0x9c ThirdParty/FreeRTOS/timers.o
 .text.prvGetNextExpireTime
                0x0000000008003bfc       0x48 ThirdParty/FreeRTOS/timers.o
 .text.prvSampleTimeNow
                0x0000000008003c44       0x40 ThirdParty/FreeRTOS/timers.o
 .text.prvInsertTimerInActiveList
                0x0000000008003c84       0x84 ThirdParty/FreeRTOS/timers.o
 .text.prvProcessReceivedCommands
                0x0000000008003d08      0x18c ThirdParty/FreeRTOS/timers.o
 .text.prvSwitchTimerLists
                0x0000000008003e94       0xc8 ThirdParty/FreeRTOS/timers.o
 .text.prvCheckForValidListAndQueue
                0x0000000008003f5c       0x6c ThirdParty/FreeRTOS/timers.o
 .text.pxPortInitialiseStack
                0x0000000008003fc8       0x68 ThirdParty/FreeRTOS/portable/GCC/ARM_CM4F/port.o
                0x0000000008003fc8                pxPortInitialiseStack
 .text.prvTaskExitError
                0x0000000008004030       0x58 ThirdParty/FreeRTOS/portable/GCC/ARM_CM4F/port.o
 *fill*         0x0000000008004088        0x8 
 .text.SVC_Handler
                0x0000000008004090       0x28 ThirdParty/FreeRTOS/portable/GCC/ARM_CM4F/port.o
                0x0000000008004090                SVC_Handler
 .text.prvPortStartFirstTask
                0x00000000080040b8       0x2c ThirdParty/FreeRTOS/portable/GCC/ARM_CM4F/port.o
 .text.xPortStartScheduler
                0x00000000080040e4      0x144 ThirdParty/FreeRTOS/portable/GCC/ARM_CM4F/port.o
                0x00000000080040e4                xPortStartScheduler
 .text.vInitPrioGroupValue
                0x0000000008004228       0xfc ThirdParty/FreeRTOS/portable/GCC/ARM_CM4F/port.o
                0x0000000008004228                vInitPrioGroupValue
 .text.vPortEnterCritical
                0x0000000008004324       0x60 ThirdParty/FreeRTOS/portable/GCC/ARM_CM4F/port.o
                0x0000000008004324                vPortEnterCritical
 .text.vPortExitCritical
                0x0000000008004384       0x54 ThirdParty/FreeRTOS/portable/GCC/ARM_CM4F/port.o
                0x0000000008004384                vPortExitCritical
 *fill*         0x00000000080043d8        0x8 
 .text.PendSV_Handler
                0x00000000080043e0       0x68 ThirdParty/FreeRTOS/portable/GCC/ARM_CM4F/port.o
                0x00000000080043e0                PendSV_Handler
 .text.SysTick_Handler
                0x0000000008004448       0x54 ThirdParty/FreeRTOS/portable/GCC/ARM_CM4F/port.o
                0x0000000008004448                SysTick_Handler
 .text.vPortSetupTimerInterrupt
                0x000000000800449c       0x48 ThirdParty/FreeRTOS/portable/GCC/ARM_CM4F/port.o
                0x000000000800449c                vPortSetupTimerInterrupt
 .text.vPortEnableVFP
                0x00000000080044e4       0x18 ThirdParty/FreeRTOS/portable/GCC/ARM_CM4F/port.o
 .text.vPortValidateInterruptPriority
                0x00000000080044fc       0x80 ThirdParty/FreeRTOS/portable/GCC/ARM_CM4F/port.o
                0x00000000080044fc                vPortValidateInterruptPriority
 .text.pvPortMalloc
                0x000000000800457c      0x1c0 ThirdParty/FreeRTOS/portable/MemMang/heap_4.o
                0x000000000800457c                pvPortMalloc
 .text.vPortFree
                0x000000000800473c       0xc4 ThirdParty/FreeRTOS/portable/MemMang/heap_4.o
                0x000000000800473c                vPortFree
 .text.prvHeapInit
                0x0000000008004800       0xc4 ThirdParty/FreeRTOS/portable/MemMang/heap_4.o
 .text.prvInsertBlockIntoFreeList
                0x00000000080048c4       0xb4 ThirdParty/FreeRTOS/portable/MemMang/heap_4.o
 .text._cbSendSystemDesc
                0x0000000008004978       0x1c ThirdParty/SEGGER/Config/SEGGER_SYSVIEW_Config_FreeRTOS.o
 .text.SEGGER_SYSVIEW_Conf
                0x0000000008004994       0x2c ThirdParty/SEGGER/Config/SEGGER_SYSVIEW_Config_FreeRTOS.o
                0x0000000008004994                SEGGER_SYSVIEW_Conf
 .text._cbSendTaskList
                0x00000000080049c0       0x90 ThirdParty/SEGGER/OS/SEGGER_SYSVIEW_FreeRTOS.o
 .text._cbGetTime
                0x0000000008004a50       0x78 ThirdParty/SEGGER/OS/SEGGER_SYSVIEW_FreeRTOS.o
 .text.SYSVIEW_AddTask
                0x0000000008004ac8       0xd0 ThirdParty/SEGGER/OS/SEGGER_SYSVIEW_FreeRTOS.o
                0x0000000008004ac8                SYSVIEW_AddTask
 .text.SYSVIEW_SendTaskInfo
                0x0000000008004b98       0x42 ThirdParty/SEGGER/OS/SEGGER_SYSVIEW_FreeRTOS.o
                0x0000000008004b98                SYSVIEW_SendTaskInfo
 *fill*         0x0000000008004bda        0x2 
 .text._DoInit  0x0000000008004bdc       0xb0 ThirdParty/SEGGER/SEGGER/SEGGER_RTT.o
 .text.SEGGER_RTT_ReadNoLock
                0x0000000008004c8c      0x10c ThirdParty/SEGGER/SEGGER/SEGGER_RTT.o
                0x0000000008004c8c                SEGGER_RTT_ReadNoLock
 .text.SEGGER_RTT_AllocUpBuffer
                0x0000000008004d98      0x108 ThirdParty/SEGGER/SEGGER/SEGGER_RTT.o
                0x0000000008004d98                SEGGER_RTT_AllocUpBuffer
 .text.SEGGER_RTT_ConfigDownBuffer
                0x0000000008004ea0       0x98 ThirdParty/SEGGER/SEGGER/SEGGER_RTT.o
                0x0000000008004ea0                SEGGER_RTT_ConfigDownBuffer
 .text._EncodeStr
                0x0000000008004f38       0xa0 ThirdParty/SEGGER/SEGGER/SEGGER_SYSVIEW.o
 .text._PreparePacket
                0x0000000008004fd8       0x18 ThirdParty/SEGGER/SEGGER/SEGGER_SYSVIEW.o
 .text._HandleIncomingPacket
                0x0000000008004ff0       0xe4 ThirdParty/SEGGER/SEGGER/SEGGER_SYSVIEW.o
 .text._TrySendOverflowPacket
                0x00000000080050d4       0xe4 ThirdParty/SEGGER/SEGGER/SEGGER_SYSVIEW.o
 .text._SendPacket
                0x00000000080051b8      0x1cc ThirdParty/SEGGER/SEGGER/SEGGER_SYSVIEW.o
 .text._StoreChar
                0x0000000008005384       0xf6 ThirdParty/SEGGER/SEGGER/SEGGER_SYSVIEW.o
 *fill*         0x000000000800547a        0x2 
 .text._PrintUnsigned
                0x000000000800547c      0x12c ThirdParty/SEGGER/SEGGER/SEGGER_SYSVIEW.o
 .text._PrintInt
                0x00000000080055a8      0x11e ThirdParty/SEGGER/SEGGER/SEGGER_SYSVIEW.o
 *fill*         0x00000000080056c6        0x2 
 .text._VPrintTarget
                0x00000000080056c8      0x3f0 ThirdParty/SEGGER/SEGGER/SEGGER_SYSVIEW.o
 .text.SEGGER_SYSVIEW_Init
                0x0000000008005ab8       0x88 ThirdParty/SEGGER/SEGGER/SEGGER_SYSVIEW.o
                0x0000000008005ab8                SEGGER_SYSVIEW_Init
 .text.SEGGER_SYSVIEW_SetRAMBase
                0x0000000008005b40       0x20 ThirdParty/SEGGER/SEGGER/SEGGER_SYSVIEW.o
                0x0000000008005b40                SEGGER_SYSVIEW_SetRAMBase
 .text.SEGGER_SYSVIEW_RecordVoid
                0x0000000008005b60       0x3c ThirdParty/SEGGER/SEGGER/SEGGER_SYSVIEW.o
                0x0000000008005b60                SEGGER_SYSVIEW_RecordVoid
 .text.SEGGER_SYSVIEW_RecordU32
                0x0000000008005b9c       0x78 ThirdParty/SEGGER/SEGGER/SEGGER_SYSVIEW.o
                0x0000000008005b9c                SEGGER_SYSVIEW_RecordU32
 .text.SEGGER_SYSVIEW_RecordU32x2
                0x0000000008005c14       0xb4 ThirdParty/SEGGER/SEGGER/SEGGER_SYSVIEW.o
                0x0000000008005c14                SEGGER_SYSVIEW_RecordU32x2
 .text.SEGGER_SYSVIEW_RecordU32x3
                0x0000000008005cc8       0xec ThirdParty/SEGGER/SEGGER/SEGGER_SYSVIEW.o
                0x0000000008005cc8                SEGGER_SYSVIEW_RecordU32x3
 .text.SEGGER_SYSVIEW_RecordU32x4
                0x0000000008005db4      0x124 ThirdParty/SEGGER/SEGGER/SEGGER_SYSVIEW.o
                0x0000000008005db4                SEGGER_SYSVIEW_RecordU32x4
 .text.SEGGER_SYSVIEW_Start
                0x0000000008005ed8      0x174 ThirdParty/SEGGER/SEGGER/SEGGER_SYSVIEW.o
                0x0000000008005ed8                SEGGER_SYSVIEW_Start
 .text.SEGGER_SYSVIEW_Stop
                0x000000000800604c       0x4c ThirdParty/SEGGER/SEGGER/SEGGER_SYSVIEW.o
                0x000000000800604c                SEGGER_SYSVIEW_Stop
 .text.SEGGER_SYSVIEW_GetSysDesc
                0x0000000008006098      0x134 ThirdParty/SEGGER/SEGGER/SEGGER_SYSVIEW.o
                0x0000000008006098                SEGGER_SYSVIEW_GetSysDesc
 .text.SEGGER_SYSVIEW_SendTaskInfo
                0x00000000080061cc      0x1c8 ThirdParty/SEGGER/SEGGER/SEGGER_SYSVIEW.o
                0x00000000080061cc                SEGGER_SYSVIEW_SendTaskInfo
 .text.SEGGER_SYSVIEW_SendTaskList
                0x0000000008006394       0x28 ThirdParty/SEGGER/SEGGER/SEGGER_SYSVIEW.o
                0x0000000008006394                SEGGER_SYSVIEW_SendTaskList
 .text.SEGGER_SYSVIEW_SendSysDesc
                0x00000000080063bc       0x48 ThirdParty/SEGGER/SEGGER/SEGGER_SYSVIEW.o
                0x00000000080063bc                SEGGER_SYSVIEW_SendSysDesc
 .text.SEGGER_SYSVIEW_RecordSystime
                0x0000000008006404       0x64 ThirdParty/SEGGER/SEGGER/SEGGER_SYSVIEW.o
                0x0000000008006404                SEGGER_SYSVIEW_RecordSystime
 .text.SEGGER_SYSVIEW_RecordEnterISR
                0x0000000008006468       0x84 ThirdParty/SEGGER/SEGGER/SEGGER_SYSVIEW.o
                0x0000000008006468                SEGGER_SYSVIEW_RecordEnterISR
 .text.SEGGER_SYSVIEW_RecordExitISR
                0x00000000080064ec       0x38 ThirdParty/SEGGER/SEGGER/SEGGER_SYSVIEW.o
                0x00000000080064ec                SEGGER_SYSVIEW_RecordExitISR
 .text.SEGGER_SYSVIEW_RecordExitISRToScheduler
                0x0000000008006524       0x38 ThirdParty/SEGGER/SEGGER/SEGGER_SYSVIEW.o
                0x0000000008006524                SEGGER_SYSVIEW_RecordExitISRToScheduler
 .text.SEGGER_SYSVIEW_OnIdle
                0x000000000800655c       0x38 ThirdParty/SEGGER/SEGGER/SEGGER_SYSVIEW.o
                0x000000000800655c                SEGGER_SYSVIEW_OnIdle
 .text.SEGGER_SYSVIEW_OnTaskCreate
                0x0000000008006594       0x84 ThirdParty/SEGGER/SEGGER/SEGGER_SYSVIEW.o
                0x0000000008006594                SEGGER_SYSVIEW_OnTaskCreate
 .text.SEGGER_SYSVIEW_OnTaskStartExec
                0x0000000008006618       0x84 ThirdParty/SEGGER/SEGGER/SEGGER_SYSVIEW.o
                0x0000000008006618                SEGGER_SYSVIEW_OnTaskStartExec
 .text.SEGGER_SYSVIEW_OnTaskStartReady
                0x000000000800669c       0x84 ThirdParty/SEGGER/SEGGER/SEGGER_SYSVIEW.o
                0x000000000800669c                SEGGER_SYSVIEW_OnTaskStartReady
 .text.SEGGER_SYSVIEW_OnTaskStopReady
                0x0000000008006720       0xc0 ThirdParty/SEGGER/SEGGER/SEGGER_SYSVIEW.o
                0x0000000008006720                SEGGER_SYSVIEW_OnTaskStopReady
 .text.SEGGER_SYSVIEW_ShrinkId
                0x00000000080067e0       0x20 ThirdParty/SEGGER/SEGGER/SEGGER_SYSVIEW.o
                0x00000000080067e0                SEGGER_SYSVIEW_ShrinkId
 .text.SEGGER_SYSVIEW_SendModule
                0x0000000008006800      0x100 ThirdParty/SEGGER/SEGGER/SEGGER_SYSVIEW.o
                0x0000000008006800                SEGGER_SYSVIEW_SendModule
 .text.SEGGER_SYSVIEW_SendModuleDescription
                0x0000000008006900       0x3c ThirdParty/SEGGER/SEGGER/SEGGER_SYSVIEW.o
                0x0000000008006900                SEGGER_SYSVIEW_SendModuleDescription
 .text.SEGGER_SYSVIEW_SendNumModules
                0x000000000800693c       0x7c ThirdParty/SEGGER/SEGGER/SEGGER_SYSVIEW.o
                0x000000000800693c                SEGGER_SYSVIEW_SendNumModules
 .text.SEGGER_SYSVIEW_PrintfTarget
                0x00000000080069b8       0x28 ThirdParty/SEGGER/SEGGER/SEGGER_SYSVIEW.o
                0x00000000080069b8                SEGGER_SYSVIEW_PrintfTarget
 .text.SEGGER_SYSVIEW_Warn
                0x00000000080069e0       0xb8 ThirdParty/SEGGER/SEGGER/SEGGER_SYSVIEW.o
                0x00000000080069e0                SEGGER_SYSVIEW_Warn
 .text.__libc_init_array
                0x0000000008006a98       0x48 /Applications/STM32CubeIDE.app/Contents/Eclipse/plugins/com.st.stm32cube.ide.mcu.externaltools.gnu-tools-for-stm32.9-2020-q2-update.macos64_1.5.0.202011040924/tools/bin/../lib/gcc/arm-none-eabi/9.3.1/../../../../arm-none-eabi/lib/thumb/v7e-m+fp/hard/libc_nano.a(lib_a-init.o)
                0x0000000008006a98                __libc_init_array
 .text.memcmp   0x0000000008006ae0       0x1c /Applications/STM32CubeIDE.app/Contents/Eclipse/plugins/com.st.stm32cube.ide.mcu.externaltools.gnu-tools-for-stm32.9-2020-q2-update.macos64_1.5.0.202011040924/tools/bin/../lib/gcc/arm-none-eabi/9.3.1/../../../../arm-none-eabi/lib/thumb/v7e-m+fp/hard/libc_nano.a(lib_a-memcmp.o)
                0x0000000008006ae0                memcmp
 .text.memcpy   0x0000000008006afc       0x1c /Applications/STM32CubeIDE.app/Contents/Eclipse/plugins/com.st.stm32cube.ide.mcu.externaltools.gnu-tools-for-stm32.9-2020-q2-update.macos64_1.5.0.202011040924/tools/bin/../lib/gcc/arm-none-eabi/9.3.1/../../../../arm-none-eabi/lib/thumb/v7e-m+fp/hard/libc_nano.a(lib_a-memcpy-stub.o)
                0x0000000008006afc                memcpy
 .text.memset   0x0000000008006b18       0x10 /Applications/STM32CubeIDE.app/Contents/Eclipse/plugins/com.st.stm32cube.ide.mcu.externaltools.gnu-tools-for-stm32.9-2020-q2-update.macos64_1.5.0.202011040924/tools/bin/../lib/gcc/arm-none-eabi/9.3.1/../../../../arm-none-eabi/lib/thumb/v7e-m+fp/hard/libc_nano.a(lib_a-memset.o)
                0x0000000008006b18                memset
 .text.snprintf
                0x0000000008006b28       0x68 /Applications/STM32CubeIDE.app/Contents/Eclipse/plugins/com.st.stm32cube.ide.mcu.externaltools.gnu-tools-for-stm32.9-2020-q2-update.macos64_1.5.0.202011040924/tools/bin/../lib/gcc/arm-none-eabi/9.3.1/../../../../arm-none-eabi/lib/thumb/v7e-m+fp/hard/libc_nano.a(lib_a-snprintf.o)
                0x0000000008006b28                snprintf
                0x0000000008006b28                sniprintf
 .text.__ssputs_r
                0x0000000008006b90       0xb6 /Applications/STM32CubeIDE.app/Contents/Eclipse/plugins/com.st.stm32cube.ide.mcu.externaltools.gnu-tools-for-stm32.9-2020-q2-update.macos64_1.5.0.202011040924/tools/bin/../lib/gcc/arm-none-eabi/9.3.1/../../../../arm-none-eabi/lib/thumb/v7e-m+fp/hard/libc_nano.a(lib_a-nano-svfprintf.o)
                0x0000000008006b90                __ssputs_r
 *fill*         0x0000000008006c46        0x2 
 .text._svfprintf_r
                0x0000000008006c48      0x200 /Applications/STM32CubeIDE.app/Contents/Eclipse/plugins/com.st.stm32cube.ide.mcu.externaltools.gnu-tools-for-stm32.9-2020-q2-update.macos64_1.5.0.202011040924/tools/bin/../lib/gcc/arm-none-eabi/9.3.1/../../../../arm-none-eabi/lib/thumb/v7e-m+fp/hard/libc_nano.a(lib_a-nano-svfprintf.o)
                0x0000000008006c48                _svfprintf_r
                0x0000000008006c48                _svfiprintf_r
 .text._printf_common
                0x0000000008006e48       0xda /Applications/STM32CubeIDE.app/Contents/Eclipse/plugins/com.st.stm32cube.ide.mcu.externaltools.gnu-tools-for-stm32.9-2020-q2-update.macos64_1.5.0.202011040924/tools/bin/../lib/gcc/arm-none-eabi/9.3.1/../../../../arm-none-eabi/lib/thumb/v7e-m+fp/hard/libc_nano.a(lib_a-nano-vfprintf_i.o)
                0x0000000008006e48                _printf_common
 *fill*         0x0000000008006f22        0x2 
 .text._printf_i
                0x0000000008006f24      0x24c /Applications/STM32CubeIDE.app/Contents/Eclipse/plugins/com.st.stm32cube.ide.mcu.externaltools.gnu-tools-for-stm32.9-2020-q2-update.macos64_1.5.0.202011040924/tools/bin/../lib/gcc/arm-none-eabi/9.3.1/../../../../arm-none-eabi/lib/thumb/v7e-m+fp/hard/libc_nano.a(lib_a-nano-vfprintf_i.o)
                0x0000000008006f24                _printf_i
 .text.memmove  0x0000000008007170       0x34 /Applications/STM32CubeIDE.app/Contents/Eclipse/plugins/com.st.stm32cube.ide.mcu.externaltools.gnu-tools-for-stm32.9-2020-q2-update.macos64_1.5.0.202011040924/tools/bin/../lib/gcc/arm-none-eabi/9.3.1/../../../../arm-none-eabi/lib/thumb/v7e-m+fp/hard/libc_nano.a(lib_a-memmove.o)
                0x0000000008007170                memmove
 .text._free_r  0x00000000080071a4       0xa0 /Applications/STM32CubeIDE.app/Contents/Eclipse/plugins/com.st.stm32cube.ide.mcu.externaltools.gnu-tools-for-stm32.9-2020-q2-update.macos64_1.5.0.202011040924/tools/bin/../lib/gcc/arm-none-eabi/9.3.1/../../../../arm-none-eabi/lib/thumb/v7e-m+fp/hard/libc_nano.a(lib_a-nano-freer.o)
                0x00000000080071a4                _free_r
 .text._malloc_r
                0x0000000008007244       0xb4 /Applications/STM32CubeIDE.app/Contents/Eclipse/plugins/com.st.stm32cube.ide.mcu.externaltools.gnu-tools-for-stm32.9-2020-q2-update.macos64_1.5.0.202011040924/tools/bin/../lib/gcc/arm-none-eabi/9.3.1/../../../../arm-none-eabi/lib/thumb/v7e-m+fp/hard/libc_nano.a(lib_a-nano-mallocr.o)
                0x0000000008007244                _malloc_r
 .text._realloc_r
                0x00000000080072f8       0x4c /Applications/STM32CubeIDE.app/Contents/Eclipse/plugins/com.st.stm32cube.ide.mcu.externaltools.gnu-tools-for-stm32.9-2020-q2-update.macos64_1.5.0.202011040924/tools/bin/../lib/gcc/arm-none-eabi/9.3.1/../../../../arm-none-eabi/lib/thumb/v7e-m+fp/hard/libc_nano.a(lib_a-nano-reallocr.o)
                0x00000000080072f8                _realloc_r
 .text._sbrk_r  0x0000000008007344       0x20 /Applications/STM32CubeIDE.app/Contents/Eclipse/plugins/com.st.stm32cube.ide.mcu.externaltools.gnu-tools-for-stm32.9-2020-q2-update.macos64_1.5.0.202011040924/tools/bin/../lib/gcc/arm-none-eabi/9.3.1/../../../../arm-none-eabi/lib/thumb/v7e-m+fp/hard/libc_nano.a(lib_a-sbrkr.o)
                0x0000000008007344                _sbrk_r
 .text.__malloc_lock
                0x0000000008007364        0xc /Applications/STM32CubeIDE.app/Contents/Eclipse/plugins/com.st.stm32cube.ide.mcu.externaltools.gnu-tools-for-stm32.9-2020-q2-update.macos64_1.5.0.202011040924/tools/bin/../lib/gcc/arm-none-eabi/9.3.1/../../../../arm-none-eabi/lib/thumb/v7e-m+fp/hard/libc_nano.a(lib_a-mlock.o)
                0x0000000008007364                __malloc_lock
 .text.__malloc_unlock
                0x0000000008007370        0xc /Applications/STM32CubeIDE.app/Contents/Eclipse/plugins/com.st.stm32cube.ide.mcu.externaltools.gnu-tools-for-stm32.9-2020-q2-update.macos64_1.5.0.202011040924/tools/bin/../lib/gcc/arm-none-eabi/9.3.1/../../../../arm-none-eabi/lib/thumb/v7e-m+fp/hard/libc_nano.a(lib_a-mlock.o)
                0x0000000008007370                __malloc_unlock
 .text._malloc_usable_size_r
                0x000000000800737c       0x10 /Applications/STM32CubeIDE.app/Contents/Eclipse/plugins/com.st.stm32cube.ide.mcu.externaltools.gnu-tools-for-stm32.9-2020-q2-update.macos64_1.5.0.202011040924/tools/bin/../lib/gcc/arm-none-eabi/9.3.1/../../../../arm-none-eabi/lib/thumb/v7e-m+fp/hard/libc_nano.a(lib_a-nano-msizer.o)
                0x000000000800737c                _malloc_usable_size_r
 .text.__retarget_lock_acquire_recursive
                0x000000000800738c        0x2 /Applications/STM32CubeIDE.app/Contents/Eclipse/plugins/com.st.stm32cube.ide.mcu.externaltools.gnu-tools-for-stm32.9-2020-q2-update.macos64_1.5.0.202011040924/tools/bin/../lib/gcc/arm-none-eabi/9.3.1/../../../../arm-none-eabi/lib/thumb/v7e-m+fp/hard/libc_nano.a(lib_a-lock.o)
                0x000000000800738c                __retarget_lock_acquire_recursive
 .text.__retarget_lock_release_recursive
                0x000000000800738e        0x2 /Applications/STM32CubeIDE.app/Contents/Eclipse/plugins/com.st.stm32cube.ide.mcu.externaltools.gnu-tools-for-stm32.9-2020-q2-update.macos64_1.5.0.202011040924/tools/bin/../lib/gcc/arm-none-eabi/9.3.1/../../../../arm-none-eabi/lib/thumb/v7e-m+fp/hard/libc_nano.a(lib_a-lock.o)
                0x000000000800738e                __retarget_lock_release_recursive
 .text._sbrk    0x0000000008007390       0x1c /Applications/STM32CubeIDE.app/Contents/Eclipse/plugins/com.st.stm32cube.ide.mcu.externaltools.gnu-tools-for-stm32.9-2020-q2-update.macos64_1.5.0.202011040924/tools/bin/../lib/gcc/arm-none-eabi/9.3.1/../../../../arm-none-eabi/lib/thumb/v7e-m+fp/hard/libnosys.a(sbrk.o)
                0x0000000008007390                _sbrk
 *(.glue_7)
 .glue_7        0x00000000080073ac        0x0 linker stubs
 *(.glue_7t)
 .glue_7t       0x00000000080073ac        0x0 linker stubs
 *(.eh_frame)
 .eh_frame      0x00000000080073ac        0x0 /Applications/STM32CubeIDE.app/Contents/Eclipse/plugins/com.st.stm32cube.ide.mcu.externaltools.gnu-tools-for-stm32.9-2020-q2-update.macos64_1.5.0.202011040924/tools/bin/../lib/gcc/arm-none-eabi/9.3.1/thumb/v7e-m+fp/hard/crtbegin.o
 *(.init)
 .init          0x00000000080073ac        0x4 /Applications/STM32CubeIDE.app/Contents/Eclipse/plugins/com.st.stm32cube.ide.mcu.externaltools.gnu-tools-for-stm32.9-2020-q2-update.macos64_1.5.0.202011040924/tools/bin/../lib/gcc/arm-none-eabi/9.3.1/thumb/v7e-m+fp/hard/crti.o
                0x00000000080073ac                _init
 .init          0x00000000080073b0        0x8 /Applications/STM32CubeIDE.app/Contents/Eclipse/plugins/com.st.stm32cube.ide.mcu.externaltools.gnu-tools-for-stm32.9-2020-q2-update.macos64_1.5.0.202011040924/tools/bin/../lib/gcc/arm-none-eabi/9.3.1/thumb/v7e-m+fp/hard/crtn.o
 *(.fini)
 .fini          0x00000000080073b8        0x4 /Applications/STM32CubeIDE.app/Contents/Eclipse/plugins/com.st.stm32cube.ide.mcu.externaltools.gnu-tools-for-stm32.9-2020-q2-update.macos64_1.5.0.202011040924/tools/bin/../lib/gcc/arm-none-eabi/9.3.1/thumb/v7e-m+fp/hard/crti.o
                0x00000000080073b8                _fini
 .fini          0x00000000080073bc        0x8 /Applications/STM32CubeIDE.app/Contents/Eclipse/plugins/com.st.stm32cube.ide.mcu.externaltools.gnu-tools-for-stm32.9-2020-q2-update.macos64_1.5.0.202011040924/tools/bin/../lib/gcc/arm-none-eabi/9.3.1/thumb/v7e-m+fp/hard/crtn.o
                0x00000000080073c4                . = ALIGN (0x4)
                0x00000000080073c4                _etext = .

.vfp11_veneer   0x00000000080073c4        0x0
 .vfp11_veneer  0x00000000080073c4        0x0 linker stubs

.v4_bx          0x00000000080073c4        0x0
 .v4_bx         0x00000000080073c4        0x0 linker stubs

.iplt           0x00000000080073c4        0x0
 .iplt          0x00000000080073c4        0x0 /Applications/STM32CubeIDE.app/Contents/Eclipse/plugins/com.st.stm32cube.ide.mcu.externaltools.gnu-tools-for-stm32.9-2020-q2-update.macos64_1.5.0.202011040924/tools/bin/../lib/gcc/arm-none-eabi/9.3.1/thumb/v7e-m+fp/hard/crtbegin.o

.rodata         0x00000000080073c4      0x198
                0x00000000080073c4                . = ALIGN (0x4)
 *(.rodata)
 .rodata        0x00000000080073c4       0x44 Core/Src/main.o
 .rodata        0x0000000008007408        0x5 ThirdParty/FreeRTOS/tasks.o
 *fill*         0x000000000800740d        0x3 
 .rodata        0x0000000008007410        0xd ThirdParty/FreeRTOS/timers.o
 *fill*         0x000000000800741d        0x3 
 .rodata        0x0000000008007420       0x51 ThirdParty/SEGGER/Config/SEGGER_SYSVIEW_Config_FreeRTOS.o
 *fill*         0x0000000008007471        0x3 
 .rodata        0x0000000008007474       0x58 ThirdParty/SEGGER/OS/SEGGER_SYSVIEW_FreeRTOS.o
 .rodata        0x00000000080074cc       0x17 ThirdParty/SEGGER/SEGGER/SEGGER_RTT.o
 *fill*         0x00000000080074e3        0x1 
 .rodata        0x00000000080074e4        0x8 ThirdParty/SEGGER/SEGGER/SEGGER_SYSVIEW.o
 *(.rodata*)
 .rodata.AHBPrescTable
                0x00000000080074ec       0x10 Core/Src/system_stm32f4xx.o
                0x00000000080074ec                AHBPrescTable
 .rodata.APBPrescTable
                0x00000000080074fc        0x8 Core/Src/system_stm32f4xx.o
                0x00000000080074fc                APBPrescTable
 .rodata.SYSVIEW_X_OS_TraceAPI
                0x0000000008007504        0x8 ThirdParty/SEGGER/OS/SEGGER_SYSVIEW_FreeRTOS.o
                0x0000000008007504                SYSVIEW_X_OS_TraceAPI
 .rodata._abSync
                0x000000000800750c        0xa ThirdParty/SEGGER/SEGGER/SEGGER_SYSVIEW.o
 *fill*         0x0000000008007516        0x2 
 .rodata._aV2C.7072
                0x0000000008007518       0x10 ThirdParty/SEGGER/SEGGER/SEGGER_SYSVIEW.o
 .rodata._svfprintf_r.str1.1
                0x0000000008007528       0x11 /Applications/STM32CubeIDE.app/Contents/Eclipse/plugins/com.st.stm32cube.ide.mcu.externaltools.gnu-tools-for-stm32.9-2020-q2-update.macos64_1.5.0.202011040924/tools/bin/../lib/gcc/arm-none-eabi/9.3.1/../../../../arm-none-eabi/lib/thumb/v7e-m+fp/hard/libc_nano.a(lib_a-nano-svfprintf.o)
 .rodata._printf_i.str1.1
                0x0000000008007539       0x22 /Applications/STM32CubeIDE.app/Contents/Eclipse/plugins/com.st.stm32cube.ide.mcu.externaltools.gnu-tools-for-stm32.9-2020-q2-update.macos64_1.5.0.202011040924/tools/bin/../lib/gcc/arm-none-eabi/9.3.1/../../../../arm-none-eabi/lib/thumb/v7e-m+fp/hard/libc_nano.a(lib_a-nano-vfprintf_i.o)
                0x000000000800755c                . = ALIGN (0x4)
 *fill*         0x000000000800755b        0x1 

.ARM.extab      0x000000000800755c        0x0
                0x000000000800755c                . = ALIGN (0x4)
 *(.ARM.extab* .gnu.linkonce.armextab.*)
                0x000000000800755c                . = ALIGN (0x4)

.ARM            0x000000000800755c        0x8
                0x000000000800755c                . = ALIGN (0x4)
                0x000000000800755c                __exidx_start = .
 *(.ARM.exidx*)
 .ARM.exidx     0x000000000800755c        0x8 /Applications/STM32CubeIDE.app/Contents/Eclipse/plugins/com.st.stm32cube.ide.mcu.externaltools.gnu-tools-for-stm32.9-2020-q2-update.macos64_1.5.0.202011040924/tools/bin/../lib/gcc/arm-none-eabi/9.3.1/thumb/v7e-m+fp/hard/libgcc.a(_udivmoddi4.o)
                0x0000000008007564                __exidx_end = .
                0x0000000008007564                . = ALIGN (0x4)

.rel.dyn        0x0000000008007564        0x0
 .rel.iplt      0x0000000008007564        0x0 /Applications/STM32CubeIDE.app/Contents/Eclipse/plugins/com.st.stm32cube.ide.mcu.externaltools.gnu-tools-for-stm32.9-2020-q2-update.macos64_1.5.0.202011040924/tools/bin/../lib/gcc/arm-none-eabi/9.3.1/thumb/v7e-m+fp/hard/crtbegin.o

.preinit_array  0x0000000008007564        0x0
                0x0000000008007564                . = ALIGN (0x4)
                0x0000000008007564                PROVIDE (__preinit_array_start = .)
 *(.preinit_array*)
                0x0000000008007564                PROVIDE (__preinit_array_end = .)
                0x0000000008007564                . = ALIGN (0x4)

.init_array     0x0000000008007564        0x4
                0x0000000008007564                . = ALIGN (0x4)
                0x0000000008007564                PROVIDE (__init_array_start = .)
 *(SORT_BY_NAME(.init_array.*))
 *(.init_array*)
 .init_array    0x0000000008007564        0x4 /Applications/STM32CubeIDE.app/Contents/Eclipse/plugins/com.st.stm32cube.ide.mcu.externaltools.gnu-tools-for-stm32.9-2020-q2-update.macos64_1.5.0.202011040924/tools/bin/../lib/gcc/arm-none-eabi/9.3.1/thumb/v7e-m+fp/hard/crtbegin.o
                0x0000000008007568                PROVIDE (__init_array_end = .)
                0x0000000008007568                . = ALIGN (0x4)

.fini_array     0x0000000008007568        0x4
                0x0000000008007568                . = ALIGN (0x4)
                [!provide]                        PROVIDE (__fini_array_start = .)
 *(SORT_BY_NAME(.fini_array.*))
 *(.fini_array*)
 .fini_array    0x0000000008007568        0x4 /Applications/STM32CubeIDE.app/Contents/Eclipse/plugins/com.st.stm32cube.ide.mcu.externaltools.gnu-tools-for-stm32.9-2020-q2-update.macos64_1.5.0.202011040924/tools/bin/../lib/gcc/arm-none-eabi/9.3.1/thumb/v7e-m+fp/hard/crtbegin.o
                [!provide]                        PROVIDE (__fini_array_end = .)
                0x000000000800756c                . = ALIGN (0x4)
                0x000000000800756c                _sidata = LOADADDR (.data)

.data           0x0000000020000000       0x78 load address 0x000000000800756c
                0x0000000020000000                . = ALIGN (0x4)
                0x0000000020000000                _sdata = .
 *(.data)
 *(.data*)
 .data.SystemCoreClock
                0x0000000020000000        0x4 Core/Src/system_stm32f4xx.o
                0x0000000020000000                SystemCoreClock
 .data.uwTickPrio
                0x0000000020000004        0x4 Drivers/STM32F4xx_HAL_Driver/Src/stm32f4xx_hal.o
                0x0000000020000004                uwTickPrio
 .data.uwTickFreq
                0x0000000020000008        0x1 Drivers/STM32F4xx_HAL_Driver/Src/stm32f4xx_hal.o
                0x0000000020000008                uwTickFreq
 *fill*         0x0000000020000009        0x3 
 .data.uxTopUsedPriority
                0x000000002000000c        0x4 ThirdParty/FreeRTOS/tasks.o
                0x000000002000000c                uxTopUsedPriority
 .data.uxCriticalNesting
                0x0000000020000010        0x4 ThirdParty/FreeRTOS/portable/GCC/ARM_CM4F/port.o
 .data._impure_ptr
                0x0000000020000014        0x4 /Applications/STM32CubeIDE.app/Contents/Eclipse/plugins/com.st.stm32cube.ide.mcu.externaltools.gnu-tools-for-stm32.9-2020-q2-update.macos64_1.5.0.202011040924/tools/bin/../lib/gcc/arm-none-eabi/9.3.1/../../../../arm-none-eabi/lib/thumb/v7e-m+fp/hard/libc_nano.a(lib_a-impure.o)
                0x0000000020000014                _impure_ptr
 .data.impure_data
                0x0000000020000018       0x60 /Applications/STM32CubeIDE.app/Contents/Eclipse/plugins/com.st.stm32cube.ide.mcu.externaltools.gnu-tools-for-stm32.9-2020-q2-update.macos64_1.5.0.202011040924/tools/bin/../lib/gcc/arm-none-eabi/9.3.1/../../../../arm-none-eabi/lib/thumb/v7e-m+fp/hard/libc_nano.a(lib_a-impure.o)
 *(.RamFunc)
 *(.RamFunc*)
                0x0000000020000078                . = ALIGN (0x4)
                0x0000000020000078                _edata = .

.igot.plt       0x0000000020000078        0x0 load address 0x00000000080075e4
 .igot.plt      0x0000000020000078        0x0 /Applications/STM32CubeIDE.app/Contents/Eclipse/plugins/com.st.stm32cube.ide.mcu.externaltools.gnu-tools-for-stm32.9-2020-q2-update.macos64_1.5.0.202011040924/tools/bin/../lib/gcc/arm-none-eabi/9.3.1/thumb/v7e-m+fp/hard/crtbegin.o
                0x0000000020000078                . = ALIGN (0x4)

.bss            0x0000000020000078    0x144a4 load address 0x00000000080075e4
                0x0000000020000078                _sbss = .
                0x0000000020000078                __bss_start__ = _sbss
 *(.bss)
 .bss           0x0000000020000078       0x1c /Applications/STM32CubeIDE.app/Contents/Eclipse/plugins/com.st.stm32cube.ide.mcu.externaltools.gnu-tools-for-stm32.9-2020-q2-update.macos64_1.5.0.202011040924/tools/bin/../lib/gcc/arm-none-eabi/9.3.1/thumb/v7e-m+fp/hard/crtbegin.o
 *(.bss*)
 .bss.pxCurrentTCB
                0x0000000020000094        0x4 ThirdParty/FreeRTOS/tasks.o
                0x0000000020000094                pxCurrentTCB
 .bss.pxReadyTasksLists
                0x0000000020000098       0x64 ThirdParty/FreeRTOS/tasks.o
 .bss.xDelayedTaskList1
                0x00000000200000fc       0x14 ThirdParty/FreeRTOS/tasks.o
 .bss.xDelayedTaskList2
                0x0000000020000110       0x14 ThirdParty/FreeRTOS/tasks.o
 .bss.pxDelayedTaskList
                0x0000000020000124        0x4 ThirdParty/FreeRTOS/tasks.o
 .bss.pxOverflowDelayedTaskList
                0x0000000020000128        0x4 ThirdParty/FreeRTOS/tasks.o
 .bss.xPendingReadyList
                0x000000002000012c       0x14 ThirdParty/FreeRTOS/tasks.o
 .bss.xTasksWaitingTermination
                0x0000000020000140       0x14 ThirdParty/FreeRTOS/tasks.o
 .bss.uxDeletedTasksWaitingCleanUp
                0x0000000020000154        0x4 ThirdParty/FreeRTOS/tasks.o
 .bss.xSuspendedTaskList
                0x0000000020000158       0x14 ThirdParty/FreeRTOS/tasks.o
 .bss.uxCurrentNumberOfTasks
                0x000000002000016c        0x4 ThirdParty/FreeRTOS/tasks.o
 .bss.xTickCount
                0x0000000020000170        0x4 ThirdParty/FreeRTOS/tasks.o
 .bss.uxTopReadyPriority
                0x0000000020000174        0x4 ThirdParty/FreeRTOS/tasks.o
 .bss.xSchedulerRunning
                0x0000000020000178        0x4 ThirdParty/FreeRTOS/tasks.o
 .bss.xPendedTicks
                0x000000002000017c        0x4 ThirdParty/FreeRTOS/tasks.o
 .bss.xYieldPending
                0x0000000020000180        0x4 ThirdParty/FreeRTOS/tasks.o
 .bss.xNumOfOverflows
                0x0000000020000184        0x4 ThirdParty/FreeRTOS/tasks.o
 .bss.uxTaskNumber
                0x0000000020000188        0x4 ThirdParty/FreeRTOS/tasks.o
 .bss.xNextTaskUnblockTime
                0x000000002000018c        0x4 ThirdParty/FreeRTOS/tasks.o
 .bss.xIdleTaskHandle
                0x0000000020000190        0x4 ThirdParty/FreeRTOS/tasks.o
 .bss.uxSchedulerSuspended
                0x0000000020000194        0x4 ThirdParty/FreeRTOS/tasks.o
 .bss.xActiveTimerList1
                0x0000000020000198       0x14 ThirdParty/FreeRTOS/timers.o
 .bss.xActiveTimerList2
                0x00000000200001ac       0x14 ThirdParty/FreeRTOS/timers.o
 .bss.pxCurrentTimerList
                0x00000000200001c0        0x4 ThirdParty/FreeRTOS/timers.o
 .bss.pxOverflowTimerList
                0x00000000200001c4        0x4 ThirdParty/FreeRTOS/timers.o
 .bss.xTimerQueue
                0x00000000200001c8        0x4 ThirdParty/FreeRTOS/timers.o
 .bss.xTimerTaskHandle
                0x00000000200001cc        0x4 ThirdParty/FreeRTOS/timers.o
 .bss.xLastTime.7306
                0x00000000200001d0        0x4 ThirdParty/FreeRTOS/timers.o
 .bss.ucMaxSysCallPriority
                0x00000000200001d4        0x1 ThirdParty/FreeRTOS/portable/GCC/ARM_CM4F/port.o
 *fill*         0x00000000200001d5        0x3 
 .bss.ulMaxPRIGROUPValue
                0x00000000200001d8        0x4 ThirdParty/FreeRTOS/portable/GCC/ARM_CM4F/port.o
 .bss.ucHeap    0x00000000200001dc    0x12c00 ThirdParty/FreeRTOS/portable/MemMang/heap_4.o
 .bss.xStart    0x0000000020012ddc        0x8 ThirdParty/FreeRTOS/portable/MemMang/heap_4.o
 .bss.pxEnd     0x0000000020012de4        0x4 ThirdParty/FreeRTOS/portable/MemMang/heap_4.o
 .bss.xFreeBytesRemaining
                0x0000000020012de8        0x4 ThirdParty/FreeRTOS/portable/MemMang/heap_4.o
 .bss.xMinimumEverFreeBytesRemaining
                0x0000000020012dec        0x4 ThirdParty/FreeRTOS/portable/MemMang/heap_4.o
 .bss.xNumberOfSuccessfulAllocations
                0x0000000020012df0        0x4 ThirdParty/FreeRTOS/portable/MemMang/heap_4.o
 .bss.xNumberOfSuccessfulFrees
                0x0000000020012df4        0x4 ThirdParty/FreeRTOS/portable/MemMang/heap_4.o
 .bss.xBlockAllocatedBit
                0x0000000020012df8        0x4 ThirdParty/FreeRTOS/portable/MemMang/heap_4.o
 .bss._aTasks   0x0000000020012dfc       0xa0 ThirdParty/SEGGER/OS/SEGGER_SYSVIEW_FreeRTOS.o
 .bss._NumTasks
                0x0000000020012e9c        0x4 ThirdParty/SEGGER/OS/SEGGER_SYSVIEW_FreeRTOS.o
 .bss._acUpBuffer
                0x0000000020012ea0      0x400 ThirdParty/SEGGER/SEGGER/SEGGER_RTT.o
 .bss._acDownBuffer
                0x00000000200132a0       0x10 ThirdParty/SEGGER/SEGGER/SEGGER_RTT.o
 .bss._UpBuffer
                0x00000000200132b0     0x1000 ThirdParty/SEGGER/SEGGER/SEGGER_SYSVIEW.o
 .bss._DownBuffer
                0x00000000200142b0        0x8 ThirdParty/SEGGER/SEGGER/SEGGER_SYSVIEW.o
 .bss._SYSVIEW_Globals
                0x00000000200142b8       0x28 ThirdParty/SEGGER/SEGGER/SEGGER_SYSVIEW.o
 .bss._pFirstModule
                0x00000000200142e0        0x4 ThirdParty/SEGGER/SEGGER/SEGGER_SYSVIEW.o
 .bss._NumModules
                0x00000000200142e4        0x1 ThirdParty/SEGGER/SEGGER/SEGGER_SYSVIEW.o
 *fill*         0x00000000200142e5        0x3 
 .bss._aPacket  0x00000000200142e8       0xe3 ThirdParty/SEGGER/SEGGER/SEGGER_SYSVIEW.o
 *fill*         0x00000000200143cb        0x1 
 .bss.__malloc_free_list
                0x00000000200143cc        0x4 /Applications/STM32CubeIDE.app/Contents/Eclipse/plugins/com.st.stm32cube.ide.mcu.externaltools.gnu-tools-for-stm32.9-2020-q2-update.macos64_1.5.0.202011040924/tools/bin/../lib/gcc/arm-none-eabi/9.3.1/../../../../arm-none-eabi/lib/thumb/v7e-m+fp/hard/libc_nano.a(lib_a-nano-mallocr.o)
                0x00000000200143cc                __malloc_free_list
 .bss.__malloc_sbrk_start
                0x00000000200143d0        0x4 /Applications/STM32CubeIDE.app/Contents/Eclipse/plugins/com.st.stm32cube.ide.mcu.externaltools.gnu-tools-for-stm32.9-2020-q2-update.macos64_1.5.0.202011040924/tools/bin/../lib/gcc/arm-none-eabi/9.3.1/../../../../arm-none-eabi/lib/thumb/v7e-m+fp/hard/libc_nano.a(lib_a-nano-mallocr.o)
                0x00000000200143d0                __malloc_sbrk_start
 .bss.heap_end.5507
                0x00000000200143d4        0x4 /Applications/STM32CubeIDE.app/Contents/Eclipse/plugins/com.st.stm32cube.ide.mcu.externaltools.gnu-tools-for-stm32.9-2020-q2-update.macos64_1.5.0.202011040924/tools/bin/../lib/gcc/arm-none-eabi/9.3.1/../../../../arm-none-eabi/lib/thumb/v7e-m+fp/hard/libnosys.a(sbrk.o)
 *(COMMON)
 COMMON         0x00000000200143d8       0x48 Core/Src/stm32f4xx_hal_timebase_tim.o
                0x00000000200143d8                htim6
 COMMON         0x0000000020014420        0x4 Drivers/STM32F4xx_HAL_Driver/Src/stm32f4xx_hal.o
                0x0000000020014420                uwTick
 COMMON         0x0000000020014424       0x40 ThirdParty/FreeRTOS/queue.o
                0x0000000020014424                xQueueRegistry
 COMMON         0x0000000020014464       0xa8 ThirdParty/SEGGER/SEGGER/SEGGER_RTT.o
                0x0000000020014464                _SEGGER_RTT
 COMMON         0x000000002001450c        0x4 /Applications/STM32CubeIDE.app/Contents/Eclipse/plugins/com.st.stm32cube.ide.mcu.externaltools.gnu-tools-for-stm32.9-2020-q2-update.macos64_1.5.0.202011040924/tools/bin/../lib/gcc/arm-none-eabi/9.3.1/../../../../arm-none-eabi/lib/thumb/v7e-m+fp/hard/libc_nano.a(lib_a-reent.o)
                0x000000002001450c                errno
 COMMON         0x0000000020014510        0x9 /Applications/STM32CubeIDE.app/Contents/Eclipse/plugins/com.st.stm32cube.ide.mcu.externaltools.gnu-tools-for-stm32.9-2020-q2-update.macos64_1.5.0.202011040924/tools/bin/../lib/gcc/arm-none-eabi/9.3.1/../../../../arm-none-eabi/lib/thumb/v7e-m+fp/hard/libc_nano.a(lib_a-lock.o)
                0x0000000020014510                __lock___atexit_recursive_mutex
                0x0000000020014511                __lock___arc4random_mutex
                0x0000000020014512                __lock___env_recursive_mutex
                0x0000000020014513                __lock___sinit_recursive_mutex
                0x0000000020014514                __lock___malloc_recursive_mutex
                0x0000000020014515                __lock___at_quick_exit_mutex
                0x0000000020014516                __lock___dd_hash_mutex
                0x0000000020014517                __lock___tz_mutex
                0x0000000020014518                __lock___sfp_recursive_mutex
                0x000000002001451c                . = ALIGN (0x4)
 *fill*         0x0000000020014519        0x3 
                0x000000002001451c                _ebss = .
                0x000000002001451c                __bss_end__ = _ebss

._user_heap_stack
                0x000000002001451c      0x604 load address 0x00000000080075e4
                0x0000000020014520                . = ALIGN (0x8)
 *fill*         0x000000002001451c        0x4 
                0x0000000020014520                PROVIDE (end = .)
                [!provide]                        PROVIDE (_end = .)
                0x0000000020014720                . = (. + _Min_Heap_Size)
 *fill*         0x0000000020014520      0x200 
                0x0000000020014b20                . = (. + _Min_Stack_Size)
 *fill*         0x0000000020014720      0x400 
                0x0000000020014b20                . = ALIGN (0x8)

/DISCARD/
 libc.a(*)
 libm.a(*)
 libgcc.a(*)

.ARM.attributes
                0x0000000000000000       0x30
 *(.ARM.attributes)
 .ARM.attributes
                0x0000000000000000       0x1e /Applications/STM32CubeIDE.app/Contents/Eclipse/plugins/com.st.stm32cube.ide.mcu.externaltools.gnu-tools-for-stm32.9-2020-q2-update.macos64_1.5.0.202011040924/tools/bin/../lib/gcc/arm-none-eabi/9.3.1/thumb/v7e-m+fp/hard/crti.o
 .ARM.attributes
                0x000000000000001e       0x34 /Applications/STM32CubeIDE.app/Contents/Eclipse/plugins/com.st.stm32cube.ide.mcu.externaltools.gnu-tools-for-stm32.9-2020-q2-update.macos64_1.5.0.202011040924/tools/bin/../lib/gcc/arm-none-eabi/9.3.1/thumb/v7e-m+fp/hard/crtbegin.o
 .ARM.attributes
                0x0000000000000052       0x34 Core/Src/main.o
 .ARM.attributes
                0x0000000000000086       0x34 Core/Src/stm32f4xx_hal_msp.o
 .ARM.attributes
                0x00000000000000ba       0x34 Core/Src/stm32f4xx_hal_timebase_tim.o
 .ARM.attributes
                0x00000000000000ee       0x34 Core/Src/stm32f4xx_it.o
 .ARM.attributes
                0x0000000000000122       0x34 Core/Src/system_stm32f4xx.o
 .ARM.attributes
                0x0000000000000156       0x21 Core/Startup/startup_stm32f407vgtx.o
 .ARM.attributes
                0x0000000000000177       0x34 Drivers/STM32F4xx_HAL_Driver/Src/stm32f4xx_hal.o
 .ARM.attributes
                0x00000000000001ab       0x34 Drivers/STM32F4xx_HAL_Driver/Src/stm32f4xx_hal_cortex.o
 .ARM.attributes
                0x00000000000001df       0x34 Drivers/STM32F4xx_HAL_Driver/Src/stm32f4xx_hal_gpio.o
 .ARM.attributes
                0x0000000000000213       0x34 Drivers/STM32F4xx_HAL_Driver/Src/stm32f4xx_hal_rcc.o
 .ARM.attributes
                0x0000000000000247       0x34 Drivers/STM32F4xx_HAL_Driver/Src/stm32f4xx_hal_tim.o
 .ARM.attributes
                0x000000000000027b       0x34 Drivers/STM32F4xx_HAL_Driver/Src/stm32f4xx_hal_tim_ex.o
 .ARM.attributes
                0x00000000000002af       0x34 ThirdParty/FreeRTOS/list.o
 .ARM.attributes
                0x00000000000002e3       0x34 ThirdParty/FreeRTOS/queue.o
 .ARM.attributes
                0x0000000000000317       0x34 ThirdParty/FreeRTOS/tasks.o
 .ARM.attributes
                0x000000000000034b       0x34 ThirdParty/FreeRTOS/timers.o
 .ARM.attributes
                0x000000000000037f       0x34 ThirdParty/FreeRTOS/portable/GCC/ARM_CM4F/port.o
 .ARM.attributes
                0x00000000000003b3       0x34 ThirdParty/FreeRTOS/portable/MemMang/heap_4.o
 .ARM.attributes
                0x00000000000003e7       0x34 ThirdParty/SEGGER/Config/SEGGER_SYSVIEW_Config_FreeRTOS.o
 .ARM.attributes
                0x000000000000041b       0x34 ThirdParty/SEGGER/OS/SEGGER_SYSVIEW_FreeRTOS.o
 .ARM.attributes
                0x000000000000044f       0x34 ThirdParty/SEGGER/SEGGER/SEGGER_RTT.o
 .ARM.attributes
                0x0000000000000483       0x20 ThirdParty/SEGGER/SEGGER/SEGGER_RTT_ASM_ARMv7M.o
 .ARM.attributes
                0x00000000000004a3       0x34 ThirdParty/SEGGER/SEGGER/SEGGER_SYSVIEW.o
 .ARM.attributes
                0x00000000000004d7       0x32 /Applications/STM32CubeIDE.app/Contents/Eclipse/plugins/com.st.stm32cube.ide.mcu.externaltools.gnu-tools-for-stm32.9-2020-q2-update.macos64_1.5.0.202011040924/tools/bin/../lib/gcc/arm-none-eabi/9.3.1/../../../../arm-none-eabi/lib/thumb/v7e-m+fp/hard/libc_nano.a(lib_a-impure.o)
 .ARM.attributes
                0x0000000000000509       0x34 /Applications/STM32CubeIDE.app/Contents/Eclipse/plugins/com.st.stm32cube.ide.mcu.externaltools.gnu-tools-for-stm32.9-2020-q2-update.macos64_1.5.0.202011040924/tools/bin/../lib/gcc/arm-none-eabi/9.3.1/../../../../arm-none-eabi/lib/thumb/v7e-m+fp/hard/libc_nano.a(lib_a-init.o)
 .ARM.attributes
                0x000000000000053d       0x34 /Applications/STM32CubeIDE.app/Contents/Eclipse/plugins/com.st.stm32cube.ide.mcu.externaltools.gnu-tools-for-stm32.9-2020-q2-update.macos64_1.5.0.202011040924/tools/bin/../lib/gcc/arm-none-eabi/9.3.1/../../../../arm-none-eabi/lib/thumb/v7e-m+fp/hard/libc_nano.a(lib_a-memcmp.o)
 .ARM.attributes
                0x0000000000000571       0x34 /Applications/STM32CubeIDE.app/Contents/Eclipse/plugins/com.st.stm32cube.ide.mcu.externaltools.gnu-tools-for-stm32.9-2020-q2-update.macos64_1.5.0.202011040924/tools/bin/../lib/gcc/arm-none-eabi/9.3.1/../../../../arm-none-eabi/lib/thumb/v7e-m+fp/hard/libc_nano.a(lib_a-memcpy-stub.o)
 .ARM.attributes
                0x00000000000005a5       0x34 /Applications/STM32CubeIDE.app/Contents/Eclipse/plugins/com.st.stm32cube.ide.mcu.externaltools.gnu-tools-for-stm32.9-2020-q2-update.macos64_1.5.0.202011040924/tools/bin/../lib/gcc/arm-none-eabi/9.3.1/../../../../arm-none-eabi/lib/thumb/v7e-m+fp/hard/libc_nano.a(lib_a-memset.o)
 .ARM.attributes
                0x00000000000005d9       0x34 /Applications/STM32CubeIDE.app/Contents/Eclipse/plugins/com.st.stm32cube.ide.mcu.externaltools.gnu-tools-for-stm32.9-2020-q2-update.macos64_1.5.0.202011040924/tools/bin/../lib/gcc/arm-none-eabi/9.3.1/../../../../arm-none-eabi/lib/thumb/v7e-m+fp/hard/libc_nano.a(lib_a-snprintf.o)
 .ARM.attributes
                0x000000000000060d       0x34 /Applications/STM32CubeIDE.app/Contents/Eclipse/plugins/com.st.stm32cube.ide.mcu.externaltools.gnu-tools-for-stm32.9-2020-q2-update.macos64_1.5.0.202011040924/tools/bin/../lib/gcc/arm-none-eabi/9.3.1/../../../../arm-none-eabi/lib/thumb/v7e-m+fp/hard/libc_nano.a(lib_a-nano-svfprintf.o)
 .ARM.attributes
                0x0000000000000641       0x34 /Applications/STM32CubeIDE.app/Contents/Eclipse/plugins/com.st.stm32cube.ide.mcu.externaltools.gnu-tools-for-stm32.9-2020-q2-update.macos64_1.5.0.202011040924/tools/bin/../lib/gcc/arm-none-eabi/9.3.1/../../../../arm-none-eabi/lib/thumb/v7e-m+fp/hard/libc_nano.a(lib_a-nano-vfprintf_i.o)
 .ARM.attributes
                0x0000000000000675       0x1c /Applications/STM32CubeIDE.app/Contents/Eclipse/plugins/com.st.stm32cube.ide.mcu.externaltools.gnu-tools-for-stm32.9-2020-q2-update.macos64_1.5.0.202011040924/tools/bin/../lib/gcc/arm-none-eabi/9.3.1/../../../../arm-none-eabi/lib/thumb/v7e-m+fp/hard/libc_nano.a(lib_a-memchr.o)
 .ARM.attributes
                0x0000000000000691       0x34 /Applications/STM32CubeIDE.app/Contents/Eclipse/plugins/com.st.stm32cube.ide.mcu.externaltools.gnu-tools-for-stm32.9-2020-q2-update.macos64_1.5.0.202011040924/tools/bin/../lib/gcc/arm-none-eabi/9.3.1/../../../../arm-none-eabi/lib/thumb/v7e-m+fp/hard/libc_nano.a(lib_a-memmove.o)
 .ARM.attributes
                0x00000000000006c5       0x34 /Applications/STM32CubeIDE.app/Contents/Eclipse/plugins/com.st.stm32cube.ide.mcu.externaltools.gnu-tools-for-stm32.9-2020-q2-update.macos64_1.5.0.202011040924/tools/bin/../lib/gcc/arm-none-eabi/9.3.1/../../../../arm-none-eabi/lib/thumb/v7e-m+fp/hard/libc_nano.a(lib_a-nano-freer.o)
 .ARM.attributes
                0x00000000000006f9       0x34 /Applications/STM32CubeIDE.app/Contents/Eclipse/plugins/com.st.stm32cube.ide.mcu.externaltools.gnu-tools-for-stm32.9-2020-q2-update.macos64_1.5.0.202011040924/tools/bin/../lib/gcc/arm-none-eabi/9.3.1/../../../../arm-none-eabi/lib/thumb/v7e-m+fp/hard/libc_nano.a(lib_a-nano-mallocr.o)
 .ARM.attributes
                0x000000000000072d       0x34 /Applications/STM32CubeIDE.app/Contents/Eclipse/plugins/com.st.stm32cube.ide.mcu.externaltools.gnu-tools-for-stm32.9-2020-q2-update.macos64_1.5.0.202011040924/tools/bin/../lib/gcc/arm-none-eabi/9.3.1/../../../../arm-none-eabi/lib/thumb/v7e-m+fp/hard/libc_nano.a(lib_a-nano-reallocr.o)
 .ARM.attributes
                0x0000000000000761       0x34 /Applications/STM32CubeIDE.app/Contents/Eclipse/plugins/com.st.stm32cube.ide.mcu.externaltools.gnu-tools-for-stm32.9-2020-q2-update.macos64_1.5.0.202011040924/tools/bin/../lib/gcc/arm-none-eabi/9.3.1/../../../../arm-none-eabi/lib/thumb/v7e-m+fp/hard/libc_nano.a(lib_a-sbrkr.o)
 .ARM.attributes
                0x0000000000000795       0x34 /Applications/STM32CubeIDE.app/Contents/Eclipse/plugins/com.st.stm32cube.ide.mcu.externaltools.gnu-tools-for-stm32.9-2020-q2-update.macos64_1.5.0.202011040924/tools/bin/../lib/gcc/arm-none-eabi/9.3.1/../../../../arm-none-eabi/lib/thumb/v7e-m+fp/hard/libc_nano.a(lib_a-mlock.o)
 .ARM.attributes
                0x00000000000007c9       0x34 /Applications/STM32CubeIDE.app/Contents/Eclipse/plugins/com.st.stm32cube.ide.mcu.externaltools.gnu-tools-for-stm32.9-2020-q2-update.macos64_1.5.0.202011040924/tools/bin/../lib/gcc/arm-none-eabi/9.3.1/../../../../arm-none-eabi/lib/thumb/v7e-m+fp/hard/libc_nano.a(lib_a-nano-msizer.o)
 .ARM.attributes
                0x00000000000007fd       0x34 /Applications/STM32CubeIDE.app/Contents/Eclipse/plugins/com.st.stm32cube.ide.mcu.externaltools.gnu-tools-for-stm32.9-2020-q2-update.macos64_1.5.0.202011040924/tools/bin/../lib/gcc/arm-none-eabi/9.3.1/../../../../arm-none-eabi/lib/thumb/v7e-m+fp/hard/libc_nano.a(lib_a-reent.o)
 .ARM.attributes
                0x0000000000000831       0x34 /Applications/STM32CubeIDE.app/Contents/Eclipse/plugins/com.st.stm32cube.ide.mcu.externaltools.gnu-tools-for-stm32.9-2020-q2-update.macos64_1.5.0.202011040924/tools/bin/../lib/gcc/arm-none-eabi/9.3.1/../../../../arm-none-eabi/lib/thumb/v7e-m+fp/hard/libc_nano.a(lib_a-lock.o)
 .ARM.attributes
                0x0000000000000865       0x1e /Applications/STM32CubeIDE.app/Contents/Eclipse/plugins/com.st.stm32cube.ide.mcu.externaltools.gnu-tools-for-stm32.9-2020-q2-update.macos64_1.5.0.202011040924/tools/bin/../lib/gcc/arm-none-eabi/9.3.1/thumb/v7e-m+fp/hard/libgcc.a(_aeabi_uldivmod.o)
 .ARM.attributes
                0x0000000000000883       0x34 /Applications/STM32CubeIDE.app/Contents/Eclipse/plugins/com.st.stm32cube.ide.mcu.externaltools.gnu-tools-for-stm32.9-2020-q2-update.macos64_1.5.0.202011040924/tools/bin/../lib/gcc/arm-none-eabi/9.3.1/thumb/v7e-m+fp/hard/libgcc.a(_udivmoddi4.o)
 .ARM.attributes
                0x00000000000008b7       0x1e /Applications/STM32CubeIDE.app/Contents/Eclipse/plugins/com.st.stm32cube.ide.mcu.externaltools.gnu-tools-for-stm32.9-2020-q2-update.macos64_1.5.0.202011040924/tools/bin/../lib/gcc/arm-none-eabi/9.3.1/thumb/v7e-m+fp/hard/libgcc.a(_dvmd_tls.o)
 .ARM.attributes
                0x00000000000008d5       0x34 /Applications/STM32CubeIDE.app/Contents/Eclipse/plugins/com.st.stm32cube.ide.mcu.externaltools.gnu-tools-for-stm32.9-2020-q2-update.macos64_1.5.0.202011040924/tools/bin/../lib/gcc/arm-none-eabi/9.3.1/../../../../arm-none-eabi/lib/thumb/v7e-m+fp/hard/libnosys.a(sbrk.o)
 .ARM.attributes
                0x0000000000000909       0x1e /Applications/STM32CubeIDE.app/Contents/Eclipse/plugins/com.st.stm32cube.ide.mcu.externaltools.gnu-tools-for-stm32.9-2020-q2-update.macos64_1.5.0.202011040924/tools/bin/../lib/gcc/arm-none-eabi/9.3.1/thumb/v7e-m+fp/hard/crtn.o
OUTPUT(01_tasks.elf elf32-littlearm)
LOAD linker stubs
LOAD /Applications/STM32CubeIDE.app/Contents/Eclipse/plugins/com.st.stm32cube.ide.mcu.externaltools.gnu-tools-for-stm32.9-2020-q2-update.macos64_1.5.0.202011040924/tools/bin/../lib/gcc/arm-none-eabi/9.3.1/../../../../arm-none-eabi/lib/thumb/v7e-m+fp/hard/libc.a
LOAD /Applications/STM32CubeIDE.app/Contents/Eclipse/plugins/com.st.stm32cube.ide.mcu.externaltools.gnu-tools-for-stm32.9-2020-q2-update.macos64_1.5.0.202011040924/tools/bin/../lib/gcc/arm-none-eabi/9.3.1/../../../../arm-none-eabi/lib/thumb/v7e-m+fp/hard/libm.a
LOAD /Applications/STM32CubeIDE.app/Contents/Eclipse/plugins/com.st.stm32cube.ide.mcu.externaltools.gnu-tools-for-stm32.9-2020-q2-update.macos64_1.5.0.202011040924/tools/bin/../lib/gcc/arm-none-eabi/9.3.1/thumb/v7e-m+fp/hard/libgcc.a

.debug_info     0x0000000000000000    0x188fb
 .debug_info    0x0000000000000000     0x175c Core/Src/main.o
 .debug_info    0x000000000000175c      0x3b3 Core/Src/stm32f4xx_hal_msp.o
 .debug_info    0x0000000000001b0f      0xc6c Core/Src/stm32f4xx_hal_timebase_tim.o
 .debug_info    0x000000000000277b      0x7cb Core/Src/stm32f4xx_it.o
 .debug_info    0x0000000000002f46      0x5a4 Core/Src/system_stm32f4xx.o
 .debug_info    0x00000000000034ea       0x22 Core/Startup/startup_stm32f407vgtx.o
 .debug_info    0x000000000000350c      0x9b2 Drivers/STM32F4xx_HAL_Driver/Src/stm32f4xx_hal.o
 .debug_info    0x0000000000003ebe      0xed7 Drivers/STM32F4xx_HAL_Driver/Src/stm32f4xx_hal_cortex.o
 .debug_info    0x0000000000004d95      0x83e Drivers/STM32F4xx_HAL_Driver/Src/stm32f4xx_hal_gpio.o
 .debug_info    0x00000000000055d3      0x996 Drivers/STM32F4xx_HAL_Driver/Src/stm32f4xx_hal_rcc.o
 .debug_info    0x0000000000005f69     0x2a90 Drivers/STM32F4xx_HAL_Driver/Src/stm32f4xx_hal_tim.o
 .debug_info    0x00000000000089f9     0x1522 Drivers/STM32F4xx_HAL_Driver/Src/stm32f4xx_hal_tim_ex.o
 .debug_info    0x0000000000009f1b      0xb9a ThirdParty/FreeRTOS/list.o
 .debug_info    0x000000000000aab5     0x1ffc ThirdParty/FreeRTOS/queue.o
 .debug_info    0x000000000000cab1     0x2a1f ThirdParty/FreeRTOS/tasks.o
 .debug_info    0x000000000000f4d0     0x157f ThirdParty/FreeRTOS/timers.o
 .debug_info    0x0000000000010a4f      0x5b1 ThirdParty/FreeRTOS/portable/GCC/ARM_CM4F/port.o
 .debug_info    0x0000000000011000      0xda4 ThirdParty/FreeRTOS/portable/MemMang/heap_4.o
 .debug_info    0x0000000000011da4      0x131 ThirdParty/SEGGER/Config/SEGGER_SYSVIEW_Config_FreeRTOS.o
 .debug_info    0x0000000000011ed5      0xc58 ThirdParty/SEGGER/OS/SEGGER_SYSVIEW_FreeRTOS.o
 .debug_info    0x0000000000012b2d     0x1dc1 ThirdParty/SEGGER/SEGGER/SEGGER_RTT.o
 .debug_info    0x00000000000148ee       0x26 ThirdParty/SEGGER/SEGGER/SEGGER_RTT_ASM_ARMv7M.o
 .debug_info    0x0000000000014914     0x3fe7 ThirdParty/SEGGER/SEGGER/SEGGER_SYSVIEW.o

.debug_abbrev   0x0000000000000000     0x3147
 .debug_abbrev  0x0000000000000000      0x31d Core/Src/main.o
 .debug_abbrev  0x000000000000031d      0x11d Core/Src/stm32f4xx_hal_msp.o
 .debug_abbrev  0x000000000000043a      0x1bf Core/Src/stm32f4xx_hal_timebase_tim.o
 .debug_abbrev  0x00000000000005f9      0x176 Core/Src/stm32f4xx_it.o
 .debug_abbrev  0x000000000000076f      0x145 Core/Src/system_stm32f4xx.o
 .debug_abbrev  0x00000000000008b4       0x12 Core/Startup/startup_stm32f407vgtx.o
 .debug_abbrev  0x00000000000008c6      0x1ed Drivers/STM32F4xx_HAL_Driver/Src/stm32f4xx_hal.o
 .debug_abbrev  0x0000000000000ab3      0x33c Drivers/STM32F4xx_HAL_Driver/Src/stm32f4xx_hal_cortex.o
 .debug_abbrev  0x0000000000000def      0x1f1 Drivers/STM32F4xx_HAL_Driver/Src/stm32f4xx_hal_gpio.o
 .debug_abbrev  0x0000000000000fe0      0x275 Drivers/STM32F4xx_HAL_Driver/Src/stm32f4xx_hal_rcc.o
 .debug_abbrev  0x0000000000001255      0x25e Drivers/STM32F4xx_HAL_Driver/Src/stm32f4xx_hal_tim.o
 .debug_abbrev  0x00000000000014b3      0x266 Drivers/STM32F4xx_HAL_Driver/Src/stm32f4xx_hal_tim_ex.o
 .debug_abbrev  0x0000000000001719      0x1f7 ThirdParty/FreeRTOS/list.o
 .debug_abbrev  0x0000000000001910      0x333 ThirdParty/FreeRTOS/queue.o
 .debug_abbrev  0x0000000000001c43      0x3a9 ThirdParty/FreeRTOS/tasks.o
 .debug_abbrev  0x0000000000001fec      0x2fd ThirdParty/FreeRTOS/timers.o
 .debug_abbrev  0x00000000000022e9      0x231 ThirdParty/FreeRTOS/portable/GCC/ARM_CM4F/port.o
 .debug_abbrev  0x000000000000251a      0x2d3 ThirdParty/FreeRTOS/portable/MemMang/heap_4.o
 .debug_abbrev  0x00000000000027ed       0xc1 ThirdParty/SEGGER/Config/SEGGER_SYSVIEW_Config_FreeRTOS.o
 .debug_abbrev  0x00000000000028ae      0x219 ThirdParty/SEGGER/OS/SEGGER_SYSVIEW_FreeRTOS.o
 .debug_abbrev  0x0000000000002ac7      0x2e1 ThirdParty/SEGGER/SEGGER/SEGGER_RTT.o
 .debug_abbrev  0x0000000000002da8       0x14 ThirdParty/SEGGER/SEGGER/SEGGER_RTT_ASM_ARMv7M.o
 .debug_abbrev  0x0000000000002dbc      0x38b ThirdParty/SEGGER/SEGGER/SEGGER_SYSVIEW.o

.debug_aranges  0x0000000000000000     0x12d8
 .debug_aranges
                0x0000000000000000       0x50 Core/Src/main.o
 .debug_aranges
                0x0000000000000050       0x20 Core/Src/stm32f4xx_hal_msp.o
 .debug_aranges
                0x0000000000000070       0x30 Core/Src/stm32f4xx_hal_timebase_tim.o
 .debug_aranges
                0x00000000000000a0       0x50 Core/Src/stm32f4xx_it.o
 .debug_aranges
                0x00000000000000f0       0x28 Core/Src/system_stm32f4xx.o
 .debug_aranges
                0x0000000000000118       0x28 Core/Startup/startup_stm32f407vgtx.o
 .debug_aranges
                0x0000000000000140       0xf0 Drivers/STM32F4xx_HAL_Driver/Src/stm32f4xx_hal.o
 .debug_aranges
                0x0000000000000230      0x118 Drivers/STM32F4xx_HAL_Driver/Src/stm32f4xx_hal_cortex.o
 .debug_aranges
                0x0000000000000348       0x58 Drivers/STM32F4xx_HAL_Driver/Src/stm32f4xx_hal_gpio.o
 .debug_aranges
                0x00000000000003a0       0x88 Drivers/STM32F4xx_HAL_Driver/Src/stm32f4xx_hal_rcc.o
 .debug_aranges
                0x0000000000000428      0x3d0 Drivers/STM32F4xx_HAL_Driver/Src/stm32f4xx_hal_tim.o
 .debug_aranges
                0x00000000000007f8      0x168 Drivers/STM32F4xx_HAL_Driver/Src/stm32f4xx_hal_tim_ex.o
 .debug_aranges
                0x0000000000000960       0x40 ThirdParty/FreeRTOS/list.o
 .debug_aranges
                0x00000000000009a0      0x130 ThirdParty/FreeRTOS/queue.o
 .debug_aranges
                0x0000000000000ad0      0x208 ThirdParty/FreeRTOS/tasks.o
 .debug_aranges
                0x0000000000000cd8       0xd8 ThirdParty/FreeRTOS/timers.o
 .debug_aranges
                0x0000000000000db0       0x88 ThirdParty/FreeRTOS/portable/GCC/ARM_CM4F/port.o
 .debug_aranges
                0x0000000000000e38       0x58 ThirdParty/FreeRTOS/portable/MemMang/heap_4.o
 .debug_aranges
                0x0000000000000e90       0x28 ThirdParty/SEGGER/Config/SEGGER_SYSVIEW_Config_FreeRTOS.o
 .debug_aranges
                0x0000000000000eb8       0x48 ThirdParty/SEGGER/OS/SEGGER_SYSVIEW_FreeRTOS.o
 .debug_aranges
                0x0000000000000f00      0x138 ThirdParty/SEGGER/SEGGER/SEGGER_RTT.o
 .debug_aranges
                0x0000000000001038       0x20 ThirdParty/SEGGER/SEGGER/SEGGER_RTT_ASM_ARMv7M.o
 .debug_aranges
                0x0000000000001058      0x280 ThirdParty/SEGGER/SEGGER/SEGGER_SYSVIEW.o

.debug_ranges   0x0000000000000000     0x1160
 .debug_ranges  0x0000000000000000       0x40 Core/Src/main.o
 .debug_ranges  0x0000000000000040       0x10 Core/Src/stm32f4xx_hal_msp.o
 .debug_ranges  0x0000000000000050       0x20 Core/Src/stm32f4xx_hal_timebase_tim.o
 .debug_ranges  0x0000000000000070       0x40 Core/Src/stm32f4xx_it.o
 .debug_ranges  0x00000000000000b0       0x18 Core/Src/system_stm32f4xx.o
 .debug_ranges  0x00000000000000c8       0x20 Core/Startup/startup_stm32f407vgtx.o
 .debug_ranges  0x00000000000000e8       0xe0 Drivers/STM32F4xx_HAL_Driver/Src/stm32f4xx_hal.o
 .debug_ranges  0x00000000000001c8      0x108 Drivers/STM32F4xx_HAL_Driver/Src/stm32f4xx_hal_cortex.o
 .debug_ranges  0x00000000000002d0       0x48 Drivers/STM32F4xx_HAL_Driver/Src/stm32f4xx_hal_gpio.o
 .debug_ranges  0x0000000000000318       0x78 Drivers/STM32F4xx_HAL_Driver/Src/stm32f4xx_hal_rcc.o
 .debug_ranges  0x0000000000000390      0x3c0 Drivers/STM32F4xx_HAL_Driver/Src/stm32f4xx_hal_tim.o
 .debug_ranges  0x0000000000000750      0x158 Drivers/STM32F4xx_HAL_Driver/Src/stm32f4xx_hal_tim_ex.o
 .debug_ranges  0x00000000000008a8       0x30 ThirdParty/FreeRTOS/list.o
 .debug_ranges  0x00000000000008d8      0x120 ThirdParty/FreeRTOS/queue.o
 .debug_ranges  0x00000000000009f8      0x1f8 ThirdParty/FreeRTOS/tasks.o
 .debug_ranges  0x0000000000000bf0       0xc8 ThirdParty/FreeRTOS/timers.o
 .debug_ranges  0x0000000000000cb8       0x78 ThirdParty/FreeRTOS/portable/GCC/ARM_CM4F/port.o
 .debug_ranges  0x0000000000000d30       0x48 ThirdParty/FreeRTOS/portable/MemMang/heap_4.o
 .debug_ranges  0x0000000000000d78       0x18 ThirdParty/SEGGER/Config/SEGGER_SYSVIEW_Config_FreeRTOS.o
 .debug_ranges  0x0000000000000d90       0x38 ThirdParty/SEGGER/OS/SEGGER_SYSVIEW_FreeRTOS.o
 .debug_ranges  0x0000000000000dc8      0x128 ThirdParty/SEGGER/SEGGER/SEGGER_RTT.o
 .debug_ranges  0x0000000000000ef0      0x270 ThirdParty/SEGGER/SEGGER/SEGGER_SYSVIEW.o

.debug_macro    0x0000000000000000    0x237a0
 .debug_macro   0x0000000000000000      0x402 Core/Src/main.o
 .debug_macro   0x0000000000000402      0xaa8 Core/Src/main.o
 .debug_macro   0x0000000000000eaa      0x295 Core/Src/main.o
 .debug_macro   0x000000000000113f       0x2e Core/Src/main.o
 .debug_macro   0x000000000000116d       0x2f Core/Src/main.o
 .debug_macro   0x000000000000119c       0x22 Core/Src/main.o
 .debug_macro   0x00000000000011be       0x8e Core/Src/main.o
 .debug_macro   0x000000000000124c       0x51 Core/Src/main.o
 .debug_macro   0x000000000000129d      0x103 Core/Src/main.o
 .debug_macro   0x00000000000013a0       0x6a Core/Src/main.o
 .debug_macro   0x000000000000140a      0x1df Core/Src/main.o
 .debug_macro   0x00000000000015e9       0x1c Core/Src/main.o
 .debug_macro   0x0000000000001605       0x22 Core/Src/main.o
 .debug_macro   0x0000000000001627       0xdf Core/Src/main.o
 .debug_macro   0x0000000000001706     0x102d Core/Src/main.o
 .debug_macro   0x0000000000002733      0x11f Core/Src/main.o
 .debug_macro   0x0000000000002852    0x15e3c Core/Src/main.o
 .debug_macro   0x000000000001868e       0x43 Core/Src/main.o
 .debug_macro   0x00000000000186d1     0x3659 Core/Src/main.o
 .debug_macro   0x000000000001bd2a      0x174 Core/Src/main.o
 .debug_macro   0x000000000001be9e       0x5c Core/Src/main.o
 .debug_macro   0x000000000001befa      0x96b Core/Src/main.o
 .debug_macro   0x000000000001c865      0x9fe Core/Src/main.o
 .debug_macro   0x000000000001d263      0x117 Core/Src/main.o
 .debug_macro   0x000000000001d37a      0x13e Core/Src/main.o
 .debug_macro   0x000000000001d4b8       0x82 Core/Src/main.o
 .debug_macro   0x000000000001d53a      0x174 Core/Src/main.o
 .debug_macro   0x000000000001d6ae      0x287 Core/Src/main.o
 .debug_macro   0x000000000001d935       0x5f Core/Src/main.o
 .debug_macro   0x000000000001d994      0x236 Core/Src/main.o
 .debug_macro   0x000000000001dbca      0x12c Core/Src/main.o
 .debug_macro   0x000000000001dcf6      0x21e Core/Src/main.o
 .debug_macro   0x000000000001df14       0x2e Core/Src/main.o
 .debug_macro   0x000000000001df42      0x11a Core/Src/main.o
 .debug_macro   0x000000000001e05c       0x7e Core/Src/main.o
 .debug_macro   0x000000000001e0da       0x89 Core/Src/main.o
 .debug_macro   0x000000000001e163      0x8d1 Core/Src/main.o
 .debug_macro   0x000000000001ea34       0x47 Core/Src/main.o
 .debug_macro   0x000000000001ea7b      0x12d Core/Src/main.o
 .debug_macro   0x000000000001eba8      0x190 Core/Src/main.o
 .debug_macro   0x000000000001ed38       0x52 Core/Src/main.o
 .debug_macro   0x000000000001ed8a       0x18 Core/Src/main.o
 .debug_macro   0x000000000001eda2       0x3c Core/Src/main.o
 .debug_macro   0x000000000001edde       0x34 Core/Src/main.o
 .debug_macro   0x000000000001ee12       0x16 Core/Src/main.o
 .debug_macro   0x000000000001ee28       0x35 Core/Src/main.o
 .debug_macro   0x000000000001ee5d      0x333 Core/Src/main.o
 .debug_macro   0x000000000001f190       0x10 Core/Src/main.o
 .debug_macro   0x000000000001f1a0       0x16 Core/Src/main.o
 .debug_macro   0x000000000001f1b6       0x43 Core/Src/main.o
 .debug_macro   0x000000000001f1f9       0x34 Core/Src/main.o
 .debug_macro   0x000000000001f22d       0x10 Core/Src/main.o
 .debug_macro   0x000000000001f23d       0x58 Core/Src/main.o
 .debug_macro   0x000000000001f295       0x71 Core/Src/main.o
 .debug_macro   0x000000000001f306       0x1c Core/Src/main.o
 .debug_macro   0x000000000001f322      0x12a Core/Src/main.o
 .debug_macro   0x000000000001f44c       0x10 Core/Src/main.o
 .debug_macro   0x000000000001f45c       0x1c Core/Src/main.o
 .debug_macro   0x000000000001f478       0x52 Core/Src/main.o
 .debug_macro   0x000000000001f4ca       0x22 Core/Src/main.o
 .debug_macro   0x000000000001f4ec       0x10 Core/Src/main.o
 .debug_macro   0x000000000001f4fc       0x40 Core/Src/main.o
 .debug_macro   0x000000000001f53c       0xd5 Core/Src/main.o
 .debug_macro   0x000000000001f611       0x1c Core/Src/main.o
 .debug_macro   0x000000000001f62d       0x3d Core/Src/main.o
 .debug_macro   0x000000000001f66a       0x16 Core/Src/main.o
 .debug_macro   0x000000000001f680      0x145 Core/Src/main.o
 .debug_macro   0x000000000001f7c5      0x113 Core/Src/main.o
 .debug_macro   0x000000000001f8d8       0x4c Core/Src/main.o
 .debug_macro   0x000000000001f924       0x46 Core/Src/main.o
 .debug_macro   0x000000000001f96a       0x64 Core/Src/main.o
 .debug_macro   0x000000000001f9ce       0x49 Core/Src/main.o
 .debug_macro   0x000000000001fa17       0xc3 Core/Src/main.o
 .debug_macro   0x000000000001fada      0x204 Core/Src/main.o
 .debug_macro   0x000000000001fcde      0x450 Core/Src/main.o
 .debug_macro   0x000000000002012e      0x15a Core/Src/main.o
 .debug_macro   0x0000000000020288       0xea Core/Src/main.o
 .debug_macro   0x0000000000020372       0x1c Core/Src/main.o