00:46:25 **** Incremental Build of configuration Debug for project HelloWorld ****
make -j3 all 
arm-none-eabi-gcc "../Src/main.c" -mcpu=cortex-m4 -std=gnu11 -g3 -DSTM32 -DSTM32F407G_DISC1 -DSTM32F4 -DSTM32F407VGTx -DDEBUG -c -I../Inc -O0 -ffunction-sections -fdata-sections -Wall -fstack-usage -MMD -MP -MF"Src/main.d" -MT"Src/main.o" --specs=nano.specs -mfpu=fpv4-sp-d16 -mfloat-abi=hard -mthumb -o "Src/main.o"
../Src/main.c: In function 'main':
../Src/main.c:34:19: warning: format '%lx' expects argument of type 'long unsigned int', but argument 2 has type 'uint32_t *' {aka 'long unsigned int *'} [-Wformat=]
   34 |  printf("pt is: %lx\n", pt);
      |                 ~~^     ~~
      |                   |     |
      |                   |     uint32_t * {aka long unsigned int *}
      |                   long unsigned int
      |                 %ln
arm-none-eabi-gcc -o "HelloWorld.elf" @"objects.list"   -mcpu=cortex-m4 -T"/Users/leo/Embedded_C/Data_Structures_and_State_Machines/target/HelloWorld/STM32F407VGTX_FLASH.ld" --specs=nosys.specs -Wl,-Map="HelloWorld.map" -Wl,--gc-sections -static --specs=nano.specs -mfpu=fpv4-sp-d16 -mfloat-abi=hard -mthumb -Wl,--start-group -lc -lm -Wl,--end-group
Finished building target: HelloWorld.elf
 
arm-none-eabi-objdump -h -S  HelloWorld.elf  > "HelloWorld.list"
arm-none-eabi-objcopy  -O binary  HelloWorld.elf  "HelloWorld.bin"
arm-none-eabi-size   HelloWorld.elf 
   text	   data	    bss	    dec	    hex	filename
   5456	    108	   1596	   7160	   1bf8	HelloWorld.elf
Finished building: default.size.stdout
 
Finished building: HelloWorld.bin
 
Finished building: HelloWorld.list
 

00:46:25 Build Finished. 0 errors, 1 warnings. (took 280ms)

