Archive member included to satisfy reference by file (symbol)

/Applications/STM32CubeIDE.app/Contents/Eclipse/plugins/com.st.stm32cube.ide.mcu.externaltools.gnu-tools-for-stm32.9-2020-q2-update.macos64_1.5.0.202011040924/tools/bin/../lib/gcc/arm-none-eabi/9.3.1/../../../../arm-none-eabi/lib/thumb/v7e-m+fp/hard/libc_nano.a(lib_a-errno.o)
                              Core/Src/syscalls.o (__errno)
/Applications/STM32CubeIDE.app/Contents/Eclipse/plugins/com.st.stm32cube.ide.mcu.externaltools.gnu-tools-for-stm32.9-2020-q2-update.macos64_1.5.0.202011040924/tools/bin/../lib/gcc/arm-none-eabi/9.3.1/../../../../arm-none-eabi/lib/thumb/v7e-m+fp/hard/libc_nano.a(lib_a-exit.o)
                              /Applications/STM32CubeIDE.app/Contents/Eclipse/plugins/com.st.stm32cube.ide.mcu.externaltools.gnu-tools-for-stm32.9-2020-q2-update.macos64_1.5.0.202011040924/tools/bin/../lib/gcc/arm-none-eabi/9.3.1/../../../../arm-none-eabi/lib/thumb/v7e-m+fp/hard/crt0.o (exit)
/Applications/STM32CubeIDE.app/Contents/Eclipse/plugins/com.st.stm32cube.ide.mcu.externaltools.gnu-tools-for-stm32.9-2020-q2-update.macos64_1.5.0.202011040924/tools/bin/../lib/gcc/arm-none-eabi/9.3.1/../../../../arm-none-eabi/lib/thumb/v7e-m+fp/hard/libc_nano.a(lib_a-impure.o)
                              /Applications/STM32CubeIDE.app/Contents/Eclipse/plugins/com.st.stm32cube.ide.mcu.externaltools.gnu-tools-for-stm32.9-2020-q2-update.macos64_1.5.0.202011040924/tools/bin/../lib/gcc/arm-none-eabi/9.3.1/../../../../arm-none-eabi/lib/thumb/v7e-m+fp/hard/libc_nano.a(lib_a-exit.o) (_global_impure_ptr)
/Applications/STM32CubeIDE.app/Contents/Eclipse/plugins/com.st.stm32cube.ide.mcu.externaltools.gnu-tools-for-stm32.9-2020-q2-update.macos64_1.5.0.202011040924/tools/bin/../lib/gcc/arm-none-eabi/9.3.1/../../../../arm-none-eabi/lib/thumb/v7e-m+fp/hard/libc_nano.a(lib_a-init.o)
                              /Applications/STM32CubeIDE.app/Contents/Eclipse/plugins/com.st.stm32cube.ide.mcu.externaltools.gnu-tools-for-stm32.9-2020-q2-update.macos64_1.5.0.202011040924/tools/bin/../lib/gcc/arm-none-eabi/9.3.1/../../../../arm-none-eabi/lib/thumb/v7e-m+fp/hard/crt0.o (__libc_init_array)
/Applications/STM32CubeIDE.app/Contents/Eclipse/plugins/com.st.stm32cube.ide.mcu.externaltools.gnu-tools-for-stm32.9-2020-q2-update.macos64_1.5.0.202011040924/tools/bin/../lib/gcc/arm-none-eabi/9.3.1/../../../../arm-none-eabi/lib/thumb/v7e-m+fp/hard/libc_nano.a(lib_a-memcmp.o)
                              common/ThirdParty/SEGGER/OS/SEGGER_SYSVIEW_FreeRTOS.o (memcmp)
/Applications/STM32CubeIDE.app/Contents/Eclipse/plugins/com.st.stm32cube.ide.mcu.externaltools.gnu-tools-for-stm32.9-2020-q2-update.macos64_1.5.0.202011040924/tools/bin/../lib/gcc/arm-none-eabi/9.3.1/../../../../arm-none-eabi/lib/thumb/v7e-m+fp/hard/libc_nano.a(lib_a-memcpy-stub.o)
                              common/ThirdParty/FreeRTOS/queue.o (memcpy)
/Applications/STM32CubeIDE.app/Contents/Eclipse/plugins/com.st.stm32cube.ide.mcu.externaltools.gnu-tools-for-stm32.9-2020-q2-update.macos64_1.5.0.202011040924/tools/bin/../lib/gcc/arm-none-eabi/9.3.1/../../../../arm-none-eabi/lib/thumb/v7e-m+fp/hard/libc_nano.a(lib_a-memset.o)
                              /Applications/STM32CubeIDE.app/Contents/Eclipse/plugins/com.st.stm32cube.ide.mcu.externaltools.gnu-tools-for-stm32.9-2020-q2-update.macos64_1.5.0.202011040924/tools/bin/../lib/gcc/arm-none-eabi/9.3.1/../../../../arm-none-eabi/lib/thumb/v7e-m+fp/hard/crt0.o (memset)
/Applications/STM32CubeIDE.app/Contents/Eclipse/plugins/com.st.stm32cube.ide.mcu.externaltools.gnu-tools-for-stm32.9-2020-q2-update.macos64_1.5.0.202011040924/tools/bin/../lib/gcc/arm-none-eabi/9.3.1/../../../../arm-none-eabi/lib/thumb/v7e-m+fp/hard/libc_nano.a(lib_a-strlen.o)
                              common/ThirdParty/SEGGER/SEGGER/SEGGER_RTT.o (strlen)
/Applications/STM32CubeIDE.app/Contents/Eclipse/plugins/com.st.stm32cube.ide.mcu.externaltools.gnu-tools-for-stm32.9-2020-q2-update.macos64_1.5.0.202011040924/tools/bin/../lib/gcc/arm-none-eabi/9.3.1/thumb/v7e-m+fp/hard/libgcc.a(_aeabi_uldivmod.o)
                              Drivers/STM32F4xx_HAL_Driver/Src/stm32f4xx_hal_rcc.o (__aeabi_uldivmod)
/Applications/STM32CubeIDE.app/Contents/Eclipse/plugins/com.st.stm32cube.ide.mcu.externaltools.gnu-tools-for-stm32.9-2020-q2-update.macos64_1.5.0.202011040924/tools/bin/../lib/gcc/arm-none-eabi/9.3.1/thumb/v7e-m+fp/hard/libgcc.a(_udivmoddi4.o)
                              /Applications/STM32CubeIDE.app/Contents/Eclipse/plugins/com.st.stm32cube.ide.mcu.externaltools.gnu-tools-for-stm32.9-2020-q2-update.macos64_1.5.0.202011040924/tools/bin/../lib/gcc/arm-none-eabi/9.3.1/thumb/v7e-m+fp/hard/libgcc.a(_aeabi_uldivmod.o) (__udivmoddi4)
/Applications/STM32CubeIDE.app/Contents/Eclipse/plugins/com.st.stm32cube.ide.mcu.externaltools.gnu-tools-for-stm32.9-2020-q2-update.macos64_1.5.0.202011040924/tools/bin/../lib/gcc/arm-none-eabi/9.3.1/thumb/v7e-m+fp/hard/libgcc.a(_dvmd_tls.o)
[...]
Memory Configuration

Name             Origin             Length             Attributes
CCMRAM           0x0000000010000000 0x0000000000010000 xrw
RAM              0x0000000020000000 0x0000000000020000 xrw
FLASH            0x0000000008000000 0x0000000000100000 xr
*default*        0x0000000000000000 0xffffffffffffffff

Linker script and memory map

LOAD /Applications/STM32CubeIDE.app/Contents/Eclipse/plugins/com.st.stm32cube.ide.mcu.externaltools.gnu-tools-for-stm32.9-2020-q2-update.macos64_1.5.0.202011040924/tools/bin/../lib/gcc/arm-none-eabi/9.3.1/thumb/v7e-m+fp/hard/crti.o
LOAD /Applications/STM32CubeIDE.app/Contents/Eclipse/plugins/com.st.stm32cube.ide.mcu.externaltools.gnu-tools-for-stm32.9-2020-q2-update.macos64_1.5.0.202011040924/tools/bin/../lib/gcc/arm-none-eabi/9.3.1/thumb/v7e-m+fp/hard/crtbegin.o
LOAD /Applications/STM32CubeIDE.app/Contents/Eclipse/plugins/com.st.stm32cube.ide.mcu.externaltools.gnu-tools-for-stm32.9-2020-q2-update.macos64_1.5.0.202011040924/tools/bin/../lib/gcc/arm-none-eabi/9.3.1/../../../../arm-none-eabi/lib/thumb/v7e-m+fp/hard/crt0.o
LOAD Core/Src/main.o
LOAD Core/Src/stm32f4xx_hal_msp.o
LOAD Core/Src/stm32f4xx_hal_timebase_tim.o
LOAD Core/Src/stm32f4xx_it.o
LOAD Core/Src/syscalls.o
LOAD Core/Src/sysmem.o
LOAD Core/Src/system_stm32f4xx.o
LOAD Core/Startup/startup_stm32f407vgtx.o
LOAD Drivers/STM32F4xx_HAL_Driver/Src/stm32f4xx_hal.o
LOAD Drivers/STM32F4xx_HAL_Driver/Src/stm32f4xx_hal_cortex.o
LOAD Drivers/STM32F4xx_HAL_Driver/Src/stm32f4xx_hal_dma.o
LOAD Drivers/STM32F4xx_HAL_Driver/Src/stm32f4xx_hal_dma_ex.o
LOAD Drivers/STM32F4xx_HAL_Driver/Src/stm32f4xx_hal_exti.o
LOAD Drivers/STM32F4xx_HAL_Driver/Src/stm32f4xx_hal_flash.o
LOAD Drivers/STM32F4xx_HAL_Driver/Src/stm32f4xx_hal_flash_ex.o
LOAD Drivers/STM32F4xx_HAL_Driver/Src/stm32f4xx_hal_flash_ramfunc.o
LOAD Drivers/STM32F4xx_HAL_Driver/Src/stm32f4xx_hal_gpio.o
LOAD Drivers/STM32F4xx_HAL_Driver/Src/stm32f4xx_hal_pwr.o
LOAD Drivers/STM32F4xx_HAL_Driver/Src/stm32f4xx_hal_pwr_ex.o
LOAD Drivers/STM32F4xx_HAL_Driver/Src/stm32f4xx_hal_rcc.o
LOAD Drivers/STM32F4xx_HAL_Driver/Src/stm32f4xx_hal_rcc_ex.o
LOAD Drivers/STM32F4xx_HAL_Driver/Src/stm32f4xx_hal_tim.o
LOAD Drivers/STM32F4xx_HAL_Driver/Src/stm32f4xx_hal_tim_ex.o
LOAD common/ThirdParty/FreeRTOS/croutine.o
LOAD common/ThirdParty/FreeRTOS/event_groups.o
LOAD common/ThirdParty/FreeRTOS/list.o
LOAD common/ThirdParty/FreeRTOS/queue.o
LOAD common/ThirdParty/FreeRTOS/stream_buffer.o
LOAD common/ThirdParty/FreeRTOS/tasks.o
LOAD common/ThirdParty/FreeRTOS/timers.o
LOAD common/ThirdParty/FreeRTOS/portable/GCC/ARM_CM4F/port.o
LOAD common/ThirdParty/FreeRTOS/portable/MemMang/heap_4.o
LOAD common/ThirdParty/SEGGER/Config/SEGGER_SYSVIEW_Config_FreeRTOS.o
LOAD common/ThirdParty/SEGGER/OS/SEGGER_SYSVIEW_FreeRTOS.o
LOAD common/ThirdParty/SEGGER/SEGGER/SEGGER_RTT.o
LOAD common/ThirdParty/SEGGER/SEGGER/SEGGER_RTT_ASM_ARMv7M.o
LOAD common/ThirdParty/SEGGER/SEGGER/SEGGER_RTT_printf.o
LOAD common/ThirdParty/SEGGER/SEGGER/SEGGER_SYSVIEW.o
LOAD common/ThirdParty/SEGGER/SEGGER/Syscalls/SEGGER_RTT_Syscalls_GCC.o
START GROUP
LOAD /Applications/STM32CubeIDE.app/Contents/Eclipse/plugins/com.st.stm32cube.ide.mcu.externaltools.gnu-tools-for-stm32.9-2020-q2-update.macos64_1.5.0.202011040924/tools/bin/../lib/gcc/arm-none-eabi/9.3.1/../../../../arm-none-eabi/lib/thumb/v7e-m+fp/hard/libc_nano.a
LOAD /Applications/STM32CubeIDE.app/Contents/Eclipse/plugins/com.st.stm32cube.ide.mcu.externaltools.gnu-tools-for-stm32.9-2020-q2-update.macos64_1.5.0.202011040924/tools/bin/../lib/gcc/arm-none-eabi/9.3.1/../../../../arm-none-eabi/lib/thumb/v7e-m+fp/hard/libm.a
END GROUP
START GROUP
LOAD /Applications/STM32CubeIDE.app/Contents/Eclipse/plugins/com.st.stm32cube.ide.mcu.externaltools.gnu-tools-for-stm32.9-2020-q2-update.macos64_1.5.0.202011040924/tools/bin/../lib/gcc/arm-none-eabi/9.3.1/thumb/v7e-m+fp/hard/libgcc.a
LOAD /Applications/STM32CubeIDE.app/Contents/Eclipse/plugins/com.st.stm32cube.ide.mcu.externaltools.gnu-tools-for-stm32.9-2020-q2-update.macos64_1.5.0.202011040924/tools/bin/../lib/gcc/arm-none-eabi/9.3.1/../../../../arm-none-eabi/lib/thumb/v7e-m+fp/hard/libc_nano.a
END GROUP
START GROUP
LOAD /Applications/STM32CubeIDE.app/Contents/Eclipse/plugins/com.st.stm32cube.ide.mcu.externaltools.gnu-tools-for-stm32.9-2020-q2-update.macos64_1.5.0.202011040924/tools/bin/../lib/gcc/arm-none-eabi/9.3.1/thumb/v7e-m+fp/hard/libgcc.a
LOAD /Applications/STM32CubeIDE.app/Contents/Eclipse/plugins/com.st.stm32cube.ide.mcu.externaltools.gnu-tools-for-stm32.9-2020-q2-update.macos64_1.5.0.202011040924/tools/bin/../lib/gcc/arm-none-eabi/9.3.1/../../../../arm-none-eabi/lib/thumb/v7e-m+fp/hard/libc_nano.a
LOAD /Applications/STM32CubeIDE.app/Contents/Eclipse/plugins/com.st.stm32cube.ide.mcu.externaltools.gnu-tools-for-stm32.9-2020-q2-update.macos64_1.5.0.202011040924/tools/bin/../lib/gcc/arm-none-eabi/9.3.1/../../../../arm-none-eabi/lib/thumb/v7e-m+fp/hard/libnosys.a
END GROUP
START GROUP
LOAD /Applications/STM32CubeIDE.app/Contents/Eclipse/plugins/com.st.stm32cube.ide.mcu.externaltools.gnu-tools-for-stm32.9-2020-q2-update.macos64_1.5.0.202011040924/tools/bin/../lib/gcc/arm-none-eabi/9.3.1/thumb/v7e-m+fp/hard/libgcc.a
LOAD /Applications/STM32CubeIDE.app/Contents/Eclipse/plugins/com.st.stm32cube.ide.mcu.externaltools.gnu-tools-for-stm32.9-2020-q2-update.macos64_1.5.0.202011040924/tools/bin/../lib/gcc/arm-none-eabi/9.3.1/../../../../arm-none-eabi/lib/thumb/v7e-m+fp/hard/libc_nano.a
LOAD /Applications/STM32CubeIDE.app/Contents/Eclipse/plugins/com.st.stm32cube.ide.mcu.externaltools.gnu-tools-for-stm32.9-2020-q2-update.macos64_1.5.0.202011040924/tools/bin/../lib/gcc/arm-none-eabi/9.3.1/../../../../arm-none-eabi/lib/thumb/v7e-m+fp/hard/libnosys.a
END GROUP
LOAD /Applications/STM32CubeIDE.app/Contents/Eclipse/plugins/com.st.stm32cube.ide.mcu.externaltools.gnu-tools-for-stm32.9-2020-q2-update.macos64_1.5.0.202011040924/tools/bin/../lib/gcc/arm-none-eabi/9.3.1/thumb/v7e-m+fp/hard/crtend.o
LOAD /Applications/STM32CubeIDE.app/Contents/Eclipse/plugins/com.st.stm32cube.ide.mcu.externaltools.gnu-tools-for-stm32.9-2020-q2-update.macos64_1.5.0.202011040924/tools/bin/../lib/gcc/arm-none-eabi/9.3.1/thumb/v7e-m+fp/hard/crtn.o
                0x0000000020020000                _estack = (ORIGIN (RAM) + LENGTH (RAM))
                0x0000000000000200                _Min_Heap_Size = 0x200
                0x0000000000000400                _Min_Stack_Size = 0x400

.isr_vector     0x0000000008000000      0x188
                0x0000000008000000                . = ALIGN (0x4)
 *(.isr_vector)
 .isr_vector    0x0000000008000000      0x188 Core/Startup/startup_stm32f407vgtx.o
                0x0000000008000000                g_pfnVectors
                0x0000000008000188                . = ALIGN (0x4)

.text           0x0000000008000190     0x65b0
                0x0000000008000190                . = ALIGN (0x4)
 *(.text)
 .text          0x0000000008000190       0x40 /Applications/STM32CubeIDE.app/Contents/Eclipse/plugins/com.st.stm32cube.ide.mcu.externaltools.gnu-tools-for-stm32.9-2020-q2-update.macos64_1.5.0.202011040924/tools/bin/../lib/gcc/arm-none-eabi/9.3.1/thumb/v7e-m+fp/hard/crtbegin.o
 .text          0x00000000080001d0       0x94 common/ThirdParty/SEGGER/SEGGER/SEGGER_RTT_ASM_ARMv7M.o
                0x00000000080001d0                SEGGER_RTT_ASM_WriteSkipNoLock
 .text          0x0000000008000264       0x30 /Applications/STM32CubeIDE.app/Contents/Eclipse/plugins/com.st.stm32cube.ide.mcu.externaltools.gnu-tools-for-stm32.9-2020-q2-update.macos64_1.5.0.202011040924/tools/bin/../lib/gcc/arm-none-eabi/9.3.1/thumb/v7e-m+fp/hard/libgcc.a(_aeabi_uldivmod.o)
                0x0000000008000264                __aeabi_uldivmod
 .text          0x0000000008000294      0x2c4 /Applications/STM32CubeIDE.app/Contents/Eclipse/plugins/com.st.stm32cube.ide.mcu.externaltools.gnu-tools-for-stm32.9-2020-q2-update.macos64_1.5.0.202011040924/tools/bin/../lib/gcc/arm-none-eabi/9.3.1/thumb/v7e-m+fp/hard/libgcc.a(_udivmoddi4.o)
                0x0000000008000294                __udivmoddi4
 .text          0x0000000008000558        0x4 /Applications/STM32CubeIDE.app/Contents/Eclipse/plugins/com.st.stm32cube.ide.mcu.externaltools.gnu-tools-for-stm32.9-2020-q2-update.macos64_1.5.0.202011040924/tools/bin/../lib/gcc/arm-none-eabi/9.3.1/thumb/v7e-m+fp/hard/libgcc.a(_dvmd_tls.o)
                0x0000000008000558                __aeabi_ldiv0
                0x0000000008000558                __aeabi_idiv0
 *(.text*)
 .text.main     0x000000000800055c       0xdc Core/Src/main.o
                0x000000000800055c                main
 .text.SystemClock_Config
                0x0000000008000638       0xd4 Core/Src/main.o
                0x0000000008000638                SystemClock_Config
 .text.MX_GPIO_Init
                0x000000000800070c      0x2bc Core/Src/main.o
 .text.led_green_handler
                0x00000000080009c8       0x2c Core/Src/main.o
 .text.led_orange_handler
                0x00000000080009f4       0x2c Core/Src/main.o
 .text.led_red_handler
                0x0000000008000a20       0x2c Core/Src/main.o
 .text.HAL_TIM_PeriodElapsedCallback
                0x0000000008000a4c       0x24 Core/Src/main.o
                0x0000000008000a4c                HAL_TIM_PeriodElapsedCallback
 .text.Error_Handler
                0x0000000008000a70        0xe Core/Src/main.o
                0x0000000008000a70                Error_Handler
 *fill*         0x0000000008000a7e        0x2 
 .text.HAL_MspInit
                0x0000000008000a80       0x50 Core/Src/stm32f4xx_hal_msp.o
                0x0000000008000a80                HAL_MspInit
 .text.HAL_InitTick
                0x0000000008000ad0       0xb4 Core/Src/stm32f4xx_hal_timebase_tim.o
                0x0000000008000ad0                HAL_InitTick
 .text.NMI_Handler
                0x0000000008000b84        0x6 Core/Src/stm32f4xx_it.o
                0x0000000008000b84                NMI_Handler
 .text.HardFault_Handler
                0x0000000008000b8a        0x6 Core/Src/stm32f4xx_it.o
                0x0000000008000b8a                HardFault_Handler
 .text.MemManage_Handler
                0x0000000008000b90        0x6 Core/Src/stm32f4xx_it.o
                0x0000000008000b90                MemManage_Handler
 .text.BusFault_Handler
                0x0000000008000b96        0x6 Core/Src/stm32f4xx_it.o
                0x0000000008000b96                BusFault_Handler
 .text.UsageFault_Handler
                0x0000000008000b9c        0x6 Core/Src/stm32f4xx_it.o
                0x0000000008000b9c                UsageFault_Handler
 .text.DebugMon_Handler
                0x0000000008000ba2        0xe Core/Src/stm32f4xx_it.o
                0x0000000008000ba2                DebugMon_Handler
 .text.TIM6_DAC_IRQHandler
                0x0000000008000bb0       0x14 Core/Src/stm32f4xx_it.o
                0x0000000008000bb0                TIM6_DAC_IRQHandler
 .text.SystemInit
                0x0000000008000bc4       0x24 Core/Src/system_stm32f4xx.o
                0x0000000008000bc4                SystemInit
 .text.Reset_Handler
                0x0000000008000be8       0x50 Core/Startup/startup_stm32f407vgtx.o
                0x0000000008000be8                Reset_Handler
 .text.Default_Handler
                0x0000000008000c38        0x2 Core/Startup/startup_stm32f407vgtx.o
                0x0000000008000c38                DMA1_Stream3_IRQHandler
                0x0000000008000c38                HASH_RNG_IRQHandler
                0x0000000008000c38                EXTI2_IRQHandler
                0x0000000008000c38                TIM8_CC_IRQHandler
                0x0000000008000c38                TIM1_CC_IRQHandler
                0x0000000008000c38                DMA2_Stream5_IRQHandler
                0x0000000008000c38                DMA1_Stream5_IRQHandler
                0x0000000008000c38                PVD_IRQHandler
                0x0000000008000c38                SDIO_IRQHandler
                0x0000000008000c38                TAMP_STAMP_IRQHandler
                0x0000000008000c38                CAN2_RX1_IRQHandler
                0x0000000008000c38                EXTI3_IRQHandler
                0x0000000008000c38                TIM8_TRG_COM_TIM14_IRQHandler
                0x0000000008000c38                TIM1_UP_TIM10_IRQHandler
                0x0000000008000c38                TIM8_UP_TIM13_IRQHandler
                0x0000000008000c38                I2C3_ER_IRQHandler
                0x0000000008000c38                EXTI0_IRQHandler
                0x0000000008000c38                I2C2_EV_IRQHandler
                0x0000000008000c38                DMA1_Stream2_IRQHandler
                0x0000000008000c38                CAN1_RX0_IRQHandler
                0x0000000008000c38                FPU_IRQHandler
                0x0000000008000c38                OTG_HS_WKUP_IRQHandler
                0x0000000008000c38                CAN2_SCE_IRQHandler
                0x0000000008000c38                DMA2_Stream2_IRQHandler
                0x0000000008000c38                SPI1_IRQHandler
                0x0000000008000c38                TIM1_BRK_TIM9_IRQHandler
                0x0000000008000c38                DCMI_IRQHandler
                0x0000000008000c38                CAN2_RX0_IRQHandler
                0x0000000008000c38                DMA2_Stream3_IRQHandler
                0x0000000008000c38                USART6_IRQHandler
                0x0000000008000c38                USART3_IRQHandler
                0x0000000008000c38                CAN1_RX1_IRQHandler
                0x0000000008000c38                UART5_IRQHandler
                0x0000000008000c38                DMA2_Stream0_IRQHandler
                0x0000000008000c38                TIM4_IRQHandler
                0x0000000008000c38                I2C1_EV_IRQHandler
                0x0000000008000c38                DMA1_Stream6_IRQHandler
                0x0000000008000c38                DMA1_Stream1_IRQHandler
                0x0000000008000c38                UART4_IRQHandler
                0x0000000008000c38                TIM3_IRQHandler
                0x0000000008000c38                RCC_IRQHandler
                0x0000000008000c38                TIM8_BRK_TIM12_IRQHandler
                0x0000000008000c38                Default_Handler
                0x0000000008000c38                EXTI15_10_IRQHandler
                0x0000000008000c38                ADC_IRQHandler
                0x0000000008000c38                DMA1_Stream7_IRQHandler
                0x0000000008000c38                TIM7_IRQHandler
                0x0000000008000c38                CAN2_TX_IRQHandler
                0x0000000008000c38                TIM5_IRQHandler
                0x0000000008000c38                DMA2_Stream7_IRQHandler
                0x0000000008000c38                I2C3_EV_IRQHandler
                0x0000000008000c38                EXTI9_5_IRQHandler
                0x0000000008000c38                RTC_WKUP_IRQHandler
                0x0000000008000c38                ETH_WKUP_IRQHandler
                0x0000000008000c38                SPI2_IRQHandler
                0x0000000008000c38                OTG_HS_EP1_IN_IRQHandler
                0x0000000008000c38                DMA1_Stream0_IRQHandler
                0x0000000008000c38                CAN1_TX_IRQHandler
                0x0000000008000c38                EXTI4_IRQHandler
                0x0000000008000c38                FSMC_IRQHandler
                0x0000000008000c38                ETH_IRQHandler
                0x0000000008000c38                OTG_HS_EP1_OUT_IRQHandler
                0x0000000008000c38                WWDG_IRQHandler
                0x0000000008000c38                TIM2_IRQHandler
                0x0000000008000c38                OTG_FS_WKUP_IRQHandler
                0x0000000008000c38                TIM1_TRG_COM_TIM11_IRQHandler
                0x0000000008000c38                OTG_HS_IRQHandler
                0x0000000008000c38                EXTI1_IRQHandler
                0x0000000008000c38                USART2_IRQHandler
                0x0000000008000c38                I2C2_ER_IRQHandler
                0x0000000008000c38                DMA2_Stream1_IRQHandler
                0x0000000008000c38                CAN1_SCE_IRQHandler
                0x0000000008000c38                FLASH_IRQHandler
                0x0000000008000c38                DMA2_Stream4_IRQHandler
                0x0000000008000c38                USART1_IRQHandler
                0x0000000008000c38                OTG_FS_IRQHandler
                0x0000000008000c38                SPI3_IRQHandler
                0x0000000008000c38                DMA1_Stream4_IRQHandler
                0x0000000008000c38                I2C1_ER_IRQHandler
                0x0000000008000c38                DMA2_Stream6_IRQHandler
                0x0000000008000c38                RTC_Alarm_IRQHandler
 *fill*         0x0000000008000c3a        0x2 
 .text.HAL_Init
                0x0000000008000c3c       0x44 Drivers/STM32F4xx_HAL_Driver/Src/stm32f4xx_hal.o
                0x0000000008000c3c                HAL_Init
 .text.HAL_IncTick
                0x0000000008000c80       0x28 Drivers/STM32F4xx_HAL_Driver/Src/stm32f4xx_hal.o
                0x0000000008000c80                HAL_IncTick
 .text.HAL_GetTick
                0x0000000008000ca8       0x18 Drivers/STM32F4xx_HAL_Driver/Src/stm32f4xx_hal.o
                0x0000000008000ca8                HAL_GetTick
 .text.HAL_Delay
                0x0000000008000cc0       0x48 Drivers/STM32F4xx_HAL_Driver/Src/stm32f4xx_hal.o
                0x0000000008000cc0                HAL_Delay
 .text.__NVIC_SetPriorityGrouping
                0x0000000008000d08       0x48 Drivers/STM32F4xx_HAL_Driver/Src/stm32f4xx_hal_cortex.o
 .text.__NVIC_GetPriorityGrouping
                0x0000000008000d50       0x1c Drivers/STM32F4xx_HAL_Driver/Src/stm32f4xx_hal_cortex.o
 .text.__NVIC_EnableIRQ
                0x0000000008000d6c       0x3c Drivers/STM32F4xx_HAL_Driver/Src/stm32f4xx_hal_cortex.o
 .text.__NVIC_SetPriority
                0x0000000008000da8       0x54 Drivers/STM32F4xx_HAL_Driver/Src/stm32f4xx_hal_cortex.o
 .text.NVIC_EncodePriority
                0x0000000008000dfc       0x66 Drivers/STM32F4xx_HAL_Driver/Src/stm32f4xx_hal_cortex.o
 .text.HAL_NVIC_SetPriorityGrouping
                0x0000000008000e62       0x16 Drivers/STM32F4xx_HAL_Driver/Src/stm32f4xx_hal_cortex.o
                0x0000000008000e62                HAL_NVIC_SetPriorityGrouping
 .text.HAL_NVIC_SetPriority
                0x0000000008000e78       0x38 Drivers/STM32F4xx_HAL_Driver/Src/stm32f4xx_hal_cortex.o
                0x0000000008000e78                HAL_NVIC_SetPriority
 .text.HAL_NVIC_EnableIRQ
                0x0000000008000eb0       0x1c Drivers/STM32F4xx_HAL_Driver/Src/stm32f4xx_hal_cortex.o
                0x0000000008000eb0                HAL_NVIC_EnableIRQ
 .text.HAL_GPIO_Init
                0x0000000008000ecc      0x338 Drivers/STM32F4xx_HAL_Driver/Src/stm32f4xx_hal_gpio.o
                0x0000000008000ecc                HAL_GPIO_Init
 .text.HAL_GPIO_WritePin
                0x0000000008001204       0x32 Drivers/STM32F4xx_HAL_Driver/Src/stm32f4xx_hal_gpio.o
                0x0000000008001204                HAL_GPIO_WritePin
 .text.HAL_GPIO_TogglePin
                0x0000000008001236       0x34 Drivers/STM32F4xx_HAL_Driver/Src/stm32f4xx_hal_gpio.o
                0x0000000008001236                HAL_GPIO_TogglePin
 *fill*         0x000000000800126a        0x2 
 .text.HAL_RCC_OscConfig
                0x000000000800126c      0x4f0 Drivers/STM32F4xx_HAL_Driver/Src/stm32f4xx_hal_rcc.o
                0x000000000800126c                HAL_RCC_OscConfig
 .text.HAL_RCC_ClockConfig
                0x000000000800175c      0x1cc Drivers/STM32F4xx_HAL_Driver/Src/stm32f4xx_hal_rcc.o
                0x000000000800175c                HAL_RCC_ClockConfig
 .text.HAL_RCC_GetSysClockFreq
                0x0000000008001928      0x1c4 Drivers/STM32F4xx_HAL_Driver/Src/stm32f4xx_hal_rcc.o
                0x0000000008001928                HAL_RCC_GetSysClockFreq
 .text.HAL_RCC_GetHCLKFreq
                0x0000000008001aec       0x18 Drivers/STM32F4xx_HAL_Driver/Src/stm32f4xx_hal_rcc.o
                0x0000000008001aec                HAL_RCC_GetHCLKFreq
 .text.HAL_RCC_GetPCLK1Freq
                0x0000000008001b04       0x28 Drivers/STM32F4xx_HAL_Driver/Src/stm32f4xx_hal_rcc.o
                0x0000000008001b04                HAL_RCC_GetPCLK1Freq
 .text.HAL_RCC_GetClockConfig
                0x0000000008001b2c       0x64 Drivers/STM32F4xx_HAL_Driver/Src/stm32f4xx_hal_rcc.o
                0x0000000008001b2c                HAL_RCC_GetClockConfig
 .text.HAL_TIM_Base_Init
                0x0000000008001b90       0x9e Drivers/STM32F4xx_HAL_Driver/Src/stm32f4xx_hal_tim.o
                0x0000000008001b90                HAL_TIM_Base_Init
 .text.HAL_TIM_Base_MspInit
                0x0000000008001c2e       0x14 Drivers/STM32F4xx_HAL_Driver/Src/stm32f4xx_hal_tim.o
                0x0000000008001c2e                HAL_TIM_Base_MspInit
 *fill*         0x0000000008001c42        0x2 
 .text.HAL_TIM_Base_Start_IT
                0x0000000008001c44       0xe0 Drivers/STM32F4xx_HAL_Driver/Src/stm32f4xx_hal_tim.o
                0x0000000008001c44                HAL_TIM_Base_Start_IT
 .text.HAL_TIM_IRQHandler
                0x0000000008001d24      0x210 Drivers/STM32F4xx_HAL_Driver/Src/stm32f4xx_hal_tim.o
                0x0000000008001d24                HAL_TIM_IRQHandler
 .text.HAL_TIM_OC_DelayElapsedCallback
                0x0000000008001f34       0x14 Drivers/STM32F4xx_HAL_Driver/Src/stm32f4xx_hal_tim.o
                0x0000000008001f34                HAL_TIM_OC_DelayElapsedCallback
 .text.HAL_TIM_IC_CaptureCallback
                0x0000000008001f48       0x14 Drivers/STM32F4xx_HAL_Driver/Src/stm32f4xx_hal_tim.o
                0x0000000008001f48                HAL_TIM_IC_CaptureCallback
 .text.HAL_TIM_PWM_PulseFinishedCallback
                0x0000000008001f5c       0x14 Drivers/STM32F4xx_HAL_Driver/Src/stm32f4xx_hal_tim.o
                0x0000000008001f5c                HAL_TIM_PWM_PulseFinishedCallback
 .text.HAL_TIM_TriggerCallback
                0x0000000008001f70       0x14 Drivers/STM32F4xx_HAL_Driver/Src/stm32f4xx_hal_tim.o
                0x0000000008001f70                HAL_TIM_TriggerCallback
 .text.TIM_Base_SetConfig
                0x0000000008001f84      0x140 Drivers/STM32F4xx_HAL_Driver/Src/stm32f4xx_hal_tim.o
                0x0000000008001f84                TIM_Base_SetConfig
 .text.HAL_TIMEx_CommutCallback
                0x00000000080020c4       0x14 Drivers/STM32F4xx_HAL_Driver/Src/stm32f4xx_hal_tim_ex.o
                0x00000000080020c4                HAL_TIMEx_CommutCallback
 .text.HAL_TIMEx_BreakCallback
                0x00000000080020d8       0x14 Drivers/STM32F4xx_HAL_Driver/Src/stm32f4xx_hal_tim_ex.o
                0x00000000080020d8                HAL_TIMEx_BreakCallback
 .text.vListInitialise
                0x00000000080020ec       0x40 common/ThirdParty/FreeRTOS/list.o
                0x00000000080020ec                vListInitialise
 .text.vListInitialiseItem
                0x000000000800212c       0x1a common/ThirdParty/FreeRTOS/list.o
                0x000000000800212c                vListInitialiseItem
 .text.vListInsertEnd
                0x0000000008002146       0x48 common/ThirdParty/FreeRTOS/list.o
                0x0000000008002146                vListInsertEnd
 .text.vListInsert
                0x000000000800218e       0x72 common/ThirdParty/FreeRTOS/list.o
                0x000000000800218e                vListInsert
 .text.uxListRemove
                0x0000000008002200       0x54 common/ThirdParty/FreeRTOS/list.o
                0x0000000008002200                uxListRemove
 .text.xQueueGenericReset
                0x0000000008002254       0xb6 common/ThirdParty/FreeRTOS/queue.o
                0x0000000008002254                xQueueGenericReset
 .text.xQueueGenericCreate
                0x000000000800230a       0xbe common/ThirdParty/FreeRTOS/queue.o
                0x000000000800230a                xQueueGenericCreate
 .text.prvInitialiseNewQueue
                0x00000000080023c8       0x52 common/ThirdParty/FreeRTOS/queue.o
 *fill*         0x000000000800241a        0x2 
 .text.xQueueGenericSend
                0x000000000800241c      0x21c common/ThirdParty/FreeRTOS/queue.o
                0x000000000800241c                xQueueGenericSend
 .text.xQueueGenericSendFromISR
                0x0000000008002638      0x17c common/ThirdParty/FreeRTOS/queue.o
                0x0000000008002638                xQueueGenericSendFromISR
 .text.xQueueReceive
                0x00000000080027b4      0x20c common/ThirdParty/FreeRTOS/queue.o
                0x00000000080027b4                xQueueReceive
 .text.prvCopyDataToQueue
                0x00000000080029c0       0xd4 common/ThirdParty/FreeRTOS/queue.o
 .text.prvCopyDataFromQueue
                0x0000000008002a94       0x4c common/ThirdParty/FreeRTOS/queue.o
 .text.prvUnlockQueue
                0x0000000008002ae0       0xa4 common/ThirdParty/FreeRTOS/queue.o
 .text.prvIsQueueEmpty
                0x0000000008002b84       0x2c common/ThirdParty/FreeRTOS/queue.o
 .text.prvIsQueueFull
                0x0000000008002bb0       0x30 common/ThirdParty/FreeRTOS/queue.o
 .text.vQueueAddToRegistry
                0x0000000008002be0       0x64 common/ThirdParty/FreeRTOS/queue.o
                0x0000000008002be0                vQueueAddToRegistry
 .text.vQueueWaitForMessageRestricted
                0x0000000008002c44       0x68 common/ThirdParty/FreeRTOS/queue.o
                0x0000000008002c44                vQueueWaitForMessageRestricted
 .text.xTaskCreate
                0x0000000008002cac       0x82 common/ThirdParty/FreeRTOS/tasks.o
                0x0000000008002cac                xTaskCreate
 .text.prvInitialiseNewTask
                0x0000000008002d2e      0x12c common/ThirdParty/FreeRTOS/tasks.o
 *fill*         0x0000000008002e5a        0x2 
 .text.prvAddNewTaskToReadyList
                0x0000000008002e5c       0xfc common/ThirdParty/FreeRTOS/tasks.o
 .text.vTaskStartScheduler
                0x0000000008002f58       0xc4 common/ThirdParty/FreeRTOS/tasks.o
                0x0000000008002f58                vTaskStartScheduler
 .text.vTaskSuspendAll
                0x000000000800301c       0x1c common/ThirdParty/FreeRTOS/tasks.o
                0x000000000800301c                vTaskSuspendAll
 .text.xTaskResumeAll
                0x0000000008003038      0x124 common/ThirdParty/FreeRTOS/tasks.o
                0x0000000008003038                xTaskResumeAll
 .text.xTaskGetTickCount
                0x000000000800315c       0x20 common/ThirdParty/FreeRTOS/tasks.o
                0x000000000800315c                xTaskGetTickCount
 .text.xTaskIncrementTick
                0x000000000800317c      0x134 common/ThirdParty/FreeRTOS/tasks.o
                0x000000000800317c                xTaskIncrementTick
 .text.vTaskSwitchContext
                0x00000000080032b0       0xd4 common/ThirdParty/FreeRTOS/tasks.o
                0x00000000080032b0                vTaskSwitchContext
 .text.vTaskPlaceOnEventList
                0x0000000008003384       0x48 common/ThirdParty/FreeRTOS/tasks.o
                0x0000000008003384                vTaskPlaceOnEventList
 .text.vTaskPlaceOnEventListRestricted
                0x00000000080033cc       0x5c common/ThirdParty/FreeRTOS/tasks.o
                0x00000000080033cc                vTaskPlaceOnEventListRestricted
 .text.xTaskRemoveFromEventList
                0x0000000008003428       0xcc common/ThirdParty/FreeRTOS/tasks.o
                0x0000000008003428                xTaskRemoveFromEventList
 .text.vTaskInternalSetTimeOutState
                0x00000000080034f4       0x2c common/ThirdParty/FreeRTOS/tasks.o
                0x00000000080034f4                vTaskInternalSetTimeOutState
 .text.xTaskCheckForTimeOut
                0x0000000008003520       0xcc common/ThirdParty/FreeRTOS/tasks.o
                0x0000000008003520                xTaskCheckForTimeOut
 .text.vTaskMissedYield
                0x00000000080035ec       0x18 common/ThirdParty/FreeRTOS/tasks.o
                0x00000000080035ec                vTaskMissedYield
 .text.prvIdleTask
                0x0000000008003604       0x24 common/ThirdParty/FreeRTOS/tasks.o
 .text.prvInitialiseTaskLists
                0x0000000008003628       0x80 common/ThirdParty/FreeRTOS/tasks.o
 .text.prvCheckTasksWaitingTermination
                0x00000000080036a8       0x5c common/ThirdParty/FreeRTOS/tasks.o
 .text.prvDeleteTCB
                0x0000000008003704       0x20 common/ThirdParty/FreeRTOS/tasks.o
 .text.prvResetNextTaskUnblockTime
                0x0000000008003724       0x38 common/ThirdParty/FreeRTOS/tasks.o
 .text.xTaskGetSchedulerState
                0x000000000800375c       0x3c common/ThirdParty/FreeRTOS/tasks.o
                0x000000000800375c                xTaskGetSchedulerState
 .text.xTaskPriorityDisinherit
                0x0000000008003798      0x100 common/ThirdParty/FreeRTOS/tasks.o
                0x0000000008003798                xTaskPriorityDisinherit
 .text.prvAddCurrentTaskToDelayedList
                0x0000000008003898       0xf0 common/ThirdParty/FreeRTOS/tasks.o
 .text.xTimerCreateTimerTask
                0x0000000008003988       0x64 common/ThirdParty/FreeRTOS/timers.o
                0x0000000008003988                xTimerCreateTimerTask
 .text.xTimerGenericCommand
                0x00000000080039ec       0x9c common/ThirdParty/FreeRTOS/timers.o
                0x00000000080039ec                xTimerGenericCommand
 .text.prvProcessExpiredTimer
                0x0000000008003a88       0x98 common/ThirdParty/FreeRTOS/timers.o
 .text.prvTimerTask
                0x0000000008003b20       0x24 common/ThirdParty/FreeRTOS/timers.o
 .text.prvProcessTimerOrBlockTask
                0x0000000008003b44       0x9c common/ThirdParty/FreeRTOS/timers.o
 .text.prvGetNextExpireTime
                0x0000000008003be0       0x48 common/ThirdParty/FreeRTOS/timers.o
 .text.prvSampleTimeNow
                0x0000000008003c28       0x40 common/ThirdParty/FreeRTOS/timers.o
 .text.prvInsertTimerInActiveList
                0x0000000008003c68       0x84 common/ThirdParty/FreeRTOS/timers.o
 .text.prvProcessReceivedCommands
                0x0000000008003cec      0x18c common/ThirdParty/FreeRTOS/timers.o
 .text.prvSwitchTimerLists
                0x0000000008003e78       0xc8 common/ThirdParty/FreeRTOS/timers.o
 .text.prvCheckForValidListAndQueue
                0x0000000008003f40       0x6c common/ThirdParty/FreeRTOS/timers.o
 .text.pxPortInitialiseStack
                0x0000000008003fac       0x68 common/ThirdParty/FreeRTOS/portable/GCC/ARM_CM4F/port.o
                0x0000000008003fac                pxPortInitialiseStack
 .text.prvTaskExitError
                0x0000000008004014       0x58 common/ThirdParty/FreeRTOS/portable/GCC/ARM_CM4F/port.o
 *fill*         0x000000000800406c        0x4 
 .text.SVC_Handler
                0x0000000008004070       0x28 common/ThirdParty/FreeRTOS/portable/GCC/ARM_CM4F/port.o
                0x0000000008004070                SVC_Handler
 .text.prvPortStartFirstTask
                0x0000000008004098       0x2c common/ThirdParty/FreeRTOS/portable/GCC/ARM_CM4F/port.o
 .text.xPortStartScheduler
                0x00000000080040c4      0x144 common/ThirdParty/FreeRTOS/portable/GCC/ARM_CM4F/port.o
                0x00000000080040c4                xPortStartScheduler
 .text.vInitPrioGroupValue
                0x0000000008004208       0xfc common/ThirdParty/FreeRTOS/portable/GCC/ARM_CM4F/port.o
                0x0000000008004208                vInitPrioGroupValue
 .text.vPortEnterCritical
                0x0000000008004304       0x60 common/ThirdParty/FreeRTOS/portable/GCC/ARM_CM4F/port.o
                0x0000000008004304                vPortEnterCritical
 .text.vPortExitCritical
                0x0000000008004364       0x54 common/ThirdParty/FreeRTOS/portable/GCC/ARM_CM4F/port.o
                0x0000000008004364                vPortExitCritical
 *fill*         0x00000000080043b8        0x8 
 .text.PendSV_Handler
                0x00000000080043c0       0x68 common/ThirdParty/FreeRTOS/portable/GCC/ARM_CM4F/port.o
                0x00000000080043c0                PendSV_Handler
 .text.SysTick_Handler
                0x0000000008004428       0x54 common/ThirdParty/FreeRTOS/portable/GCC/ARM_CM4F/port.o
                0x0000000008004428                SysTick_Handler
 .text.vPortSetupTimerInterrupt
                0x000000000800447c       0x48 common/ThirdParty/FreeRTOS/portable/GCC/ARM_CM4F/port.o
                0x000000000800447c                vPortSetupTimerInterrupt
 .text.vPortEnableVFP
                0x00000000080044c4       0x18 common/ThirdParty/FreeRTOS/portable/GCC/ARM_CM4F/port.o
 .text.vPortValidateInterruptPriority
                0x00000000080044dc       0x80 common/ThirdParty/FreeRTOS/portable/GCC/ARM_CM4F/port.o
                0x00000000080044dc                vPortValidateInterruptPriority
 .text.pvPortMalloc
                0x000000000800455c      0x1c0 common/ThirdParty/FreeRTOS/portable/MemMang/heap_4.o
                0x000000000800455c                pvPortMalloc
 .text.vPortFree
                0x000000000800471c       0xc4 common/ThirdParty/FreeRTOS/portable/MemMang/heap_4.o
                0x000000000800471c                vPortFree
 .text.prvHeapInit
                0x00000000080047e0       0xc4 common/ThirdParty/FreeRTOS/portable/MemMang/heap_4.o
 .text.prvInsertBlockIntoFreeList
                0x00000000080048a4       0xb4 common/ThirdParty/FreeRTOS/portable/MemMang/heap_4.o
 .text.SYSVIEW_AddTask
                0x0000000008004958       0xd0 common/ThirdParty/SEGGER/OS/SEGGER_SYSVIEW_FreeRTOS.o
                0x0000000008004958                SYSVIEW_AddTask
 .text.SYSVIEW_SendTaskInfo
                0x0000000008004a28       0x42 common/ThirdParty/SEGGER/OS/SEGGER_SYSVIEW_FreeRTOS.o
                0x0000000008004a28                SYSVIEW_SendTaskInfo
 *fill*         0x0000000008004a6a        0x2 
 .text._DoInit  0x0000000008004a6c       0xb0 common/ThirdParty/SEGGER/SEGGER/SEGGER_RTT.o
 .text.SEGGER_RTT_ReadNoLock
                0x0000000008004b1c      0x10c common/ThirdParty/SEGGER/SEGGER/SEGGER_RTT.o
                0x0000000008004b1c                SEGGER_RTT_ReadNoLock
 .text._EncodeStr
                0x0000000008004c28       0xa0 common/ThirdParty/SEGGER/SEGGER/SEGGER_SYSVIEW.o
 .text._PreparePacket
                0x0000000008004cc8       0x18 common/ThirdParty/SEGGER/SEGGER/SEGGER_SYSVIEW.o
 .text._HandleIncomingPacket
                0x0000000008004ce0       0xe4 common/ThirdParty/SEGGER/SEGGER/SEGGER_SYSVIEW.o
 .text._TrySendOverflowPacket
                0x0000000008004dc4       0xe4 common/ThirdParty/SEGGER/SEGGER/SEGGER_SYSVIEW.o
 .text._SendPacket
                0x0000000008004ea8      0x1cc common/ThirdParty/SEGGER/SEGGER/SEGGER_SYSVIEW.o
 .text._StoreChar
                0x0000000008005074       0xf6 common/ThirdParty/SEGGER/SEGGER/SEGGER_SYSVIEW.o
 *fill*         0x000000000800516a        0x2 
 .text._PrintUnsigned
                0x000000000800516c      0x12c common/ThirdParty/SEGGER/SEGGER/SEGGER_SYSVIEW.o
 .text._PrintInt
                0x0000000008005298      0x11e common/ThirdParty/SEGGER/SEGGER/SEGGER_SYSVIEW.o
 *fill*         0x00000000080053b6        0x2 
 .text._VPrintTarget
                0x00000000080053b8      0x3f0 common/ThirdParty/SEGGER/SEGGER/SEGGER_SYSVIEW.o
 .text.SEGGER_SYSVIEW_RecordVoid
                0x00000000080057a8       0x3c common/ThirdParty/SEGGER/SEGGER/SEGGER_SYSVIEW.o
                0x00000000080057a8                SEGGER_SYSVIEW_RecordVoid
 .text.SEGGER_SYSVIEW_RecordU32
                0x00000000080057e4       0x78 common/ThirdParty/SEGGER/SEGGER/SEGGER_SYSVIEW.o
                0x00000000080057e4                SEGGER_SYSVIEW_RecordU32
 .text.SEGGER_SYSVIEW_RecordU32x2
                0x000000000800585c       0xb4 common/ThirdParty/SEGGER/SEGGER/SEGGER_SYSVIEW.o
                0x000000000800585c                SEGGER_SYSVIEW_RecordU32x2
 .text.SEGGER_SYSVIEW_RecordU32x3
                0x0000000008005910       0xec common/ThirdParty/SEGGER/SEGGER/SEGGER_SYSVIEW.o
                0x0000000008005910                SEGGER_SYSVIEW_RecordU32x3
 .text.SEGGER_SYSVIEW_RecordU32x4
                0x00000000080059fc      0x124 common/ThirdParty/SEGGER/SEGGER/SEGGER_SYSVIEW.o
                0x00000000080059fc                SEGGER_SYSVIEW_RecordU32x4
 .text.SEGGER_SYSVIEW_Start
                0x0000000008005b20      0x174 common/ThirdParty/SEGGER/SEGGER/SEGGER_SYSVIEW.o
                0x0000000008005b20                SEGGER_SYSVIEW_Start
 .text.SEGGER_SYSVIEW_Stop
                0x0000000008005c94       0x4c common/ThirdParty/SEGGER/SEGGER/SEGGER_SYSVIEW.o
                0x0000000008005c94                SEGGER_SYSVIEW_Stop
 .text.SEGGER_SYSVIEW_GetSysDesc
                0x0000000008005ce0      0x134 common/ThirdParty/SEGGER/SEGGER/SEGGER_SYSVIEW.o
                0x0000000008005ce0                SEGGER_SYSVIEW_GetSysDesc
 .text.SEGGER_SYSVIEW_SendTaskInfo
                0x0000000008005e14      0x1c8 common/ThirdParty/SEGGER/SEGGER/SEGGER_SYSVIEW.o
                0x0000000008005e14                SEGGER_SYSVIEW_SendTaskInfo
 .text.SEGGER_SYSVIEW_SendTaskList
                0x0000000008005fdc       0x28 common/ThirdParty/SEGGER/SEGGER/SEGGER_SYSVIEW.o
                0x0000000008005fdc                SEGGER_SYSVIEW_SendTaskList
 .text.SEGGER_SYSVIEW_RecordSystime
                0x0000000008006004       0x64 common/ThirdParty/SEGGER/SEGGER/SEGGER_SYSVIEW.o
                0x0000000008006004                SEGGER_SYSVIEW_RecordSystime
 .text.SEGGER_SYSVIEW_RecordEnterISR
                0x0000000008006068       0x84 common/ThirdParty/SEGGER/SEGGER/SEGGER_SYSVIEW.o
                0x0000000008006068                SEGGER_SYSVIEW_RecordEnterISR
 .text.SEGGER_SYSVIEW_RecordExitISR
                0x00000000080060ec       0x38 common/ThirdParty/SEGGER/SEGGER/SEGGER_SYSVIEW.o
                0x00000000080060ec                SEGGER_SYSVIEW_RecordExitISR
 .text.SEGGER_SYSVIEW_RecordExitISRToScheduler
                0x0000000008006124       0x38 common/ThirdParty/SEGGER/SEGGER/SEGGER_SYSVIEW.o
                0x0000000008006124                SEGGER_SYSVIEW_RecordExitISRToScheduler
 .text.SEGGER_SYSVIEW_OnIdle
                0x000000000800615c       0x38 common/ThirdParty/SEGGER/SEGGER/SEGGER_SYSVIEW.o
                0x000000000800615c                SEGGER_SYSVIEW_OnIdle
 .text.SEGGER_SYSVIEW_OnTaskCreate
                0x0000000008006194       0x84 common/ThirdParty/SEGGER/SEGGER/SEGGER_SYSVIEW.o
                0x0000000008006194                SEGGER_SYSVIEW_OnTaskCreate
 .text.SEGGER_SYSVIEW_OnTaskStartExec
                0x0000000008006218       0x84 common/ThirdParty/SEGGER/SEGGER/SEGGER_SYSVIEW.o
                0x0000000008006218                SEGGER_SYSVIEW_OnTaskStartExec
 .text.SEGGER_SYSVIEW_OnTaskStartReady
                0x000000000800629c       0x84 common/ThirdParty/SEGGER/SEGGER/SEGGER_SYSVIEW.o
                0x000000000800629c                SEGGER_SYSVIEW_OnTaskStartReady
 .text.SEGGER_SYSVIEW_OnTaskStopReady
                0x0000000008006320       0xc0 common/ThirdParty/SEGGER/SEGGER/SEGGER_SYSVIEW.o
                0x0000000008006320                SEGGER_SYSVIEW_OnTaskStopReady
 .text.SEGGER_SYSVIEW_ShrinkId
                0x00000000080063e0       0x20 common/ThirdParty/SEGGER/SEGGER/SEGGER_SYSVIEW.o
                0x00000000080063e0                SEGGER_SYSVIEW_ShrinkId
 .text.SEGGER_SYSVIEW_SendModule
                0x0000000008006400      0x100 common/ThirdParty/SEGGER/SEGGER/SEGGER_SYSVIEW.o
                0x0000000008006400                SEGGER_SYSVIEW_SendModule
 .text.SEGGER_SYSVIEW_SendModuleDescription
                0x0000000008006500       0x3c common/ThirdParty/SEGGER/SEGGER/SEGGER_SYSVIEW.o
                0x0000000008006500                SEGGER_SYSVIEW_SendModuleDescription
 .text.SEGGER_SYSVIEW_SendNumModules
                0x000000000800653c       0x7c common/ThirdParty/SEGGER/SEGGER/SEGGER_SYSVIEW.o
                0x000000000800653c                SEGGER_SYSVIEW_SendNumModules
 .text.SEGGER_SYSVIEW_PrintfTarget
                0x00000000080065b8       0x28 common/ThirdParty/SEGGER/SEGGER/SEGGER_SYSVIEW.o
                0x00000000080065b8                SEGGER_SYSVIEW_PrintfTarget
 .text.SEGGER_SYSVIEW_Warn
                0x00000000080065e0       0xb8 common/ThirdParty/SEGGER/SEGGER/SEGGER_SYSVIEW.o
                0x00000000080065e0                SEGGER_SYSVIEW_Warn
 .text.__libc_init_array
                0x0000000008006698       0x48 /Applications/STM32CubeIDE.app/Contents/Eclipse/plugins/com.st.stm32cube.ide.mcu.externaltools.gnu-tools-for-stm32.9-2020-q2-update.macos64_1.5.0.202011040924/tools/bin/../lib/gcc/arm-none-eabi/9.3.1/../../../../arm-none-eabi/lib/thumb/v7e-m+fp/hard/libc_nano.a(lib_a-init.o)
                0x0000000008006698                __libc_init_array
 .text.memcmp   0x00000000080066e0       0x1c /Applications/STM32CubeIDE.app/Contents/Eclipse/plugins/com.st.stm32cube.ide.mcu.externaltools.gnu-tools-for-stm32.9-2020-q2-update.macos64_1.5.0.202011040924/tools/bin/../lib/gcc/arm-none-eabi/9.3.1/../../../../arm-none-eabi/lib/thumb/v7e-m+fp/hard/libc_nano.a(lib_a-memcmp.o)
                0x00000000080066e0                memcmp
 .text.memcpy   0x00000000080066fc       0x1c /Applications/STM32CubeIDE.app/Contents/Eclipse/plugins/com.st.stm32cube.ide.mcu.externaltools.gnu-tools-for-stm32.9-2020-q2-update.macos64_1.5.0.202011040924/tools/bin/../lib/gcc/arm-none-eabi/9.3.1/../../../../arm-none-eabi/lib/thumb/v7e-m+fp/hard/libc_nano.a(lib_a-memcpy-stub.o)
                0x00000000080066fc                memcpy
 .text.memset   0x0000000008006718       0x10 /Applications/STM32CubeIDE.app/Contents/Eclipse/plugins/com.st.stm32cube.ide.mcu.externaltools.gnu-tools-for-stm32.9-2020-q2-update.macos64_1.5.0.202011040924/tools/bin/../lib/gcc/arm-none-eabi/9.3.1/../../../../arm-none-eabi/lib/thumb/v7e-m+fp/hard/libc_nano.a(lib_a-memset.o)
                0x0000000008006718                memset
 *(.glue_7)
 .glue_7        0x0000000008006728        0x0 linker stubs
 *(.glue_7t)
 .glue_7t       0x0000000008006728        0x0 linker stubs
 *(.eh_frame)
 .eh_frame      0x0000000008006728        0x0 /Applications/STM32CubeIDE.app/Contents/Eclipse/plugins/com.st.stm32cube.ide.mcu.externaltools.gnu-tools-for-stm32.9-2020-q2-update.macos64_1.5.0.202011040924/tools/bin/../lib/gcc/arm-none-eabi/9.3.1/thumb/v7e-m+fp/hard/crtbegin.o
 *(.init)
 .init          0x0000000008006728        0x4 /Applications/STM32CubeIDE.app/Contents/Eclipse/plugins/com.st.stm32cube.ide.mcu.externaltools.gnu-tools-for-stm32.9-2020-q2-update.macos64_1.5.0.202011040924/tools/bin/../lib/gcc/arm-none-eabi/9.3.1/thumb/v7e-m+fp/hard/crti.o
                0x0000000008006728                _init
 .init          0x000000000800672c        0x8 /Applications/STM32CubeIDE.app/Contents/Eclipse/plugins/com.st.stm32cube.ide.mcu.externaltools.gnu-tools-for-stm32.9-2020-q2-update.macos64_1.5.0.202011040924/tools/bin/../lib/gcc/arm-none-eabi/9.3.1/thumb/v7e-m+fp/hard/crtn.o
 *(.fini)
 .fini          0x0000000008006734        0x4 /Applications/STM32CubeIDE.app/Contents/Eclipse/plugins/com.st.stm32cube.ide.mcu.externaltools.gnu-tools-for-stm32.9-2020-q2-update.macos64_1.5.0.202011040924/tools/bin/../lib/gcc/arm-none-eabi/9.3.1/thumb/v7e-m+fp/hard/crti.o
                0x0000000008006734                _fini
 .fini          0x0000000008006738        0x8 /Applications/STM32CubeIDE.app/Contents/Eclipse/plugins/com.st.stm32cube.ide.mcu.externaltools.gnu-tools-for-stm32.9-2020-q2-update.macos64_1.5.0.202011040924/tools/bin/../lib/gcc/arm-none-eabi/9.3.1/thumb/v7e-m+fp/hard/crtn.o
                0x0000000008006740                . = ALIGN (0x4)
                0x0000000008006740                _etext = .

.vfp11_veneer   0x0000000008006740        0x0
 .vfp11_veneer  0x0000000008006740        0x0 linker stubs

.v4_bx          0x0000000008006740        0x0
 .v4_bx         0x0000000008006740        0x0 linker stubs

.iplt           0x0000000008006740        0x0
 .iplt          0x0000000008006740        0x0 /Applications/STM32CubeIDE.app/Contents/Eclipse/plugins/com.st.stm32cube.ide.mcu.externaltools.gnu-tools-for-stm32.9-2020-q2-update.macos64_1.5.0.202011040924/tools/bin/../lib/gcc/arm-none-eabi/9.3.1/thumb/v7e-m+fp/hard/crtbegin.o

.rodata         0x0000000008006740      0x128
                0x0000000008006740                . = ALIGN (0x4)
 *(.rodata)
 .rodata        0x0000000008006740       0x69 Core/Src/main.o
 *fill*         0x00000000080067a9        0x3 
 .rodata        0x00000000080067ac        0x5 common/ThirdParty/FreeRTOS/tasks.o
 *fill*         0x00000000080067b1        0x3 
 .rodata        0x00000000080067b4        0xd common/ThirdParty/FreeRTOS/timers.o
 *fill*         0x00000000080067c1        0x3 
 .rodata        0x00000000080067c4       0x58 common/ThirdParty/SEGGER/OS/SEGGER_SYSVIEW_FreeRTOS.o
 .rodata        0x000000000800681c       0x17 common/ThirdParty/SEGGER/SEGGER/SEGGER_RTT.o
 *(.rodata*)
 *fill*         0x0000000008006833        0x1 
 .rodata.AHBPrescTable
                0x0000000008006834       0x10 Core/Src/system_stm32f4xx.o
                0x0000000008006834                AHBPrescTable
 .rodata.APBPrescTable
                0x0000000008006844        0x8 Core/Src/system_stm32f4xx.o
                0x0000000008006844                APBPrescTable
 .rodata._abSync
                0x000000000800684c        0xa common/ThirdParty/SEGGER/SEGGER/SEGGER_SYSVIEW.o
 *fill*         0x0000000008006856        0x2 
 .rodata._aV2C.7072
                0x0000000008006858       0x10 common/ThirdParty/SEGGER/SEGGER/SEGGER_SYSVIEW.o
                0x0000000008006868                . = ALIGN (0x4)

.ARM.extab      0x0000000008006868        0x0
                0x0000000008006868                . = ALIGN (0x4)
 *(.ARM.extab* .gnu.linkonce.armextab.*)
                0x0000000008006868                . = ALIGN (0x4)

.ARM            0x0000000008006868        0x8
                0x0000000008006868                . = ALIGN (0x4)
                0x0000000008006868                __exidx_start = .
 *(.ARM.exidx*)
 .ARM.exidx     0x0000000008006868        0x8 /Applications/STM32CubeIDE.app/Contents/Eclipse/plugins/com.st.stm32cube.ide.mcu.externaltools.gnu-tools-for-stm32.9-2020-q2-update.macos64_1.5.0.202011040924/tools/bin/../lib/gcc/arm-none-eabi/9.3.1/thumb/v7e-m+fp/hard/libgcc.a(_udivmoddi4.o)
                0x0000000008006870                __exidx_end = .
                0x0000000008006870                . = ALIGN (0x4)

.rel.dyn        0x0000000008006870        0x0
 .rel.iplt      0x0000000008006870        0x0 /Applications/STM32CubeIDE.app/Contents/Eclipse/plugins/com.st.stm32cube.ide.mcu.externaltools.gnu-tools-for-stm32.9-2020-q2-update.macos64_1.5.0.202011040924/tools/bin/../lib/gcc/arm-none-eabi/9.3.1/thumb/v7e-m+fp/hard/crtbegin.o

.preinit_array  0x0000000008006870        0x0
                0x0000000008006870                . = ALIGN (0x4)
                0x0000000008006870                PROVIDE (__preinit_array_start = .)
 *(.preinit_array*)
                0x0000000008006870                PROVIDE (__preinit_array_end = .)
                0x0000000008006870                . = ALIGN (0x4)

.init_array     0x0000000008006870        0x4
                0x0000000008006870                . = ALIGN (0x4)
                0x0000000008006870                PROVIDE (__init_array_start = .)
 *(SORT_BY_NAME(.init_array.*))
 *(.init_array*)
 .init_array    0x0000000008006870        0x4 /Applications/STM32CubeIDE.app/Contents/Eclipse/plugins/com.st.stm32cube.ide.mcu.externaltools.gnu-tools-for-stm32.9-2020-q2-update.macos64_1.5.0.202011040924/tools/bin/../lib/gcc/arm-none-eabi/9.3.1/thumb/v7e-m+fp/hard/crtbegin.o
                0x0000000008006874                PROVIDE (__init_array_end = .)
                0x0000000008006874                . = ALIGN (0x4)

.fini_array     0x0000000008006874        0x4
                0x0000000008006874                . = ALIGN (0x4)
                [!provide]                        PROVIDE (__fini_array_start = .)
 *(SORT_BY_NAME(.fini_array.*))
 *(.fini_array*)
 .fini_array    0x0000000008006874        0x4 /Applications/STM32CubeIDE.app/Contents/Eclipse/plugins/com.st.stm32cube.ide.mcu.externaltools.gnu-tools-for-stm32.9-2020-q2-update.macos64_1.5.0.202011040924/tools/bin/../lib/gcc/arm-none-eabi/9.3.1/thumb/v7e-m+fp/hard/crtbegin.o
                [!provide]                        PROVIDE (__fini_array_end = .)
                0x0000000008006878                . = ALIGN (0x4)
                0x0000000008006878                _sidata = LOADADDR (.data)

.data           0x0000000020000000       0x14 load address 0x0000000008006878
                0x0000000020000000                . = ALIGN (0x4)
                0x0000000020000000                _sdata = .
 *(.data)
 *(.data*)
 .data.SystemCoreClock
                0x0000000020000000        0x4 Core/Src/system_stm32f4xx.o
                0x0000000020000000                SystemCoreClock
 .data.uwTickPrio
                0x0000000020000004        0x4 Drivers/STM32F4xx_HAL_Driver/Src/stm32f4xx_hal.o
                0x0000000020000004                uwTickPrio
 .data.uwTickFreq
                0x0000000020000008        0x1 Drivers/STM32F4xx_HAL_Driver/Src/stm32f4xx_hal.o
                0x0000000020000008                uwTickFreq
 *fill*         0x0000000020000009        0x3 
 .data.uxTopUsedPriority
                0x000000002000000c        0x4 common/ThirdParty/FreeRTOS/tasks.o
                0x000000002000000c                uxTopUsedPriority
 .data.uxCriticalNesting
                0x0000000020000010        0x4 common/ThirdParty/FreeRTOS/portable/GCC/ARM_CM4F/port.o
 *(.RamFunc)
 *(.RamFunc*)
                0x0000000020000014                . = ALIGN (0x4)
                0x0000000020000014                _edata = .

.igot.plt       0x0000000020000014        0x0 load address 0x000000000800688c
 .igot.plt      0x0000000020000014        0x0 /Applications/STM32CubeIDE.app/Contents/Eclipse/plugins/com.st.stm32cube.ide.mcu.externaltools.gnu-tools-for-stm32.9-2020-q2-update.macos64_1.5.0.202011040924/tools/bin/../lib/gcc/arm-none-eabi/9.3.1/thumb/v7e-m+fp/hard/crtbegin.o
                0x0000000020000014                . = ALIGN (0x4)

.bss            0x0000000020000014    0x13480 load address 0x000000000800688c
                0x0000000020000014                _sbss = .
                0x0000000020000014                __bss_start__ = _sbss
 *(.bss)
 .bss           0x0000000020000014       0x1c /Applications/STM32CubeIDE.app/Contents/Eclipse/plugins/com.st.stm32cube.ide.mcu.externaltools.gnu-tools-for-stm32.9-2020-q2-update.macos64_1.5.0.202011040924/tools/bin/../lib/gcc/arm-none-eabi/9.3.1/thumb/v7e-m+fp/hard/crtbegin.o
 *(.bss*)
 .bss.pxCurrentTCB
                0x0000000020000030        0x4 common/ThirdParty/FreeRTOS/tasks.o
                0x0000000020000030                pxCurrentTCB
 .bss.pxReadyTasksLists
                0x0000000020000034       0x64 common/ThirdParty/FreeRTOS/tasks.o
 .bss.xDelayedTaskList1
                0x0000000020000098       0x14 common/ThirdParty/FreeRTOS/tasks.o
 .bss.xDelayedTaskList2
                0x00000000200000ac       0x14 common/ThirdParty/FreeRTOS/tasks.o
 .bss.pxDelayedTaskList
                0x00000000200000c0        0x4 common/ThirdParty/FreeRTOS/tasks.o
 .bss.pxOverflowDelayedTaskList
                0x00000000200000c4        0x4 common/ThirdParty/FreeRTOS/tasks.o
 .bss.xPendingReadyList
                0x00000000200000c8       0x14 common/ThirdParty/FreeRTOS/tasks.o
 .bss.xTasksWaitingTermination
                0x00000000200000dc       0x14 common/ThirdParty/FreeRTOS/tasks.o
 .bss.uxDeletedTasksWaitingCleanUp
                0x00000000200000f0        0x4 common/ThirdParty/FreeRTOS/tasks.o
 .bss.xSuspendedTaskList
                0x00000000200000f4       0x14 common/ThirdParty/FreeRTOS/tasks.o
 .bss.uxCurrentNumberOfTasks
                0x0000000020000108        0x4 common/ThirdParty/FreeRTOS/tasks.o
 .bss.xTickCount
                0x000000002000010c        0x4 common/ThirdParty/FreeRTOS/tasks.o
 .bss.uxTopReadyPriority
                0x0000000020000110        0x4 common/ThirdParty/FreeRTOS/tasks.o
 .bss.xSchedulerRunning
                0x0000000020000114        0x4 common/ThirdParty/FreeRTOS/tasks.o
 .bss.xPendedTicks
                0x0000000020000118        0x4 common/ThirdParty/FreeRTOS/tasks.o
 .bss.xYieldPending
                0x000000002000011c        0x4 common/ThirdParty/FreeRTOS/tasks.o
 .bss.xNumOfOverflows
                0x0000000020000120        0x4 common/ThirdParty/FreeRTOS/tasks.o
 .bss.uxTaskNumber
                0x0000000020000124        0x4 common/ThirdParty/FreeRTOS/tasks.o
 .bss.xNextTaskUnblockTime
                0x0000000020000128        0x4 common/ThirdParty/FreeRTOS/tasks.o
 .bss.xIdleTaskHandle
                0x000000002000012c        0x4 common/ThirdParty/FreeRTOS/tasks.o
 .bss.uxSchedulerSuspended
                0x0000000020000130        0x4 common/ThirdParty/FreeRTOS/tasks.o
 .bss.xActiveTimerList1
                0x0000000020000134       0x14 common/ThirdParty/FreeRTOS/timers.o
 .bss.xActiveTimerList2
                0x0000000020000148       0x14 common/ThirdParty/FreeRTOS/timers.o
 .bss.pxCurrentTimerList
                0x000000002000015c        0x4 common/ThirdParty/FreeRTOS/timers.o
 .bss.pxOverflowTimerList
                0x0000000020000160        0x4 common/ThirdParty/FreeRTOS/timers.o
 .bss.xTimerQueue
                0x0000000020000164        0x4 common/ThirdParty/FreeRTOS/timers.o
 .bss.xTimerTaskHandle
                0x0000000020000168        0x4 common/ThirdParty/FreeRTOS/timers.o
 .bss.xLastTime.7306
                0x000000002000016c        0x4 common/ThirdParty/FreeRTOS/timers.o
 .bss.ucMaxSysCallPriority
                0x0000000020000170        0x1 common/ThirdParty/FreeRTOS/portable/GCC/ARM_CM4F/port.o
 *fill*         0x0000000020000171        0x3 
 .bss.ulMaxPRIGROUPValue
                0x0000000020000174        0x4 common/ThirdParty/FreeRTOS/portable/GCC/ARM_CM4F/port.o
 .bss.ucHeap    0x0000000020000178    0x12c00 common/ThirdParty/FreeRTOS/portable/MemMang/heap_4.o
 .bss.xStart    0x0000000020012d78        0x8 common/ThirdParty/FreeRTOS/portable/MemMang/heap_4.o
 .bss.pxEnd     0x0000000020012d80        0x4 common/ThirdParty/FreeRTOS/portable/MemMang/heap_4.o
 .bss.xFreeBytesRemaining
                0x0000000020012d84        0x4 common/ThirdParty/FreeRTOS/portable/MemMang/heap_4.o
 .bss.xMinimumEverFreeBytesRemaining
                0x0000000020012d88        0x4 common/ThirdParty/FreeRTOS/portable/MemMang/heap_4.o
 .bss.xNumberOfSuccessfulAllocations
                0x0000000020012d8c        0x4 common/ThirdParty/FreeRTOS/portable/MemMang/heap_4.o
 .bss.xNumberOfSuccessfulFrees
                0x0000000020012d90        0x4 common/ThirdParty/FreeRTOS/portable/MemMang/heap_4.o
 .bss.xBlockAllocatedBit
                0x0000000020012d94        0x4 common/ThirdParty/FreeRTOS/portable/MemMang/heap_4.o
 .bss._aTasks   0x0000000020012d98       0xa0 common/ThirdParty/SEGGER/OS/SEGGER_SYSVIEW_FreeRTOS.o
 .bss._NumTasks
                0x0000000020012e38        0x4 common/ThirdParty/SEGGER/OS/SEGGER_SYSVIEW_FreeRTOS.o
 .bss._acUpBuffer
                0x0000000020012e3c      0x400 common/ThirdParty/SEGGER/SEGGER/SEGGER_RTT.o
 .bss._acDownBuffer
                0x000000002001323c       0x10 common/ThirdParty/SEGGER/SEGGER/SEGGER_RTT.o
 .bss._SYSVIEW_Globals
                0x000000002001324c       0x28 common/ThirdParty/SEGGER/SEGGER/SEGGER_SYSVIEW.o
 .bss._pFirstModule
                0x0000000020013274        0x4 common/ThirdParty/SEGGER/SEGGER/SEGGER_SYSVIEW.o
 .bss._NumModules
                0x0000000020013278        0x1 common/ThirdParty/SEGGER/SEGGER/SEGGER_SYSVIEW.o
 *fill*         0x0000000020013279        0x3 
 .bss._aPacket  0x000000002001327c       0xe3 common/ThirdParty/SEGGER/SEGGER/SEGGER_SYSVIEW.o
 *(COMMON)
 *fill*         0x000000002001335f        0x1 
 COMMON         0x0000000020013360       0x48 Core/Src/stm32f4xx_hal_timebase_tim.o
                0x0000000020013360                htim6
 COMMON         0x00000000200133a8        0x4 Drivers/STM32F4xx_HAL_Driver/Src/stm32f4xx_hal.o
                0x00000000200133a8                uwTick
 COMMON         0x00000000200133ac       0x40 common/ThirdParty/FreeRTOS/queue.o
                0x00000000200133ac                xQueueRegistry
 COMMON         0x00000000200133ec       0xa8 common/ThirdParty/SEGGER/SEGGER/SEGGER_RTT.o
                0x00000000200133ec                _SEGGER_RTT
                0x0000000020013494                . = ALIGN (0x4)
                0x0000000020013494                _ebss = .
                0x0000000020013494                __bss_end__ = _ebss

._user_heap_stack
                0x0000000020013494      0x604 load address 0x000000000800688c
                0x0000000020013498                . = ALIGN (0x8)
 *fill*         0x0000000020013494        0x4 
                [!provide]                        PROVIDE (end = .)
                0x0000000020013498                PROVIDE (_end = .)
                0x0000000020013698                . = (. + _Min_Heap_Size)
 *fill*         0x0000000020013498      0x200 
                0x0000000020013a98                . = (. + _Min_Stack_Size)
 *fill*         0x0000000020013698      0x400 
                0x0000000020013a98                . = ALIGN (0x8)

/DISCARD/
 libc.a(*)
 libm.a(*)
 libgcc.a(*)

.ARM.attributes
                0x0000000000000000       0x30
 *(.ARM.attributes)
 .ARM.attributes
                0x0000000000000000       0x1e /Applications/STM32CubeIDE.app/Contents/Eclipse/plugins/com.st.stm32cube.ide.mcu.externaltools.gnu-tools-for-stm32.9-2020-q2-update.macos64_1.5.0.202011040924/tools/bin/../lib/gcc/arm-none-eabi/9.3.1/thumb/v7e-m+fp/hard/crti.o
 .ARM.attributes
                0x000000000000001e       0x34 /Applications/STM32CubeIDE.app/Contents/Eclipse/plugins/com.st.stm32cube.ide.mcu.externaltools.gnu-tools-for-stm32.9-2020-q2-update.macos64_1.5.0.202011040924/tools/bin/../lib/gcc/arm-none-eabi/9.3.1/thumb/v7e-m+fp/hard/crtbegin.o
 .ARM.attributes
                0x0000000000000052       0x34 Core/Src/main.o
 .ARM.attributes
                0x0000000000000086       0x34 Core/Src/stm32f4xx_hal_msp.o
 .ARM.attributes
                0x00000000000000ba       0x34 Core/Src/stm32f4xx_hal_timebase_tim.o
 .ARM.attributes
                0x00000000000000ee       0x34 Core/Src/stm32f4xx_it.o
 .ARM.attributes
                0x0000000000000122       0x34 Core/Src/system_stm32f4xx.o
 .ARM.attributes
                0x0000000000000156       0x21 Core/Startup/startup_stm32f407vgtx.o
 .ARM.attributes
                0x0000000000000177       0x34 Drivers/STM32F4xx_HAL_Driver/Src/stm32f4xx_hal.o
 .ARM.attributes
                0x00000000000001ab       0x34 Drivers/STM32F4xx_HAL_Driver/Src/stm32f4xx_hal_cortex.o
 .ARM.attributes
                0x00000000000001df       0x34 Drivers/STM32F4xx_HAL_Driver/Src/stm32f4xx_hal_gpio.o
 .ARM.attributes
                0x0000000000000213       0x34 Drivers/STM32F4xx_HAL_Driver/Src/stm32f4xx_hal_rcc.o
 .ARM.attributes
                0x0000000000000247       0x34 Drivers/STM32F4xx_HAL_Driver/Src/stm32f4xx_hal_tim.o
 .ARM.attributes
                0x000000000000027b       0x34 Drivers/STM32F4xx_HAL_Driver/Src/stm32f4xx_hal_tim_ex.o
 .ARM.attributes
                0x00000000000002af       0x34 common/ThirdParty/FreeRTOS/list.o
 .ARM.attributes
                0x00000000000002e3       0x34 common/ThirdParty/FreeRTOS/queue.o
 .ARM.attributes
                0x0000000000000317       0x34 common/ThirdParty/FreeRTOS/tasks.o
 .ARM.attributes
                0x000000000000034b       0x34 common/ThirdParty/FreeRTOS/timers.o
 .ARM.attributes
                0x000000000000037f       0x34 common/ThirdParty/FreeRTOS/portable/GCC/ARM_CM4F/port.o
 .ARM.attributes
                0x00000000000003b3       0x34 common/ThirdParty/FreeRTOS/portable/MemMang/heap_4.o
 .ARM.attributes
                0x00000000000003e7       0x34 common/ThirdParty/SEGGER/OS/SEGGER_SYSVIEW_FreeRTOS.o
 .ARM.attributes
                0x000000000000041b       0x34 common/ThirdParty/SEGGER/SEGGER/SEGGER_RTT.o
 .ARM.attributes
                0x000000000000044f       0x20 common/ThirdParty/SEGGER/SEGGER/SEGGER_RTT_ASM_ARMv7M.o
 .ARM.attributes
                0x000000000000046f       0x34 common/ThirdParty/SEGGER/SEGGER/SEGGER_SYSVIEW.o
 .ARM.attributes
                0x00000000000004a3       0x34 /Applications/STM32CubeIDE.app/Contents/Eclipse/plugins/com.st.stm32cube.ide.mcu.externaltools.gnu-tools-for-stm32.9-2020-q2-update.macos64_1.5.0.202011040924/tools/bin/../lib/gcc/arm-none-eabi/9.3.1/../../../../arm-none-eabi/lib/thumb/v7e-m+fp/hard/libc_nano.a(lib_a-init.o)
 .ARM.attributes
                0x00000000000004d7       0x34 /Applications/STM32CubeIDE.app/Contents/Eclipse/plugins/com.st.stm32cube.ide.mcu.externaltools.gnu-tools-for-stm32.9-2020-q2-update.macos64_1.5.0.202011040924/tools/bin/../lib/gcc/arm-none-eabi/9.3.1/../../../../arm-none-eabi/lib/thumb/v7e-m+fp/hard/libc_nano.a(lib_a-memcmp.o)
 .ARM.attributes
                0x000000000000050b       0x34 /Applications/STM32CubeIDE.app/Contents/Eclipse/plugins/com.st.stm32cube.ide.mcu.externaltools.gnu-tools-for-stm32.9-2020-q2-update.macos64_1.5.0.202011040924/tools/bin/../lib/gcc/arm-none-eabi/9.3.1/../../../../arm-none-eabi/lib/thumb/v7e-m+fp/hard/libc_nano.a(lib_a-memcpy-stub.o)
 .ARM.attributes
                0x000000000000053f       0x34 /Applications/STM32CubeIDE.app/Contents/Eclipse/plugins/com.st.stm32cube.ide.mcu.externaltools.gnu-tools-for-stm32.9-2020-q2-update.macos64_1.5.0.202011040924/tools/bin/../lib/gcc/arm-none-eabi/9.3.1/../../../../arm-none-eabi/lib/thumb/v7e-m+fp/hard/libc_nano.a(lib_a-memset.o)
 .ARM.attributes
                0x0000000000000573       0x1e /Applications/STM32CubeIDE.app/Contents/Eclipse/plugins/com.st.stm32cube.ide.mcu.externaltools.gnu-tools-for-stm32.9-2020-q2-update.macos64_1.5.0.202011040924/tools/bin/../lib/gcc/arm-none-eabi/9.3.1/thumb/v7e-m+fp/hard/libgcc.a(_aeabi_uldivmod.o)
 .ARM.attributes
                0x0000000000000591       0x34 /Applications/STM32CubeIDE.app/Contents/Eclipse/plugins/com.st.stm32cube.ide.mcu.externaltools.gnu-tools-for-stm32.9-2020-q2-update.macos64_1.5.0.202011040924/tools/bin/../lib/gcc/arm-none-eabi/9.3.1/thumb/v7e-m+fp/hard/libgcc.a(_udivmoddi4.o)
 .ARM.attributes
                0x00000000000005c5       0x1e /Applications/STM32CubeIDE.app/Contents/Eclipse/plugins/com.st.stm32cube.ide.mcu.externaltools.gnu-tools-for-stm32.9-2020-q2-update.macos64_1.5.0.202011040924/tools/bin/../lib/gcc/arm-none-eabi/9.3.1/thumb/v7e-m+fp/hard/libgcc.a(_dvmd_tls.o)
 .ARM.attributes
                0x00000000000005e3       0x1e /Applications/STM32CubeIDE.app/Contents/Eclipse/plugins/com.st.stm32cube.ide.mcu.externaltools.gnu-tools-for-stm32.9-2020-q2-update.macos64_1.5.0.202011040924/tools/bin/../lib/gcc/arm-none-eabi/9.3.1/thumb/v7e-m+fp/hard/crtn.o
OUTPUT(02_LED_tasks.elf elf32-littlearm)
LOAD linker stubs
LOAD /Applications/STM32CubeIDE.app/Contents/Eclipse/plugins/com.st.stm32cube.ide.mcu.externaltools.gnu-tools-for-stm32.9-2020-q2-update.macos64_1.5.0.202011040924/tools/bin/../lib/gcc/arm-none-eabi/9.3.1/../../../../arm-none-eabi/lib/thumb/v7e-m+fp/hard/libc.a
LOAD /Applications/STM32CubeIDE.app/Contents/Eclipse/plugins/com.st.stm32cube.ide.mcu.externaltools.gnu-tools-for-stm32.9-2020-q2-update.macos64_1.5.0.202011040924/tools/bin/../lib/gcc/arm-none-eabi/9.3.1/../../../../arm-none-eabi/lib/thumb/v7e-m+fp/hard/libm.a
LOAD /Applications/STM32CubeIDE.app/Contents/Eclipse/plugins/com.st.stm32cube.ide.mcu.externaltools.gnu-tools-for-stm32.9-2020-q2-update.macos64_1.5.0.202011040924/tools/bin/../lib/gcc/arm-none-eabi/9.3.1/thumb/v7e-m+fp/hard/libgcc.a

.debug_info     0x0000000000000000    0x18140
 .debug_info    0x0000000000000000      0xec0 Core/Src/main.o
 .debug_info    0x0000000000000ec0      0x3b3 Core/Src/stm32f4xx_hal_msp.o
 .debug_info    0x0000000000001273      0xc6c Core/Src/stm32f4xx_hal_timebase_tim.o
 .debug_info    0x0000000000001edf      0x7cb Core/Src/stm32f4xx_it.o
 .debug_info    0x00000000000026aa      0x5a4 Core/Src/system_stm32f4xx.o
 .debug_info    0x0000000000002c4e       0x22 Core/Startup/startup_stm32f407vgtx.o
 .debug_info    0x0000000000002c70      0x9b2 Drivers/STM32F4xx_HAL_Driver/Src/stm32f4xx_hal.o
 .debug_info    0x0000000000003622      0xed7 Drivers/STM32F4xx_HAL_Driver/Src/stm32f4xx_hal_cortex.o
 .debug_info    0x00000000000044f9      0x83e Drivers/STM32F4xx_HAL_Driver/Src/stm32f4xx_hal_gpio.o
 .debug_info    0x0000000000004d37      0x996 Drivers/STM32F4xx_HAL_Driver/Src/stm32f4xx_hal_rcc.o
 .debug_info    0x00000000000056cd     0x2c22 Drivers/STM32F4xx_HAL_Driver/Src/stm32f4xx_hal_tim.o
 .debug_info    0x00000000000082ef     0x15a2 Drivers/STM32F4xx_HAL_Driver/Src/stm32f4xx_hal_tim_ex.o
 .debug_info    0x0000000000009891      0xb9a common/ThirdParty/FreeRTOS/list.o
 .debug_info    0x000000000000a42b     0x1ffc common/ThirdParty/FreeRTOS/queue.o
 .debug_info    0x000000000000c427     0x2a1f common/ThirdParty/FreeRTOS/tasks.o
 .debug_info    0x000000000000ee46     0x157f common/ThirdParty/FreeRTOS/timers.o
 .debug_info    0x00000000000103c5      0x5b1 common/ThirdParty/FreeRTOS/portable/GCC/ARM_CM4F/port.o
 .debug_info    0x0000000000010976      0xda4 common/ThirdParty/FreeRTOS/portable/MemMang/heap_4.o
 .debug_info    0x000000000001171a      0xc58 common/ThirdParty/SEGGER/OS/SEGGER_SYSVIEW_FreeRTOS.o
 .debug_info    0x0000000000012372     0x1dc1 common/ThirdParty/SEGGER/SEGGER/SEGGER_RTT.o
 .debug_info    0x0000000000014133       0x26 common/ThirdParty/SEGGER/SEGGER/SEGGER_RTT_ASM_ARMv7M.o
 .debug_info    0x0000000000014159     0x3fe7 common/ThirdParty/SEGGER/SEGGER/SEGGER_SYSVIEW.o

.debug_abbrev   0x0000000000000000     0x2fec
 .debug_abbrev  0x0000000000000000      0x283 Core/Src/main.o
 .debug_abbrev  0x0000000000000283      0x11d Core/Src/stm32f4xx_hal_msp.o
 .debug_abbrev  0x00000000000003a0      0x1bf Core/Src/stm32f4xx_hal_timebase_tim.o
 .debug_abbrev  0x000000000000055f      0x176 Core/Src/stm32f4xx_it.o
 .debug_abbrev  0x00000000000006d5      0x145 Core/Src/system_stm32f4xx.o
 .debug_abbrev  0x000000000000081a       0x12 Core/Startup/startup_stm32f407vgtx.o
 .debug_abbrev  0x000000000000082c      0x1ed Drivers/STM32F4xx_HAL_Driver/Src/stm32f4xx_hal.o
 .debug_abbrev  0x0000000000000a19      0x33c Drivers/STM32F4xx_HAL_Driver/Src/stm32f4xx_hal_cortex.o
 .debug_abbrev  0x0000000000000d55      0x1f1 Drivers/STM32F4xx_HAL_Driver/Src/stm32f4xx_hal_gpio.o
 .debug_abbrev  0x0000000000000f46      0x275 Drivers/STM32F4xx_HAL_Driver/Src/stm32f4xx_hal_rcc.o
 .debug_abbrev  0x00000000000011bb      0x25e Drivers/STM32F4xx_HAL_Driver/Src/stm32f4xx_hal_tim.o
 .debug_abbrev  0x0000000000001419      0x266 Drivers/STM32F4xx_HAL_Driver/Src/stm32f4xx_hal_tim_ex.o
 .debug_abbrev  0x000000000000167f      0x1f7 common/ThirdParty/FreeRTOS/list.o
 .debug_abbrev  0x0000000000001876      0x333 common/ThirdParty/FreeRTOS/queue.o
 .debug_abbrev  0x0000000000001ba9      0x3a9 common/ThirdParty/FreeRTOS/tasks.o
 .debug_abbrev  0x0000000000001f52      0x2fd common/ThirdParty/FreeRTOS/timers.o
 .debug_abbrev  0x000000000000224f      0x231 common/ThirdParty/FreeRTOS/portable/GCC/ARM_CM4F/port.o
 .debug_abbrev  0x0000000000002480      0x2d3 common/ThirdParty/FreeRTOS/portable/MemMang/heap_4.o
 .debug_abbrev  0x0000000000002753      0x219 common/ThirdParty/SEGGER/OS/SEGGER_SYSVIEW_FreeRTOS.o
 .debug_abbrev  0x000000000000296c      0x2e1 common/ThirdParty/SEGGER/SEGGER/SEGGER_RTT.o
 .debug_abbrev  0x0000000000002c4d       0x14 common/ThirdParty/SEGGER/SEGGER/SEGGER_RTT_ASM_ARMv7M.o
 .debug_abbrev  0x0000000000002c61      0x38b common/ThirdParty/SEGGER/SEGGER/SEGGER_SYSVIEW.o

.debug_aranges  0x0000000000000000     0x12b8
 .debug_aranges
                0x0000000000000000       0x58 Core/Src/main.o
 .debug_aranges
                0x0000000000000058       0x20 Core/Src/stm32f4xx_hal_msp.o
 .debug_aranges
                0x0000000000000078       0x30 Core/Src/stm32f4xx_hal_timebase_tim.o
 .debug_aranges
                0x00000000000000a8       0x50 Core/Src/stm32f4xx_it.o
 .debug_aranges
                0x00000000000000f8       0x28 Core/Src/system_stm32f4xx.o
 .debug_aranges
                0x0000000000000120       0x28 Core/Startup/startup_stm32f407vgtx.o
 .debug_aranges
                0x0000000000000148       0xf0 Drivers/STM32F4xx_HAL_Driver/Src/stm32f4xx_hal.o
 .debug_aranges
                0x0000000000000238      0x118 Drivers/STM32F4xx_HAL_Driver/Src/stm32f4xx_hal_cortex.o
 .debug_aranges
                0x0000000000000350       0x58 Drivers/STM32F4xx_HAL_Driver/Src/stm32f4xx_hal_gpio.o
 .debug_aranges
                0x00000000000003a8       0x88 Drivers/STM32F4xx_HAL_Driver/Src/stm32f4xx_hal_rcc.o
 .debug_aranges
                0x0000000000000430      0x3d0 Drivers/STM32F4xx_HAL_Driver/Src/stm32f4xx_hal_tim.o
 .debug_aranges
                0x0000000000000800      0x168 Drivers/STM32F4xx_HAL_Driver/Src/stm32f4xx_hal_tim_ex.o
 .debug_aranges
                0x0000000000000968       0x40 common/ThirdParty/FreeRTOS/list.o
 .debug_aranges
                0x00000000000009a8      0x130 common/ThirdParty/FreeRTOS/queue.o
 .debug_aranges
                0x0000000000000ad8      0x208 common/ThirdParty/FreeRTOS/tasks.o
 .debug_aranges
                0x0000000000000ce0       0xd8 common/ThirdParty/FreeRTOS/timers.o
 .debug_aranges
                0x0000000000000db8       0x88 common/ThirdParty/FreeRTOS/portable/GCC/ARM_CM4F/port.o
 .debug_aranges
                0x0000000000000e40       0x58 common/ThirdParty/FreeRTOS/portable/MemMang/heap_4.o
 .debug_aranges
                0x0000000000000e98       0x48 common/ThirdParty/SEGGER/OS/SEGGER_SYSVIEW_FreeRTOS.o
 .debug_aranges
                0x0000000000000ee0      0x138 common/ThirdParty/SEGGER/SEGGER/SEGGER_RTT.o
 .debug_aranges
                0x0000000000001018       0x20 common/ThirdParty/SEGGER/SEGGER/SEGGER_RTT_ASM_ARMv7M.o
 .debug_aranges
                0x0000000000001038      0x280 common/ThirdParty/SEGGER/SEGGER/SEGGER_SYSVIEW.o

.debug_ranges   0x0000000000000000     0x1150
 .debug_ranges  0x0000000000000000       0x48 Core/Src/main.o
 .debug_ranges  0x0000000000000048       0x10 Core/Src/stm32f4xx_hal_msp.o
 .debug_ranges  0x0000000000000058       0x20 Core/Src/stm32f4xx_hal_timebase_tim.o
 .debug_ranges  0x0000000000000078       0x40 Core/Src/stm32f4xx_it.o
 .debug_ranges  0x00000000000000b8       0x18 Core/Src/system_stm32f4xx.o
 .debug_ranges  0x00000000000000d0       0x20 Core/Startup/startup_stm32f407vgtx.o
 .debug_ranges  0x00000000000000f0       0xe0 Drivers/STM32F4xx_HAL_Driver/Src/stm32f4xx_hal.o
 .debug_ranges  0x00000000000001d0      0x108 Drivers/STM32F4xx_HAL_Driver/Src/stm32f4xx_hal_cortex.o
 .debug_ranges  0x00000000000002d8       0x48 Drivers/STM32F4xx_HAL_Driver/Src/stm32f4xx_hal_gpio.o
 .debug_ranges  0x0000000000000320       0x78 Drivers/STM32F4xx_HAL_Driver/Src/stm32f4xx_hal_rcc.o
 .debug_ranges  0x0000000000000398      0x3c0 Drivers/STM32F4xx_HAL_Driver/Src/stm32f4xx_hal_tim.o
 .debug_ranges  0x0000000000000758      0x158 Drivers/STM32F4xx_HAL_Driver/Src/stm32f4xx_hal_tim_ex.o
 .debug_ranges  0x00000000000008b0       0x30 common/ThirdParty/FreeRTOS/list.o
 .debug_ranges  0x00000000000008e0      0x120 common/ThirdParty/FreeRTOS/queue.o
 .debug_ranges  0x0000000000000a00      0x1f8 common/ThirdParty/FreeRTOS/tasks.o
 .debug_ranges  0x0000000000000bf8       0xc8 common/ThirdParty/FreeRTOS/timers.o
 .debug_ranges  0x0000000000000cc0       0x78 common/ThirdParty/FreeRTOS/portable/GCC/ARM_CM4F/port.o
 .debug_ranges  0x0000000000000d38       0x48 common/ThirdParty/FreeRTOS/portable/MemMang/heap_4.o
 .debug_ranges  0x0000000000000d80       0x38 common/ThirdParty/SEGGER/OS/SEGGER_SYSVIEW_FreeRTOS.o
 .debug_ranges  0x0000000000000db8      0x128 common/ThirdParty/SEGGER/SEGGER/SEGGER_RTT.o
 .debug_ranges  0x0000000000000ee0      0x270 common/ThirdParty/SEGGER/SEGGER/SEGGER_SYSVIEW.o

.debug_macro    0x0000000000000000    0x22aba
 .debug_macro   0x0000000000000000      0x2a3 Core/Src/main.o
 .debug_macro   0x00000000000002a3      0xaa8 Core/Src/main.o
 .debug_macro   0x0000000000000d4b      0x295 Core/Src/main.o
 .debug_macro   0x0000000000000fe0       0x2e Core/Src/main.o
 .debug_macro   0x000000000000100e       0x2f Core/Src/main.o
 .debug_macro   0x000000000000103d       0x22 Core/Src/main.o
 .debug_macro   0x000000000000105f       0x8e Core/Src/main.o
 .debug_macro   0x00000000000010ed       0x51 Core/Src/main.o
 .debug_macro   0x000000000000113e      0x103 Core/Src/main.o
 .debug_macro   0x0000000000001241       0x6a Core/Src/main.o
 .debug_macro   0x00000000000012ab      0x1df Core/Src/main.o
 .debug_macro   0x000000000000148a       0x1c Core/Src/main.o
 .debug_macro   0x00000000000014a6       0x22 Core/Src/main.o
 .debug_macro   0x00000000000014c8       0xdf Core/Src/main.o
 .debug_macro   0x00000000000015a7     0x102d Core/Src/main.o
 .debug_macro   0x00000000000025d4      0x11f Core/Src/main.o
 .debug_macro   0x00000000000026f3    0x15e58 Core/Src/main.o
 .debug_macro   0x000000000001854b       0x6d Core/Src/main.o
 .debug_macro   0x00000000000185b8     0x3666 Core/Src/main.o
 .debug_macro   0x000000000001bc1e      0x174 Core/Src/main.o
 .debug_macro   0x000000000001bd92       0x5c Core/Src/main.o
 .debug_macro   0x000000000001bdee      0x96b Core/Src/main.o
 .debug_macro   0x000000000001c759      0x9fe Core/Src/main.o
 .debug_macro   0x000000000001d157      0x116 Core/Src/main.o
 .debug_macro   0x000000000001d26d      0x13e Core/Src/main.o
 .debug_macro   0x000000000001d3ab       0xa5 Core/Src/main.o
 .debug_macro   0x000000000001d450      0x174 Core/Src/main.o
 .debug_macro   0x000000000001d5c4      0x287 Core/Src/main.o
 .debug_macro   0x000000000001d84b       0x5f Core/Src/main.o
 .debug_macro   0x000000000001d8aa      0x236 Core/Src/main.o
 .debug_macro   0x000000000001dae0      0x12c Core/Src/main.o
 .debug_macro   0x000000000001dc0c      0x21e Core/Src/main.o
 .debug_macro   0x000000000001de2a       0x2e Core/Src/main.o
 .debug_macro   0x000000000001de58      0x11a Core/Src/main.o
 .debug_macro   0x000000000001df72       0x7e Core/Src/main.o
 .debug_macro   0x000000000001dff0       0x89 Core/Src/main.o
 .debug_macro   0x000000000001e079      0x8d1 Core/Src/main.o
 .debug_macro   0x000000000001e94a       0x47 Core/Src/main.o
 .debug_macro   0x000000000001e991      0x12d Core/Src/main.o
 .debug_macro   0x000000000001eabe      0x1a5 Core/Src/main.o
 .debug_macro   0x000000000001ec63      0x113 Core/Src/main.o
 .debug_macro   0x000000000001ed76       0x58 Core/Src/main.o
 .debug_macro   0x000000000001edce       0x46 Core/Src/main.o
 .debug_macro   0x000000000001ee14       0x64 Core/Src/main.o
 .debug_macro   0x000000000001ee78       0x49 Core/Src/main.o
 .debug_macro   0x000000000001eec1       0xc3 Core/Src/main.o
 .debug_macro   0x000000000001ef84      0x204 Core/Src/main.o
 .debug_macro   0x000000000001f188      0x450 Core/Src/main.o
 .debug_macro   0x000000000001f5d8      0x15a Core/Src/main.o
 .debug_macro   0x000000000001f732       0xea Core/Src/main.o
 .debug_macro   0x000000000001f81c       0x1c Core/Src/main.o
 .debug_macro   0x000000000001f838       0x26 Core/Src/main.o
 .debug_macro   0x000000000001f85e      0x3d0 Core/Src/main.o
 .debug_macro   0x000000000001fc2e       0xb5 Core/Src/main.o
 .debug_macro   0x000000000001fce3      0x120 Core/Src/main.o
 .debug_macro   0x000000000001fe03      0x285 Core/Src/stm32f4xx_hal_msp.o
 .debug_macro   0x0000000000020088      0x1c4 Core/Src/stm32f4xx_hal_timebase_tim.o
 .debug_macro   0x000000000002024c      0x1dd Core/Src/stm32f4xx_it.o
 .debug_macro   0x0000000000020429      0x1c4 Core/Src/system_stm32f4xx.o
 .debug_macro   0x00000000000205ed      0x224 Drivers/STM32F4xx_HAL_Driver/Src/stm32f4xx_hal.o
 .debug_macro   0x0000000000020811      0x1c4 Drivers/STM32F4xx_HAL_Driver/Src/stm32f4xx_hal_cortex.o
 .debug_macro   0x00000000000209d5      0x1ca Drivers/STM32F4xx_HAL_Driver/Src/stm32f4xx_hal_gpio.o
 .debug_macro   0x0000000000020b9f      0x1e8 Drivers/STM32F4xx_HAL_Driver/Src/stm32f4xx_hal_rcc.o
 .debug_macro   0x0000000000020d87      0x1c5 Drivers/STM32F4xx_HAL_Driver/Src/stm32f4xx_hal_tim.o
 .debug_macro   0x0000000000020f4c      0x1c4 Drivers/STM32F4xx_HAL_Driver/Src/stm32f4xx_hal_tim_ex.o
 .debug_macro   0x0000000000021110      0x1f5 common/ThirdParty/FreeRTOS/list.o
 .debug_macro   0x0000000000021305      0x27e common/ThirdParty/FreeRTOS/queue.o
 .debug_macro   0x0000000000021583       0x16 common/ThirdParty/FreeRTOS/queue.o
 .debug_macro   0x0000000000021599       0x20 common/ThirdParty/FreeRTOS/queue.o
 .debug_macro   0x00000000000215b9       0x80 common/ThirdParty/FreeRTOS/queue.o
 .debug_macro   0x0000000000021639      0x2e2 common/ThirdParty/FreeRTOS/tasks.o
 .debug_macro   0x000000000002191b       0x10 common/ThirdParty/FreeRTOS/tasks.o
 .debug_macro   0x000000000002192b      0x23e common/ThirdParty/FreeRTOS/timers.o
 .debug_macro   0x0000000000021b69       0x97 common/ThirdParty/FreeRTOS/timers.o
 .debug_macro   0x0000000000021c00      0x1f8 common/ThirdParty/FreeRTOS/portable/GCC/ARM_CM4F/port.o
 .debug_macro   0x0000000000021df8      0x210 common/ThirdParty/FreeRTOS/portable/MemMang/heap_4.o
 .debug_macro   0x0000000000022008      0x204 common/ThirdParty/SEGGER/OS/SEGGER_SYSVIEW_FreeRTOS.o
 .debug_macro   0x000000000002220c      0x1bd common/ThirdParty/SEGGER/SEGGER/SEGGER_RTT.o
 .debug_macro   0x00000000000223c9       0x34 common/ThirdParty/SEGGER/SEGGER/SEGGER_RTT.o
 .debug_macro   0x00000000000223fd      0x138 common/ThirdParty/SEGGER/SEGGER/SEGGER_RTT.o
 .debug_macro   0x0000000000022535      0x213 common/ThirdParty/SEGGER/SEGGER/SEGGER_SYSVIEW.o
 .debug_macro   0x0000000000022748      0x204 common/ThirdParty/SEGGER/SEGGER/SEGGER_SYSVIEW.o
 .debug_macro   0x000000000002294c      0x16e common/ThirdParty/SEGGER/SEGGER/SEGGER_SYSVIEW.o

.debug_line     0x0000000000000000    0x14a62
 .debug_line    0x0000000000000000      0xbfe Core/Src/main.o
 .debug_line    0x0000000000000bfe      0x9b3 Core/Src/stm32f4xx_hal_msp.o
 .debug_line    0x00000000000015b1      0x73e Core/Src/stm32f4xx_hal_timebase_tim.o
 .debug_line    0x0000000000001cef      0x77b Core/Src/stm32f4xx_it.o
 .debug_line    0x000000000000246a      0x760 Core/Src/system_stm32f4xx.o
 .debug_line    0x0000000000002bca       0x88 Core/Startup/startup_stm32f407vgtx.o
 .debug_line    0x0000000000002c52      0x9c6 Drivers/STM32F4xx_HAL_Driver/Src/stm32f4xx_hal.o
 .debug_line    0x0000000000003618      0xc75 Drivers/STM32F4xx_HAL_Driver/Src/stm32f4xx_hal_cortex.o
 .debug_line    0x000000000000428d      0xb3c Drivers/STM32F4xx_HAL_Driver/Src/stm32f4xx_hal_gpio.o
 .debug_line    0x0000000000004dc9      0xd42 Drivers/STM32F4xx_HAL_Driver/Src/stm32f4xx_hal_rcc.o
 .debug_line    0x0000000000005b0b     0x36ba Drivers/STM32F4xx_HAL_Driver/Src/stm32f4xx_hal_tim.o
 .debug_line    0x00000000000091c5     0x19c3 Drivers/STM32F4xx_HAL_Driver/Src/stm32f4xx_hal_tim_ex.o
 .debug_line    0x000000000000ab88      0x953 common/ThirdParty/FreeRTOS/list.o
 .debug_line    0x000000000000b4db     0x1808 common/ThirdParty/FreeRTOS/queue.o
 .debug_line    0x000000000000cce3     0x1f2d common/ThirdParty/FreeRTOS/tasks.o
 .debug_line    0x000000000000ec10      0xeaf common/ThirdParty/FreeRTOS/timers.o
 .debug_line    0x000000000000fabf      0xa60 common/ThirdParty/FreeRTOS/portable/GCC/ARM_CM4F/port.o
 .debug_line    0x000000000001051f      0xb9e common/ThirdParty/FreeRTOS/portable/MemMang/heap_4.o
 .debug_line    0x00000000000110bd      0x9d0 common/ThirdParty/SEGGER/OS/SEGGER_SYSVIEW_FreeRTOS.o
 .debug_line    0x0000000000011a8d      0xf08 common/ThirdParty/SEGGER/SEGGER/SEGGER_RTT.o
 .debug_line    0x0000000000012995       0xd8 common/ThirdParty/SEGGER/SEGGER/SEGGER_RTT_ASM_ARMv7M.o
 .debug_line    0x0000000000012a6d     0x1ff5 common/ThirdParty/SEGGER/SEGGER/SEGGER_SYSVIEW.o

.debug_str      0x0000000000000000    0xd6b20
 .debug_str     0x0000000000000000    0xcaf99 Core/Src/main.o
                                      0xcb32b (size before relaxing)
 .debug_str     0x00000000000caf99       0x2c Core/Src/stm32f4xx_hal_msp.o
                                      0xc912c (size before relaxing)
 .debug_str     0x00000000000cafc5      0x57b Core/Src/stm32f4xx_hal_timebase_tim.o
                                      0xc2475 (size before relaxing)
 .debug_str     0x00000000000cb540       0xa6 Core/Src/stm32f4xx_it.o
                                      0xc24ba (size before relaxing)
 .debug_str     0x00000000000cb5e6       0xaf Core/Src/system_stm32f4xx.o
                                      0xc19e8 (size before relaxing)
 .debug_str     0x00000000000cb695       0x36 Core/Startup/startup_stm32f407vgtx.o
                                         0x7d (size before relaxing)
 .debug_str     0x00000000000cb6cb      0x542 Drivers/STM32F4xx_HAL_Driver/Src/stm32f4xx_hal.o
                                      0xc24ca (size before relaxing)
 .debug_str     0x00000000000cbc0d      0x392 Drivers/STM32F4xx_HAL_Driver/Src/stm32f4xx_hal_cortex.o
                                      0xc22b9 (size before relaxing)
 .debug_str     0x00000000000cbf9f      0x15f Drivers/STM32F4xx_HAL_Driver/Src/stm32f4xx_hal_gpio.o
                                      0xc1b8f (size before relaxing)
 .debug_str     0x00000000000cc0fe      0x24f Drivers/STM32F4xx_HAL_Driver/Src/stm32f4xx_hal_rcc.o
                                      0xc1dea (size before relaxing)
 .debug_str     0x00000000000cc34d      0xe4d Drivers/STM32F4xx_HAL_Driver/Src/stm32f4xx_hal_tim.o
                                      0xc2d17 (size before relaxing)
 .debug_str     0x00000000000cd19a      0x538 Drivers/STM32F4xx_HAL_Driver/Src/stm32f4xx_hal_tim_ex.o
                                      0xc24c8 (size before relaxing)
 .debug_str     0x00000000000cd6d2     0x33d5 common/ThirdParty/FreeRTOS/list.o
                                       0xed2b (size before relaxing)
 .debug_str     0x00000000000d0aa7     0x106a common/ThirdParty/FreeRTOS/queue.o
                                      0x10fdd (size before relaxing)
 .debug_str     0x00000000000d1b11     0x1d2a common/ThirdParty/FreeRTOS/tasks.o
                                      0x11e2d (size before relaxing)
 .debug_str     0x00000000000d383b      0x555 common/ThirdParty/FreeRTOS/timers.o
                                      0x113d3 (size before relaxing)
 .debug_str     0x00000000000d3d90      0x833 common/ThirdParty/FreeRTOS/portable/GCC/ARM_CM4F/port.o
                                       0xd3fd (size before relaxing)
 .debug_str     0x00000000000d45c3      0x35f common/ThirdParty/FreeRTOS/portable/MemMang/heap_4.o
                                      0x101a5 (size before relaxing)
 .debug_str     0x00000000000d4922      0x172 common/ThirdParty/SEGGER/OS/SEGGER_SYSVIEW_FreeRTOS.o
                                       0xff04 (size before relaxing)
 .debug_str     0x00000000000d4a94     0x1085 common/ThirdParty/SEGGER/SEGGER/SEGGER_RTT.o
                                       0x7c92 (size before relaxing)
 .debug_str     0x00000000000d5b19       0x6c common/ThirdParty/SEGGER/SEGGER/SEGGER_RTT_ASM_ARMv7M.o
                                         0xc1 (size before relaxing)
 .debug_str     0x00000000000d5b85      0xf9b common/ThirdParty/SEGGER/SEGGER/SEGGER_SYSVIEW.o
                                       0x9c49 (size before relaxing)

.comment        0x0000000000000000       0x53
 .comment       0x0000000000000000       0x53 Core/Src/main.o
                                         0x54 (size before relaxing)
 .comment       0x0000000000000053       0x54 Core/Src/stm32f4xx_hal_msp.o
 .comment       0x0000000000000053       0x54 Core/Src/stm32f4xx_hal_timebase_tim.o
 .comment       0x0000000000000053       0x54 Core/Src/stm32f4xx_it.o
 .comment       0x0000000000000053       0x54 Core/Src/system_stm32f4xx.o
 .comment       0x0000000000000053       0x54 Drivers/STM32F4xx_HAL_Driver/Src/stm32f4xx_hal.o
 .comment       0x0000000000000053       0x54 Drivers/STM32F4xx_HAL_Driver/Src/stm32f4xx_hal_cortex.o
 .comment       0x0000000000000053       0x54 Drivers/STM32F4xx_HAL_Driver/Src/stm32f4xx_hal_gpio.o
 .comment       0x0000000000000053       0x54 Drivers/STM32F4xx_HAL_Driver/Src/stm32f4xx_hal_rcc.o
 .comment       0x0000000000000053       0x54 Drivers/STM32F4xx_HAL_Driver/Src/stm32f4xx_hal_tim.o
 .comment       0x0000000000000053       0x54 Drivers/STM32F4xx_HAL_Driver/Src/stm32f4xx_hal_tim_ex.o
 .comment       0x0000000000000053       0x54 common/ThirdParty/FreeRTOS/list.o
 .comment       0x0000000000000053       0x54 common/ThirdParty/FreeRTOS/queue.o
 .comment       0x0000000000000053       0x54 common/ThirdParty/FreeRTOS/tasks.o
 .comment       0x0000000000000053       0x54 common/ThirdParty/FreeRTOS/timers.o
 .comment       0x0000000000000053       0x54 common/ThirdParty/FreeRTOS/portable/GCC/ARM_CM4F/port.o
 .comment       0x0000000000000053       0x54 common/ThirdParty/FreeRTOS/portable/MemMang/heap_4.o
 .comment       0x0000000000000053       0x54 common/ThirdParty/SEGGER/OS/SEGGER_SYSVIEW_FreeRTOS.o
 .comment       0x0000000000000053       0x54 common/ThirdParty/SEGGER/SEGGER/SEGGER_RTT.o
 .comment       0x0000000000000053       0x54 common/ThirdParty/SEGGER/SEGGER/SEGGER_SYSVIEW.o

.debug_frame    0x0000000000000000     0x4eb8
 .debug_frame   0x0000000000000000      0x120 Core/Src/main.o
 .debug_frame   0x0000000000000120       0x34 Core/Src/stm32f4xx_hal_msp.o
 .debug_frame   0x0000000000000154       0x74 Core/Src/stm32f4xx_hal_timebase_tim.o
 .debug_frame   0x00000000000001c8       0xc4 Core/Src/stm32f4xx_it.o
 .debug_frame   0x000000000000028c       0x58 Core/Src/system_stm32f4xx.o
 .debug_frame   0x00000000000002e4      0x374 Drivers/STM32F4xx_HAL_Driver/Src/stm32f4xx_hal.o
 .debug_frame   0x0000000000000658      0x498 Drivers/STM32F4xx_HAL_Driver/Src/stm32f4xx_hal_cortex.o
 .debug_frame   0x0000000000000af0      0x14c Drivers/STM32F4xx_HAL_Driver/Src/stm32f4xx_hal_gpio.o
 .debug_frame   0x0000000000000c3c      0x1f0 Drivers/STM32F4xx_HAL_Driver/Src/stm32f4xx_hal_rcc.o
 .debug_frame   0x0000000000000e2c     0x11c4 Drivers/STM32F4xx_HAL_Driver/Src/stm32f4xx_hal_tim.o
 .debug_frame   0x0000000000001ff0      0x638 Drivers/STM32F4xx_HAL_Driver/Src/stm32f4xx_hal_tim_ex.o
 .debug_frame   0x0000000000002628       0xd8 common/ThirdParty/FreeRTOS/list.o
 .debug_frame   0x0000000000002700      0x544 common/ThirdParty/FreeRTOS/queue.o
 .debug_frame   0x0000000000002c44      0x8fc common/ThirdParty/FreeRTOS/tasks.o
 .debug_frame   0x0000000000003540      0x38c common/ThirdParty/FreeRTOS/timers.o
 .debug_frame   0x00000000000038cc      0x1d0 common/ThirdParty/FreeRTOS/portable/GCC/ARM_CM4F/port.o
 .debug_frame   0x0000000000003a9c      0x12c common/ThirdParty/FreeRTOS/portable/MemMang/heap_4.o
 .debug_frame   0x0000000000003bc8       0xfc common/ThirdParty/SEGGER/OS/SEGGER_SYSVIEW_FreeRTOS.o
 .debug_frame   0x0000000000003cc4      0x530 common/ThirdParty/SEGGER/SEGGER/SEGGER_RTT.o
 .debug_frame   0x00000000000041f4      0xbc4 common/ThirdParty/SEGGER/SEGGER/SEGGER_SYSVIEW.o
 .debug_frame   0x0000000000004db8       0x2c /Applications/STM32CubeIDE.app/Contents/Eclipse/plugins/com.st.stm32cube.ide.mcu.externaltools.gnu-tools-for-stm32.9-2020-q2-update.macos64_1.5.0.202011040924/tools/bin/../lib/gcc/arm-none-eabi/9.3.1/../../../../arm-none-eabi/lib/thumb/v7e-m+fp/hard/libc_nano.a(lib_a-init.o)
 .debug_frame   0x0000000000004de4       0x2c /Applications/STM32CubeIDE.app/Contents/Eclipse/plugins/com.st.stm32cube.ide.mcu.externaltools.gnu-tools-for-stm32.9-2020-q2-update.macos64_1.5.0.202011040924/tools/bin/../lib/gcc/arm-none-eabi/9.3.1/../../../../arm-none-eabi/lib/thumb/v7e-m+fp/hard/libc_nano.a(lib_a-memcmp.o)
 .debug_frame   0x0000000000004e10       0x28 /Applications/STM32CubeIDE.app/Contents/Eclipse/plugins/com.st.stm32cube.ide.mcu.externaltools.gnu-tools-for-stm32.9-2020-q2-update.macos64_1.5.0.202011040924/tools/bin/../lib/gcc/arm-none-eabi/9.3.1/../../../../arm-none-eabi/lib/thumb/v7e-m+fp/hard/libc_nano.a(lib_a-memcpy-stub.o)
 .debug_frame   0x0000000000004e38       0x20 /Applications/STM32CubeIDE.app/Contents/Eclipse/plugins/com.st.stm32cube.ide.mcu.externaltools.gnu-tools-for-stm32.9-2020-q2-update.macos64_1.5.0.202011040924/tools/bin/../lib/gcc/arm-none-eabi/9.3.1/../../../../arm-none-eabi/lib/thumb/v7e-m+fp/hard/libc_nano.a(lib_a-memset.o)
 .debug_frame   0x0000000000004e58       0x2c /Applications/STM32CubeIDE.app/Contents/Eclipse/plugins/com.st.stm32cube.ide.mcu.externaltools.gnu-tools-for-stm32.9-2020-q2-update.macos64_1.5.0.202011040924/tools/bin/../lib/gcc/arm-none-eabi/9.3.1/thumb/v7e-m+fp/hard/libgcc.a(_aeabi_uldivmod.o)
 .debug_frame   0x0000000000004e84       0x34 /Applications/STM32CubeIDE.app/Contents/Eclipse/plugins/com.st.stm32cube.ide.mcu.externaltools.gnu-tools-for-stm32.9-2020-q2-update.macos64_1.5.0.202011040924/tools/bin/../lib/gcc/arm-none-eabi/9.3.1/thumb/v7e-m+fp/hard/libgcc.a(_udivmoddi4.o)
